<html>
<body>
<pre>
<h1>µVision Build Log</h1>
<h2>Tool Versions:</h2>
IDE-Version: ¦ÌVision V5.26.2.0
Copyright (C) 2018 ARM Ltd and ARM Germany GmbH. All rights reserved.
License Information: li lfwen, ingeek, LIC=D0DWF-6S57F-SYSVA-1CFSP-95MI1-94TP5
 
Tool Versions:
Toolchain:       MDK-ARM Plus  Version: 5.26.2.0
Toolchain Path:  C:\Keil_v5\ARM\ARMCC\Bin
C Compiler:      Armcc.exe V5.06 update 6 (build 750)
Assembler:       Armasm.exe V5.06 update 6 (build 750)
Linker/Locator:  ArmLink.exe V5.06 update 6 (build 750)
Library Manager: ArmAr.exe V5.06 update 6 (build 750)
Hex Converter:   FromElf.exe V5.06 update 6 (build 750)
CPU DLL:         
Dialog DLL:      
Target DLL:      Segger\JL2CM3.dll V2.99.31.0
Dialog DLL:      TCM.DLL V1.36.1.0
 
<h2>Project:</h2>
C:\Users\lfwen\OneDrive\shanghaijinxing\github\ble_services\nRF5_SDK_15.2.0_9412b96\examples\ble_peripheral\ble_app_hrs_sdk\pca10040\s132\arm5_no_packs\ble_app_hrs_pca10040_s132.uvprojx
Project File Date:  12/06/2018

<h2>Output:</h2>
*** Using Compiler 'V5.06 update 6 (build 750)', folder: 'C:\Keil_v5\ARM\ARMCC\Bin'
Build target 'nrf52832_xxaa'
compiling main.c...
..\..\..\main.c(343): warning:  #550-D: variable "err_code"  was set but never used
      uint32_t err_code;
..\..\..\main.c(736): warning:  #177-D: variable "outlen"  was declared but never referenced
  	unsigned int outlen;
..\..\..\main.c(737): warning:  #177-D: variable "preply_data"  was declared but never referenced
  	uint8_t *preply_data;
..\..\..\main.c(848): warning:  #177-D: variable "cmd"  was declared but never referenced
  	uint8_t cmd;
..\..\..\main.c(886): warning:  #177-D: variable "status"  was declared but never referenced
  	uint8_t status = 0;
..\..\..\main.c(1221): warning:  #177-D: variable "preply_data"  was declared but never referenced
  	uint8_t *preply_data;
..\..\..\main.c(1222): warning:  #177-D: variable "outlen"  was declared but never referenced
  	unsigned int outlen;
..\..\..\main.c(1600): warning:  #177-D: variable "length"  was declared but never referenced
                          uint16_t length = (uint16_t)index;
..\..\..\main.c(1864): warning:  #940-D: missing return statement at end of non-void function "fstorage_data_init" 
  }
..\..\..\main.c(2034): warning:  #177-D: function "storageWriteData"  was declared but never referenced
  int storageWriteData( unsigned char *inBuf, unsigned int word_count,unsigned int offset)
..\..\..\main.c(2003): warning:  #177-D: function "storageReadData"  was declared but never referenced
  static int storageReadData(uint8_t *outBuf, uint32_t word_count, uint32_t offset)
..\..\..\main.c(340): warning:  #177-D: function "ikif_random_vector_generate"  was declared but never referenced
  static int ikif_random_vector_generate(void * seed ,unsigned char * p_buff, uint32_t size)
..\..\..\main.c(1067): warning:  #177-D: function "sensor_simulator_init"  was declared but never referenced
  static void sensor_simulator_init(void)
..\..\..\main.c(1781): warning:  #177-D: function "print_flash_info"  was declared but never referenced
  static void print_flash_info(nrf_fstorage_t * p_fstorage)
..\..\..\main.c(1805): warning:  #177-D: variable "m_data_receive"  was declared but never referenced
  static uint32_t m_data_receive[30];
..\..\..\main.c: 15 warnings, 0 errors
linking...
Program Size: Code=83652 RO-data=21332 RW-data=828 ZI-data=24900  
FromELF: creating hex file...
".\_build\nrf52832_xxaa.axf" - 0 Error(s), 15 Warning(s).

<h2>Software Packages used:</h2>

Package Vendor: ARM
                http://www.keil.com/pack/ARM.CMSIS.4.5.0.pack
                ARM.CMSIS.4.5.0
                CMSIS (Cortex Microcontroller Software Interface Standard)
   * Component: CORE Version: 4.3.0

Package Vendor: NordicSemiconductor
                http://developer.nordicsemi.com/nRF5_SDK/pieces/nRF_DeviceFamilyPack/NordicSemiconductor.nRF_DeviceFamilyPack.8.17.0.pack
                NordicSemiconductor.nRF_DeviceFamilyPack.8.17.0
                Nordic Semiconductor nRF ARM devices Device Family Pack.
   * Component: Startup Version: 8.17.0

<h2>Collection of Component include folders:</h2>
  .\RTE\_nrf52832_xxaa
  C:\Keil_v5\ARM\PACK\ARM\CMSIS\4.5.0\CMSIS\Include
  C:\Keil_v5\ARM\PACK\NordicSemiconductor\nRF_DeviceFamilyPack\8.17.0\Device\Include

<h2>Collection of Component Files used:</h2>

   * Component: ARM::CMSIS:CORE:4.3.0

   * Component: NordicSemiconductor::Device:Startup:8.17.0
      Include file:  Device\Include\system_nrf52.h
      Source file:   Device\Source\arm\arm_startup_nrf52.s
      Source file:   Device\Source\system_nrf52.c
Build Time Elapsed:  00:00:11
</pre>
</body>
</html>
