Component: ARM Compiler 5.06 update 6 (build 750) Tool: armlink [4d35ed]

==============================================================================

Section Cross References

    main.o(i.Handle_active) refers to digital_key_api.o(i.ingeek_se_final) for ingeek_se_final
    main.o(i.Handle_active) refers to digital_key_api.o(i.ingeek_se_init) for ingeek_se_init
    main.o(i.Handle_active) refers to digital_key_api.o(i.ingeek_pull_info) for ingeek_pull_info
    main.o(i.Handle_active) refers to nrf_log_frontend.o(i.nrf_log_frontend_std_0) for nrf_log_frontend_std_0
    main.o(i.Handle_active) refers to nrf_log_frontend.o(log_const_data) for m_nrf_log_app_logs_data_const
    main.o(i.Handle_auth) refers to digital_key_api.o(i.ingeek_get_sec_status) for ingeek_get_sec_status
    main.o(i.Handle_auth) refers to nrf_log_frontend.o(i.nrf_log_frontend_std_1) for nrf_log_frontend_std_1
    main.o(i.Handle_auth) refers to digital_key_api.o(i.ingeek_push_auth) for ingeek_push_auth
    main.o(i.Handle_auth) refers to nrf_log_frontend.o(log_const_data) for m_nrf_log_app_logs_data_const
    main.o(i.Handle_auth) refers to main.o(.conststring) for .conststring
    main.o(i.Handle_broadcast) refers to digital_key_api.o(i.ingeek_get_sec_status) for ingeek_get_sec_status
    main.o(i.Handle_broadcast) refers to nrf_log_frontend.o(i.nrf_log_frontend_std_1) for nrf_log_frontend_std_1
    main.o(i.Handle_broadcast) refers to main.o(i.Handle_active) for Handle_active
    main.o(i.Handle_broadcast) refers to nrf_log_frontend.o(log_const_data) for m_nrf_log_app_logs_data_const
    main.o(i.Handle_cmd) refers to digital_key_api.o(i.ingeek_get_sec_status) for ingeek_get_sec_status
    main.o(i.Handle_cmd) refers to nrf_log_frontend.o(i.nrf_log_frontend_std_1) for nrf_log_frontend_std_1
    main.o(i.Handle_cmd) refers to digital_key_api.o(i.ingeek_command_input_action) for ingeek_command_input_action
    main.o(i.Handle_cmd) refers to digital_key_api.o(i.ingeek_command_output_action) for ingeek_command_output_action
    main.o(i.Handle_cmd) refers to nrf_log_frontend.o(i.nrf_log_frontend_std_0) for nrf_log_frontend_std_0
    main.o(i.Handle_cmd) refers to nrf_log_frontend.o(i.nrf_log_frontend_hexdump) for nrf_log_frontend_hexdump
    main.o(i.Handle_cmd) refers to nrf_log_frontend.o(log_const_data) for m_nrf_log_app_logs_data_const
    main.o(i.Handle_cmd) refers to main.o(.conststring) for .conststring
    main.o(i.Handle_disconnect) refers to digital_key_api.o(i.ingeek_get_sec_status) for ingeek_get_sec_status
    main.o(i.Handle_disconnect) refers to nrf_log_frontend.o(i.nrf_log_frontend_std_1) for nrf_log_frontend_std_1
    main.o(i.Handle_disconnect) refers to digital_key_api.o(i.ingeek_se_final) for ingeek_se_final
    main.o(i.Handle_disconnect) refers to digital_key_api.o(i.ingeek_se_init) for ingeek_se_init
    main.o(i.Handle_disconnect) refers to nrf_log_frontend.o(log_const_data) for m_nrf_log_app_logs_data_const
    main.o(i.Handle_disconnect) refers to main.o(.conststring) for .conststring
    main.o(i.Handle_info) refers to digital_key_api.o(i.ingeek_get_sec_status) for ingeek_get_sec_status
    main.o(i.Handle_info) refers to nrf_log_frontend.o(i.nrf_log_frontend_std_1) for nrf_log_frontend_std_1
    main.o(i.Handle_info) refers to digital_key_api.o(i.ingeek_push_info) for ingeek_push_info
    main.o(i.Handle_info) refers to nrf_log_frontend.o(i.nrf_log_frontend_std_0) for nrf_log_frontend_std_0
    main.o(i.Handle_info) refers to digital_key_api.o(i.ingeek_pull_info) for ingeek_pull_info
    main.o(i.Handle_info) refers to nrf_log_frontend.o(i.nrf_log_frontend_hexdump) for nrf_log_frontend_hexdump
    main.o(i.Handle_info) refers to nrf_log_frontend.o(log_const_data) for m_nrf_log_app_logs_data_const
    main.o(i.Handle_info) refers to main.o(.conststring) for .conststring
    main.o(i.Handle_session) refers to digital_key_api.o(i.ingeek_get_sec_status) for ingeek_get_sec_status
    main.o(i.Handle_session) refers to nrf_log_frontend.o(i.nrf_log_frontend_std_1) for nrf_log_frontend_std_1
    main.o(i.Handle_session) refers to digital_key_api.o(i.ingeek_push_session) for ingeek_push_session
    main.o(i.Handle_session) refers to nrf_log_frontend.o(i.nrf_log_frontend_std_0) for nrf_log_frontend_std_0
    main.o(i.Handle_session) refers to nrf_log_frontend.o(i.nrf_log_frontend_hexdump) for nrf_log_frontend_hexdump
    main.o(i.Handle_session) refers to nrf_log_frontend.o(log_const_data) for m_nrf_log_app_logs_data_const
    main.o(i.Handle_session) refers to main.o(.conststring) for .conststring
    main.o(i.Rand_CB1) refers to memmove.o(.text) for __aeabi_memcpy
    main.o(i.Rand_CB1) refers to main.o(.data) for .data
    main.o(i.advertising_start) refers to nrf_log_frontend.o(i.nrf_log_frontend_std_0) for nrf_log_frontend_std_0
    main.o(i.advertising_start) refers to peer_manager.o(i.pm_peers_delete) for pm_peers_delete
[...]
    0x00030b6c   0x00030b6c   0x0000003c   Code   RO         3398    i.link_secure_failure  security_dispatcher.o
    0x00030ba8   0x00030ba8   0x0000002c   Code   RO         3538    i.link_secure_pending_handle  security_manager.o
    0x00030bd4   0x00030bd4   0x000000f8   Code   RO         6428    i.list_insertions_handler  app_timer.o
    0x00030ccc   0x00030ccc   0x000000a8   Code   RO         1758    i.local_db_apply_in_evt  gatt_cache_manager.o
    0x00030d74   0x00030d74   0x00000010   Code   RO         1759    i.local_db_update   gatt_cache_manager.o
    0x00030d84   0x00030d84   0x0000010c   Code   RO         1760    i.local_db_update_in_evt  gatt_cache_manager.o
    0x00030e90   0x00030e90   0x0000009c   Code   RO         8316    i.log_skip          nrf_log_frontend.o
    0x00030f2c   0x00030f2c   0x00000268   Code   RO           23    i.main              main.o
    0x00031194   0x00031194   0x0000006c   Code   RO        10633    i.malloc            mc_w.l(malloc.o)
    0x00031200   0x00031200   0x00000064   Code   RO         1261    i.manuf_specific_data_encode  ble_advdata.o
    0x00031264   0x00031264   0x0000001a   Code   RO         9123    i.mbedtls_aes_crypt_ecb  aes.o
    0x0003127e   0x0003127e   0x00000002   PAD
    0x00031280   0x00031280   0x000003c8   Code   RO         9124    i.mbedtls_aes_decrypt  aes.o
    0x00031648   0x00031648   0x000003c8   Code   RO         9125    i.mbedtls_aes_encrypt  aes.o
    0x00031a10   0x00031a10   0x00000016   Code   RO         9126    i.mbedtls_aes_free  aes.o
    0x00031a26   0x00031a26   0x00000008   Code   RO         9127    i.mbedtls_aes_init  aes.o
    0x00031a2e   0x00031a2e   0x00000002   PAD
    0x00031a30   0x00031a30   0x0000019c   Code   RO         9129    i.mbedtls_aes_setkey_enc  aes.o
    0x00031bcc   0x00031bcc   0x0000001e   Code   RO         9199    i.mbedtls_ctr_drbg_free  ctr_drbg.o
    0x00031bea   0x00031bea   0x00000008   Code   RO         9200    i.mbedtls_ctr_drbg_init  ctr_drbg.o
    0x00031bf2   0x00031bf2   0x0000000c   Code   RO         9201    i.mbedtls_ctr_drbg_random  ctr_drbg.o
    0x00031bfe   0x00031bfe   0x000000ba   Code   RO         9202    i.mbedtls_ctr_drbg_random_with_add  ctr_drbg.o
    0x00031cb8   0x00031cb8   0x0000006a   Code   RO         9203    i.mbedtls_ctr_drbg_reseed  ctr_drbg.o
    0x00031d22   0x00031d22   0x00000010   Code   RO         9204    i.mbedtls_ctr_drbg_seed  ctr_drbg.o
    0x00031d32   0x00031d32   0x0000004c   Code   RO         9205    i.mbedtls_ctr_drbg_seed_entropy_len  ctr_drbg.o
    0x00031d7e   0x00031d7e   0x0000007e   Code   RO         7718    i.memobj_op         nrf_memobj.o
    0x00031dfc   0x00031dfc   0x00000030   Code   RO         8317    i.module_idx_get    nrf_log_frontend.o
    0x00031e2c   0x00031e2c   0x00000008   Code   RO         3345    i.mutex_lock_status_get  pm_buffer.o
    0x00031e34   0x00031e34   0x000000a6   Code   RO         1262    i.name_encode       ble_advdata.o
    0x00031eda   0x00031eda   0x00000002   PAD
    0x00031edc   0x00031edc   0x00000014   Code   RO         3539    i.new_context_get   security_manager.o
    0x00031ef0   0x00031ef0   0x00000030   Code   RO         2868    i.next_id_get       peer_id.o
    0x00031f20   0x00031f20   0x00000010   Code   RO         7133    i.nrf_atfifo_clear  nrf_atfifo.o
    0x00031f30   0x00031f30   0x00000026   Code   RO         7135    i.nrf_atfifo_init   nrf_atfifo.o
    0x00031f56   0x00031f56   0x00000016   Code   RO         7136    i.nrf_atfifo_item_alloc  nrf_atfifo.o
    0x00031f6c   0x00031f6c   0x00000016   Code   RO         7137    i.nrf_atfifo_item_free  nrf_atfifo.o
    0x00031f82   0x00031f82   0x00000016   Code   RO         7138    i.nrf_atfifo_item_get  nrf_atfifo.o
    0x00031f98   0x00031f98   0x00000016   Code   RO         7139    i.nrf_atfifo_item_put  nrf_atfifo.o
    0x00031fae   0x00031fae   0x00000016   Code   RO         7201    i.nrf_atflags_clear  nrf_atflags.o
    0x00031fc4   0x00031fc4   0x00000020   Code   RO         7203    i.nrf_atflags_fetch_set  nrf_atflags.o
    0x00031fe4   0x00031fe4   0x0000004a   Code   RO         7205    i.nrf_atflags_find_and_set_flag  nrf_atflags.o
    0x0003202e   0x0003202e   0x00000016   Code   RO         7206    i.nrf_atflags_get   nrf_atflags.o
    0x00032044   0x00032044   0x00000014   Code   RO         7208    i.nrf_atflags_set   nrf_atflags.o
    0x00032058   0x00032058   0x00000006   Code   RO         7269    i.nrf_atomic_flag_clear_fetch  nrf_atomic.o
    0x0003205e   0x0003205e   0x00000006   Code   RO         7270    i.nrf_atomic_flag_set  nrf_atomic.o
    0x00032064   0x00032064   0x00000006   Code   RO         7271    i.nrf_atomic_flag_set_fetch  nrf_atomic.o
    0x0003206a   0x0003206a   0x0000000c   Code   RO         7272    i.nrf_atomic_u32_add  nrf_atomic.o
    0x00032076   0x00032076   0x0000000c   Code   RO         7273    i.nrf_atomic_u32_and  nrf_atomic.o
    0x00032082   0x00032082   0x0000000a   Code   RO         7275    i.nrf_atomic_u32_fetch_add  nrf_atomic.o
    0x0003208c   0x0003208c   0x0000000a   Code   RO         7276    i.nrf_atomic_u32_fetch_and  nrf_atomic.o
    0x00032096   0x00032096   0x0000000a   Code   RO         7277    i.nrf_atomic_u32_fetch_or  nrf_atomic.o
    0x000320a0   0x000320a0   0x0000000a   Code   RO         7278    i.nrf_atomic_u32_fetch_store  nrf_atomic.o
    0x000320aa   0x000320aa   0x0000000c   Code   RO         7282    i.nrf_atomic_u32_or  nrf_atomic.o
    0x000320b6   0x000320b6   0x0000000c   Code   RO         7284    i.nrf_atomic_u32_sub  nrf_atomic.o
    0x000320c2   0x000320c2   0x00000044   Code   RO         7403    i.nrf_balloc_alloc  nrf_balloc.o
    0x00032106   0x00032106   0x00000030   Code   RO         7404    i.nrf_balloc_free   nrf_balloc.o
    0x00032136   0x00032136   0x00000030   Code   RO         7405    i.nrf_balloc_init   nrf_balloc.o
    0x00032166   0x00032166   0x00000010   Code   RO         5437    i.nrf_bitmask_bit_is_set  nrfx_gpiote.o
    0x00032176   0x00032176   0x00000014   Code   RO         5438    i.nrf_bitmask_bit_set  nrfx_gpiote.o
    0x0003218a   0x0003218a   0x00000022   Code   RO         2158    i.nrf_ble_gatt_init  nrf_ble_gatt.o
    0x000321ac   0x000321ac   0x00000150   Code   RO         2159    i.nrf_ble_gatt_on_ble_evt  nrf_ble_gatt.o
    0x000322fc   0x000322fc   0x00000074   Code   RO         2254    i.nrf_ble_lesc_init  nrf_ble_lesc.o
    0x00032370   0x00032370   0x00000144   Code   RO         2255    i.nrf_ble_lesc_keypair_generate  nrf_ble_lesc.o
    0x000324b4   0x000324b4   0x00000044   Code   RO         2256    i.nrf_ble_lesc_on_ble_evt  nrf_ble_lesc.o
    0x000324f8   0x000324f8   0x0000003c   Code   RO         2257    i.nrf_ble_lesc_public_key_get  nrf_ble_lesc.o
    0x00032534   0x00032534   0x0000004c   Code   RO         2258    i.nrf_ble_lesc_request_handler  nrf_ble_lesc.o
    0x00032580   0x00032580   0x00000016   Code   RO         2567    i.nrf_ble_qwr_conn_handle_assign  nrf_ble_qwr.o
    0x00032596   0x00032596   0x00000024   Code   RO         2568    i.nrf_ble_qwr_init  nrf_ble_qwr.o
    0x000325ba   0x000325ba   0x000000b6   Code   RO         2569    i.nrf_ble_qwr_on_ble_evt  nrf_ble_qwr.o
    0x00032670   0x00032670   0x0000000e   Code   RO         5299    i.nrf_clock_event_check  nrfx_clock.o
    0x0003267e   0x0003267e   0x00000010   Code   RO         5300    i.nrf_clock_event_clear  nrfx_clock.o
    0x0003268e   0x0003268e   0x00000010   Code   RO         4695    i.nrf_crypto_backend_curve25519_ecdh_compute  oberon_backend_ecdh.o
    0x0003269e   0x0003269e   0x0000003a   Code   RO         4573    i.nrf_crypto_backend_curve25519_key_pair_generate  oberon_backend_ecc.o
    0x000326d8   0x000326d8   0x00000010   Code   RO         4574    i.nrf_crypto_backend_curve25519_public_key_calculate  oberon_backend_ecc.o
    0x000326e8   0x000326e8   0x00000032   Code   RO         4575    i.nrf_crypto_backend_ed25519_key_pair_generate  oberon_backend_ecc.o
    0x0003271a   0x0003271a   0x0000001c   Code   RO         4576    i.nrf_crypto_backend_ed25519_private_key_from_raw  oberon_backend_ecc.o
    0x00032736   0x00032736   0x00000012   Code   RO         4577    i.nrf_crypto_backend_ed25519_public_key_calculate  oberon_backend_ecc.o
    0x00032748   0x00032748   0x00000010   Code   RO         4578    i.nrf_crypto_backend_oberon_ecc_secp256r1_rng  oberon_backend_ecc.o
    0x00032758   0x00032758   0x00000010   Code   RO         4579    i.nrf_crypto_backend_oberon_private_key_from_raw  oberon_backend_ecc.o
    0x00032768   0x00032768   0x00000016   Code   RO         4580    i.nrf_crypto_backend_oberon_private_key_to_raw  oberon_backend_ecc.o
    0x0003277e   0x0003277e   0x00000010   Code   RO         4581    i.nrf_crypto_backend_oberon_public_key_from_raw  oberon_backend_ecc.o
    0x0003278e   0x0003278e   0x00000016   Code   RO         4582    i.nrf_crypto_backend_oberon_public_key_to_raw  oberon_backend_ecc.o
    0x000327a4   0x000327a4   0x00000016   Code   RO         4696    i.nrf_crypto_backend_secp256r1_ecdh_compute  oberon_backend_ecdh.o
    0x000327ba   0x000327ba   0x00000026   Code   RO         4583    i.nrf_crypto_backend_secp256r1_key_pair_generate  oberon_backend_ecc.o
    0x000327e0   0x000327e0   0x00000016   Code   RO         4584    i.nrf_crypto_backend_secp256r1_public_key_calculate  oberon_backend_ecc.o
    0x000327f6   0x000327f6   0x00000048   Code   RO         3978    i.nrf_crypto_ecc_byte_order_invert  nrf_crypto_ecc.o
    0x0003283e   0x0003283e   0x00000002   PAD
    0x00032840   0x00032840   0x00000088   Code   RO         3980    i.nrf_crypto_ecc_key_pair_generate  nrf_crypto_ecc.o
    0x000328c8   0x000328c8   0x00000048   Code   RO         3986    i.nrf_crypto_ecc_public_key_from_raw  nrf_crypto_ecc.o
    0x00032910   0x00032910   0x00000044   Code   RO         3987    i.nrf_crypto_ecc_public_key_to_raw  nrf_crypto_ecc.o
    0x00032954   0x00032954   0x000000a0   Code   RO         4079    i.nrf_crypto_ecdh_compute  nrf_crypto_ecdh.o
    0x000329f4   0x000329f4   0x00000040   Code   RO         4361    i.nrf_crypto_init   nrf_crypto_init.o
    0x00032a34   0x00032a34   0x00000018   Code   RO         3988    i.nrf_crypto_internal_ecc_key_input_check  nrf_crypto_ecc.o
    0x00032a4c   0x00032a4c   0x0000001a   Code   RO         3989    i.nrf_crypto_internal_ecc_key_output_prepare  nrf_crypto_ecc.o
    0x00032a66   0x00032a66   0x00000016   Code   RO         3990    i.nrf_crypto_internal_ecc_raw_input_check  nrf_crypto_ecc.o
    0x00032a7c   0x00032a7c   0x0000001c   Code   RO         3991    i.nrf_crypto_internal_ecc_raw_output_prepare  nrf_crypto_ecc.o
    0x00032a98   0x00032a98   0x0000001c   Code   RO         4363    i.nrf_crypto_is_initializing  nrf_crypto_init.o
    0x00032ab4   0x00032ab4   0x00000034   Code   RO         4945    i.nrf_crypto_rng_backend_init  nrf_hw_backend_rng_mbedtls.o
    0x00032ae8   0x00032ae8   0x00000014   Code   RO         4946    i.nrf_crypto_rng_backend_reseed  nrf_hw_backend_rng_mbedtls.o
    0x00032afc   0x00032afc   0x00000010   Code   RO         4947    i.nrf_crypto_rng_backend_uninit  nrf_hw_backend_rng_mbedtls.o
    0x00032b0c   0x00032b0c   0x00000010   Code   RO         4948    i.nrf_crypto_rng_backend_vector_generate  nrf_hw_backend_rng_mbedtls.o
    0x00032b1c   0x00032b1c   0x000000b4   Code   RO         4409    i.nrf_crypto_rng_init  nrf_crypto_rng.o
    0x00032bd0   0x00032bd0   0x00000098   Code   RO         4410    i.nrf_crypto_rng_reseed  nrf_crypto_rng.o
    0x00032c68   0x00032c68   0x00000038   Code   RO         4411    i.nrf_crypto_rng_uninit  nrf_crypto_rng.o
    0x00032ca0   0x00032ca0   0x00000006   Code   RO         4412    i.nrf_crypto_rng_vector_generate  nrf_crypto_rng.o
    0x00032ca6   0x00032ca6   0x0000000c   Code   RO         4413    i.nrf_crypto_rng_vector_generate_in_range  nrf_crypto_rng.o
    0x00032cb2   0x00032cb2   0x00000002   PAD
    0x00032cb4   0x00032cb4   0x00000038   Code   RO         5031    i.nrf_drv_clock_init  nrf_drv_clock.o
    0x00032cec   0x00032cec   0x00000030   Code   RO         5035    i.nrf_drv_clock_lfclk_release  nrf_drv_clock.o
    0x00032d1c   0x00032d1c   0x00000028   Code   RO         5169    i.nrf_drv_rng_block_rand  nrf_drv_rng.o
    0x00032d44   0x00032d44   0x00000058   Code   RO         5171    i.nrf_drv_rng_init  nrf_drv_rng.o
    0x00032d9c   0x00032d9c   0x00000060   Code   RO         5172    i.nrf_drv_rng_rand  nrf_drv_rng.o
    0x00032dfc   0x00032dfc   0x00000038   Code   RO         5173    i.nrf_drv_rng_uninit  nrf_drv_rng.o
    0x00032e34   0x00032e34   0x00000068   Code   RO         5246    i.nrf_drv_uart_init  nrf_drv_uart.o
    0x00032e9c   0x00032e9c   0x0000001a   Code   RO         7440    i.nrf_fprintf       nrf_fprintf.o
    0x00032eb6   0x00032eb6   0x00000018   Code   RO         7441    i.nrf_fprintf_buffer_flush  nrf_fprintf.o
    0x00032ece   0x00032ece   0x000001da   Code   RO         7481    i.nrf_fprintf_fmt   nrf_fprintf_format.o
    0x000330a8   0x000330a8   0x00000138   Code   RO         7521    i.nrf_fstorage_erase  nrf_fstorage.o
    0x000331e0   0x000331e0   0x00000094   Code   RO         7522    i.nrf_fstorage_init  nrf_fstorage.o
    0x00033274   0x00033274   0x00000018   Code   RO         7610    i.nrf_fstorage_sdh_req_handler  nrf_fstorage_sd.o
    0x0003328c   0x0003328c   0x00000020   Code   RO         7611    i.nrf_fstorage_sdh_state_handler  nrf_fstorage_sd.o
    0x000332ac   0x000332ac   0x000000a4   Code   RO         7612    i.nrf_fstorage_sys_evt_handler  nrf_fstorage_sd.o
    0x00033350   0x00033350   0x000001dc   Code   RO         7528    i.nrf_fstorage_write  nrf_fstorage.o
    0x0003352c   0x0003352c   0x00000024   Code   RO          850    i.nrf_gpio_cfg      boards.o
    0x00033550   0x00033550   0x00000024   Code   RO         5439    i.nrf_gpio_cfg      nrfx_gpiote.o
    0x00033574   0x00033574   0x00000024   Code   RO         5856    i.nrf_gpio_cfg      nrfx_uart.o
    0x00033598   0x00033598   0x00000024   Code   RO         6045    i.nrf_gpio_cfg      nrfx_uarte.o
    0x000335bc   0x000335bc   0x00000012   Code   RO         5857    i.nrf_gpio_cfg_default  nrfx_uart.o
    0x000335ce   0x000335ce   0x00000012   Code   RO         6046    i.nrf_gpio_cfg_default  nrfx_uarte.o
    0x000335e0   0x000335e0   0x00000012   Code   RO         5858    i.nrf_gpio_cfg_input  nrfx_uart.o
    0x000335f2   0x000335f2   0x00000012   Code   RO         6047    i.nrf_gpio_cfg_input  nrfx_uarte.o
    0x00033604   0x00033604   0x00000014   Code   RO         5859    i.nrf_gpio_cfg_output  nrfx_uart.o
    0x00033618   0x00033618   0x00000014   Code   RO         6048    i.nrf_gpio_cfg_output  nrfx_uarte.o
    0x0003362c   0x0003362c   0x00000022   Code   RO         5441    i.nrf_gpio_cfg_sense_set  nrfx_gpiote.o
    0x0003364e   0x0003364e   0x00000016   Code   RO          851    i.nrf_gpio_pin_write  boards.o
    0x00033664   0x00033664   0x00000028   Code   RO         5442    i.nrf_gpio_ports_read  nrfx_gpiote.o
    0x0003368c   0x0003368c   0x00000014   Code   RO         5443    i.nrf_gpiote_event_clear  nrfx_gpiote.o
    0x000336a0   0x000336a0   0x00000010   Code   RO         5444    i.nrf_gpiote_event_is_set  nrfx_gpiote.o
    0x000336b0   0x000336b0   0x00000008   Code   RO         4895    i.nrf_hw_backend_init  nrf_hw_backend_init.o
    0x000336b8   0x000336b8   0x00000004   Code   RO         4896    i.nrf_hw_backend_uninit  nrf_hw_backend_init.o
    0x000336bc   0x000336bc   0x0000005c   Code   RO         8318    i.nrf_log_backend_add  nrf_log_frontend.o
    0x00033718   0x00033718   0x000000c8   Code   RO         8157    i.nrf_log_backend_serial_put  nrf_log_backend_serial.o
    0x000337e0   0x000337e0   0x00000002   Code   RO         8197    i.nrf_log_backend_uart_flush  nrf_log_backend_uart.o
    0x000337e2   0x000337e2   0x00000006   Code   RO         8198    i.nrf_log_backend_uart_init  nrf_log_backend_uart.o
    0x000337e8   0x000337e8   0x0000002c   Code   RO         8199    i.nrf_log_backend_uart_panic_set  nrf_log_backend_uart.o
    0x00033814   0x00033814   0x00000018   Code   RO         8200    i.nrf_log_backend_uart_put  nrf_log_backend_uart.o
    0x0003382c   0x0003382c   0x00000030   Code   RO         8320    i.nrf_log_color_id_get  nrf_log_frontend.o
    0x0003385c   0x0003385c   0x0000001c   Code   RO         8276    i.nrf_log_default_backends_init  nrf_log_default_backends.o
    0x00033878   0x00033878   0x00000234   Code   RO         8321    i.nrf_log_frontend_dequeue  nrf_log_frontend.o
    0x00033aac   0x00033aac   0x000000a8   Code   RO         8322    i.nrf_log_frontend_hexdump  nrf_log_frontend.o
    0x00033b54   0x00033b54   0x00000008   Code   RO         8323    i.nrf_log_frontend_std_0  nrf_log_frontend.o
    0x00033b5c   0x00033b5c   0x0000000e   Code   RO         8324    i.nrf_log_frontend_std_1  nrf_log_frontend.o
    0x00033b6a   0x00033b6a   0x00000010   Code   RO         8325    i.nrf_log_frontend_std_2  nrf_log_frontend.o
    0x00033b7a   0x00033b7a   0x00000012   Code   RO         8326    i.nrf_log_frontend_std_3  nrf_log_frontend.o
    0x00033b8c   0x00033b8c   0x00000014   Code   RO         8327    i.nrf_log_frontend_std_4  nrf_log_frontend.o
    0x00033ba0   0x00033ba0   0x0000001c   Code   RO         8328    i.nrf_log_frontend_std_5  nrf_log_frontend.o
    0x00033bbc   0x00033bbc   0x000000ac   Code   RO         8498    i.nrf_log_hexdump_entry_process  nrf_log_str_formatter.o
    0x00033c68   0x00033c68   0x0000003c   Code   RO         8330    i.nrf_log_init      nrf_log_frontend.o
    0x00033ca4   0x00033ca4   0x00000014   Code   RO         8331    i.nrf_log_module_cnt_get  nrf_log_frontend.o
    0x00033cb8   0x00033cb8   0x0000001c   Code   RO         8334    i.nrf_log_module_name_get  nrf_log_frontend.o
    0x00033cd4   0x00033cd4   0x0000002c   Code   RO         8335    i.nrf_log_panic     nrf_log_frontend.o
    0x00033d00   0x00033d00   0x000000b6   Code   RO         8499    i.nrf_log_std_entry_process  nrf_log_str_formatter.o
    0x00033db6   0x00033db6   0x00000060   Code   RO         7719    i.nrf_memobj_alloc  nrf_memobj.o
    0x00033e16   0x00033e16   0x00000032   Code   RO         7720    i.nrf_memobj_free   nrf_memobj.o
    0x00033e48   0x00033e48   0x00000008   Code   RO         7721    i.nrf_memobj_get    nrf_memobj.o
    0x00033e50   0x00033e50   0x00000004   Code   RO         7722    i.nrf_memobj_pool_init  nrf_memobj.o
    0x00033e54   0x00033e54   0x0000001e   Code   RO         7723    i.nrf_memobj_put    nrf_memobj.o
    0x00033e72   0x00033e72   0x00000010   Code   RO         7724    i.nrf_memobj_read   nrf_memobj.o
    0x00033e82   0x00033e82   0x00000010   Code   RO         7725    i.nrf_memobj_write  nrf_memobj.o
    0x00033e92   0x00033e92   0x00000002   PAD
    0x00033e94   0x00033e94   0x00000028   Code   RO         7797    i.nrf_pwr_mgmt_init  nrf_pwr_mgmt.o
    0x00033ebc   0x00033ebc   0x00000044   Code   RO         7798    i.nrf_pwr_mgmt_run  nrf_pwr_mgmt.o
    0x00033f00   0x00033f00   0x0000001e   Code   RO         7870    i.nrf_queue_is_full  nrf_queue.o
    0x00033f1e   0x00033f1e   0x0000000e   Code   RO         7873    i.nrf_queue_next_idx  nrf_queue.o
    0x00033f2c   0x00033f2c   0x000000b2   Code   RO         7875    i.nrf_queue_push    nrf_queue.o
    0x00033fde   0x00033fde   0x0000003e   Code   RO         7876    i.nrf_queue_read    nrf_queue.o
    0x0003401c   0x0003401c   0x00000022   Code   RO         7877    i.nrf_queue_reset   nrf_queue.o
    0x0003403e   0x0003403e   0x00000004   Code   RO           24    i.nrf_qwr_error_handler  main.o
    0x00034042   0x00034042   0x0000001c   Code   RO         7984    i.nrf_ringbuf_init  nrf_ringbuf.o
    0x0003405e   0x0003405e   0x00000002   PAD
    0x00034060   0x00034060   0x00000014   Code   RO         9033    i.nrf_sdh_ble_app_ram_start_get  nrf_sdh_ble.o
    0x00034074   0x00034074   0x00000134   Code   RO         9034    i.nrf_sdh_ble_default_cfg_set  nrf_sdh_ble.o
    0x000341a8   0x000341a8   0x00000130   Code   RO         9035    i.nrf_sdh_ble_enable  nrf_sdh_ble.o
    0x000342d8   0x000342d8   0x00000060   Code   RO         9036    i.nrf_sdh_ble_evts_poll  nrf_sdh_ble.o
    0x00034338   0x00034338   0x00000054   Code   RO         8914    i.nrf_sdh_disable_request  nrf_sdh.o
    0x0003438c   0x0003438c   0x00000074   Code   RO         8915    i.nrf_sdh_enable_request  nrf_sdh.o
    0x00034400   0x00034400   0x00000024   Code   RO         8916    i.nrf_sdh_evts_poll  nrf_sdh.o
    0x00034424   0x00034424   0x0000000c   Code   RO         8917    i.nrf_sdh_is_enabled  nrf_sdh.o
    0x00034430   0x00034430   0x0000001c   Code   RO         8919    i.nrf_sdh_request_continue  nrf_sdh.o
    0x0003444c   0x0003444c   0x0000003c   Code   RO         9087    i.nrf_sdh_soc_evts_poll  nrf_sdh_soc.o
    0x00034488   0x00034488   0x0000000a   Code   RO         8042    i.nrf_section_iter_init  nrf_section_iter.o
    0x00034492   0x00034492   0x00000024   Code   RO         8043    i.nrf_section_iter_item_set  nrf_section_iter.o
    0x000344b6   0x000344b6   0x00000020   Code   RO         8044    i.nrf_section_iter_next  nrf_section_iter.o
    0x000344d6   0x000344d6   0x00000002   PAD
    0x000344d8   0x000344d8   0x00000014   Code   RO         4416    i.nrf_stack_info_overflowed  nrf_crypto_rng.o
    0x000344ec   0x000344ec   0x00000038   Code   RO         8077    i.nrf_strerror_find  nrf_strerror.o
    0x00034524   0x00034524   0x00000014   Code   RO         8078    i.nrf_strerror_get  nrf_strerror.o
    0x00034538   0x00034538   0x0000000a   Code   RO         5860    i.nrf_uart_event_check  nrfx_uart.o
    0x00034542   0x00034542   0x0000000c   Code   RO         5861    i.nrf_uart_event_clear  nrfx_uart.o
    0x0003454e   0x0003454e   0x0000000c   Code   RO         5862    i.nrf_uart_int_enable_check  nrfx_uart.o
    0x0003455a   0x0003455a   0x0000000a   Code   RO         6049    i.nrf_uarte_event_check  nrfx_uarte.o
    0x00034564   0x00034564   0x0000000c   Code   RO         6050    i.nrf_uarte_event_clear  nrfx_uarte.o
    0x00034570   0x00034570   0x00000030   Code   RO         5305    i.nrfx_clock_enable  nrfx_clock.o
    0x000345a0   0x000345a0   0x00000020   Code   RO         5308    i.nrfx_clock_init   nrfx_clock.o
    0x000345c0   0x000345c0   0x0000001c   Code   RO         5311    i.nrfx_clock_lfclk_stop  nrfx_clock.o
    0x000345dc   0x000345dc   0x00000010   Code   RO         6429    i.nrfx_coredep_delay_us  app_timer.o
    0x000345ec   0x000345ec   0x000000a4   Code   RO         5449    i.nrfx_gpiote_in_event_enable  nrfx_gpiote.o
    0x00034690   0x00034690   0x000000d0   Code   RO         5450    i.nrfx_gpiote_in_init  nrfx_gpiote.o
    0x00034760   0x00034760   0x00000014   Code   RO         5451    i.nrfx_gpiote_in_is_set  nrfx_gpiote.o
    0x00034774   0x00034774   0x00000070   Code   RO         5453    i.nrfx_gpiote_init  nrfx_gpiote.o
    0x000347e4   0x000347e4   0x00000014   Code   RO         5454    i.nrfx_gpiote_is_init  nrfx_gpiote.o
    0x000347f8   0x000347f8   0x00000010   Code   RO         6051    i.nrfx_is_in_ram    nrfx_uarte.o
    0x00034808   0x00034808   0x0000003a   Code   RO         5736    i.nrfx_prs_acquire  nrfx_prs.o
    0x00034842   0x00034842   0x00000012   Code   RO         5737    i.nrfx_prs_release  nrfx_prs.o
    0x00034854   0x00034854   0x00000038   Code   RO         5174    i.nrfx_rng_handler  nrf_drv_rng.o
    0x0003488c   0x0003488c   0x0000005c   Code   RO         5790    i.nrfx_rng_init     nrfx_rng.o
    0x000348e8   0x000348e8   0x00000020   Code   RO         5791    i.nrfx_rng_start    nrfx_rng.o
    0x00034908   0x00034908   0x00000014   Code   RO         5792    i.nrfx_rng_stop     nrfx_rng.o
    0x0003491c   0x0003491c   0x00000028   Code   RO         5793    i.nrfx_rng_uninit   nrfx_rng.o
    0x00034944   0x00034944   0x00000010   Code   RO         5863    i.nrfx_uart_0_irq_handler  nrfx_uart.o
    0x00034954   0x00034954   0x000000d4   Code   RO         5865    i.nrfx_uart_init    nrfx_uart.o
    0x00034a28   0x00034a28   0x000000a4   Code   RO         5871    i.nrfx_uart_tx      nrfx_uart.o
    0x00034acc   0x00034acc   0x00000020   Code   RO         5873    i.nrfx_uart_tx_in_progress  nrfx_uart.o
    0x00034aec   0x00034aec   0x000000b4   Code   RO         5874    i.nrfx_uart_uninit  nrfx_uart.o
    0x00034ba0   0x00034ba0   0x00000010   Code   RO         6052    i.nrfx_uarte_0_irq_handler  nrfx_uarte.o
    0x00034bb0   0x00034bb0   0x0000006c   Code   RO         6054    i.nrfx_uarte_init   nrfx_uarte.o
    0x00034c1c   0x00034c1c   0x00000090   Code   RO         6058    i.nrfx_uarte_tx     nrfx_uarte.o
    0x00034cac   0x00034cac   0x0000001c   Code   RO         6060    i.nrfx_uarte_tx_in_progress  nrfx_uarte.o
    0x00034cc8   0x00034cc8   0x000000b0   Code   RO         6061    i.nrfx_uarte_uninit  nrfx_uarte.o
    0x00034d78   0x00034d78   0x00000004   Code   RO         4585    i.oberon_vector_generate  oberon_backend_ecc.o
    0x00034d7c   0x00034d7c   0x00000054   Code   RO           25    i.on_adv_evt        main.o
    0x00034dd0   0x00034dd0   0x0000001c   Code   RO           26    i.on_conn_params_evt  main.o
    0x00034dec   0x00034dec   0x000000a8   Code   RO         2160    i.on_connected_evt  nrf_ble_gatt.o
    0x00034e94   0x00034e94   0x000000fc   Code   RO         2259    i.on_dhkey_request  nrf_ble_lesc.o
    0x00034f90   0x00034f90   0x000000ac   Code   RO         2161    i.on_exchange_mtu_request_evt  nrf_ble_gatt.o
    0x0003503c   0x0003503c   0x0000002e   Code   RO         3798    i.on_hrm_cccd_write  ble_hrs.o
    0x0003506a   0x0003506a   0x00000002   PAD
    0x0003506c   0x0003506c   0x0000021c   Code   RO         3799    i.on_write          ble_hrs.o
    0x00035288   0x00035288   0x00000024   Code   RO         6712    i.page_identify     fds.o
    0x000352ac   0x000352ac   0x0000001c   Code   RO         6713    i.page_offsets_update  fds.o
    0x000352c8   0x000352c8   0x0000006c   Code   RO         6714    i.page_scan         fds.o
    0x00035334   0x00035334   0x0000001c   Code   RO         6715    i.page_tag_write_data  fds.o
    0x00035350   0x00035350   0x00000024   Code   RO         6716    i.page_tag_write_swap  fds.o
    0x00035374   0x00035374   0x0000011c   Code   RO         6717    i.pages_init        fds.o
    0x00035490   0x00035490   0x0000000c   Code   RO         3399    i.pairing           security_dispatcher.o
    0x0003549c   0x0003549c   0x00000074   Code   RO         3400    i.pairing_failure   security_dispatcher.o
    0x00035510   0x00035510   0x0000002e   Code   RO         3401    i.pairing_success_evt_send  security_dispatcher.o
    0x0003553e   0x0003553e   0x00000006   Code   RO         3540    i.params_reply_pending_handle  security_manager.o
    0x00035544   0x00035544   0x00000028   Code   RO         3541    i.params_req_send   security_manager.o
    0x0003556c   0x0003556c   0x00000094   Code   RO        10147    i.pb_check_proto3_default_value  pb_encode.o
    0x00035600   0x00035600   0x00000022   Code   RO         9944    i.pb_close_string_substream  pb_decode.o
    0x00035622   0x00035622   0x00000002   PAD
    0x00035624   0x00035624   0x0000008c   Code   RO         9945    i.pb_dec_bytes      pb_decode.o
    0x000356b0   0x000356b0   0x00000006   Code   RO         9946    i.pb_dec_fixed32    pb_decode.o
    0x000356b6   0x000356b6   0x00000006   Code   RO         9947    i.pb_dec_fixed64    pb_decode.o
    0x000356bc   0x000356bc   0x00000080   Code   RO         9948    i.pb_dec_fixed_length_bytes  pb_decode.o
    0x0003573c   0x0003573c   0x0000008c   Code   RO         9949    i.pb_dec_string     pb_decode.o
    0x000357c8   0x000357c8   0x00000078   Code   RO         9950    i.pb_dec_submessage  pb_decode.o
    0x00035840   0x00035840   0x00000098   Code   RO         9951    i.pb_dec_svarint    pb_decode.o
    0x000358d8   0x000358d8   0x00000094   Code   RO         9952    i.pb_dec_uvarint    pb_decode.o
    0x0003596c   0x0003596c   0x00000098   Code   RO         9953    i.pb_dec_varint     pb_decode.o
    0x00035a04   0x00035a04   0x0000001e   Code   RO         9954    i.pb_decode         pb_decode.o
    0x00035a22   0x00035a22   0x00000020   Code   RO         9957    i.pb_decode_fixed32  pb_decode.o
    0x00035a42   0x00035a42   0x0000005c   Code   RO         9958    i.pb_decode_fixed64  pb_decode.o
    0x00035a9e   0x00035a9e   0x00000002   PAD
    0x00035aa0   0x00035aa0   0x000001a4   Code   RO         9959    i.pb_decode_noinit  pb_decode.o
    0x00035c44   0x00035c44   0x0000003a   Code   RO         9961    i.pb_decode_svarint  pb_decode.o
    0x00035c7e   0x00035c7e   0x00000038   Code   RO         9962    i.pb_decode_tag     pb_decode.o
    0x00035cb6   0x00035cb6   0x00000002   PAD
    0x00035cb8   0x00035cb8   0x00000068   Code   RO         9963    i.pb_decode_varint  pb_decode.o
    0x00035d20   0x00035d20   0x00000006   Code   RO         9964    i.pb_decode_varint32  pb_decode.o
    0x00035d26   0x00035d26   0x00000002   PAD
    0x00035d28   0x00035d28   0x0000009c   Code   RO         9965    i.pb_decode_varint32_eof  pb_decode.o
    0x00035dc4   0x00035dc4   0x00000048   Code   RO        10148    i.pb_enc_bytes      pb_encode.o
    0x00035e0c   0x00035e0c   0x00000006   Code   RO        10149    i.pb_enc_fixed32    pb_encode.o
    0x00035e12   0x00035e12   0x00000006   Code   RO        10150    i.pb_enc_fixed64    pb_encode.o
    0x00035e18   0x00035e18   0x0000000a   Code   RO        10151    i.pb_enc_fixed_length_bytes  pb_encode.o
    0x00035e22   0x00035e22   0x00000036   Code   RO        10152    i.pb_enc_string     pb_encode.o
    0x00035e58   0x00035e58   0x00000034   Code   RO        10153    i.pb_enc_submessage  pb_encode.o
    0x00035e8c   0x00035e8c   0x00000050   Code   RO        10154    i.pb_enc_svarint    pb_encode.o
    0x00035edc   0x00035edc   0x00000054   Code   RO        10155    i.pb_enc_uvarint    pb_encode.o
    0x00035f30   0x00035f30   0x00000050   Code   RO        10156    i.pb_enc_varint     pb_encode.o
    0x00035f80   0x00035f80   0x00000070   Code   RO        10157    i.pb_encode         pb_encode.o
    0x00035ff0   0x00035ff0   0x00000024   Code   RO        10159    i.pb_encode_fixed32  pb_encode.o
    0x00036014   0x00036014   0x00000048   Code   RO        10160    i.pb_encode_fixed64  pb_encode.o
    0x0003605c   0x0003605c   0x00000022   Code   RO        10162    i.pb_encode_string  pb_encode.o
    0x0003607e   0x0003607e   0x00000002   PAD
    0x00036080   0x00036080   0x000000bc   Code   RO        10163    i.pb_encode_submessage  pb_encode.o
    0x0003613c   0x0003613c   0x00000014   Code   RO        10164    i.pb_encode_svarint  pb_encode.o
    0x00036150   0x00036150   0x0000000a   Code   RO        10165    i.pb_encode_tag     pb_encode.o
    0x0003615a   0x0003615a   0x00000002   PAD
    0x0003615c   0x0003615c   0x00000050   Code   RO        10166    i.pb_encode_tag_for_field  pb_encode.o
    0x000361ac   0x000361ac   0x0000004a   Code   RO        10167    i.pb_encode_varint  pb_encode.o
    0x000361f6   0x000361f6   0x00000020   Code   RO         9912    i.pb_field_iter_begin  pb_common.o
    0x00036216   0x00036216   0x0000002e   Code   RO         9913    i.pb_field_iter_find  pb_common.o
    0x00036244   0x00036244   0x00000078   Code   RO         9914    i.pb_field_iter_next  pb_common.o
    0x000362bc   0x000362bc   0x000000ae   Code   RO         9966    i.pb_field_set_to_default  pb_decode.o
    0x0003636a   0x0003636a   0x00000002   PAD
    0x0003636c   0x0003636c   0x00000014   Code   RO         9967    i.pb_istream_from_buffer  pb_decode.o
    0x00036380   0x00036380   0x00000058   Code   RO         9968    i.pb_make_string_substream  pb_decode.o
    0x000363d8   0x000363d8   0x00000026   Code   RO         9969    i.pb_message_set_to_defaults  pb_decode.o
    0x000363fe   0x000363fe   0x00000002   PAD
    0x00036400   0x00036400   0x00000024   Code   RO        10169    i.pb_ostream_from_buffer  pb_encode.o
    0x00036424   0x00036424   0x00000084   Code   RO         9970    i.pb_read           pb_decode.o
    0x000364a8   0x000364a8   0x0000004c   Code   RO         9971    i.pb_readbyte       pb_decode.o
    0x000364f4   0x000364f4   0x00000078   Code   RO         9972    i.pb_skip_field     pb_decode.o
    0x0003656c   0x0003656c   0x00000054   Code   RO        10170    i.pb_write          pb_encode.o
    0x000365c0   0x000365c0   0x0000001c   Code   RO         2748    i.pdb_evt_send      peer_database.o
    0x000365dc   0x000365dc   0x00000090   Code   RO         2749    i.pdb_init          peer_database.o
    0x0003666c   0x0003666c   0x0000007c   Code   RO         2750    i.pdb_pds_evt_handler  peer_database.o
    0x000366e8   0x000366e8   0x00000006   Code   RO         2751    i.pdb_peer_data_ptr_get  peer_database.o
    0x000366ee   0x000366ee   0x00000002   PAD
    0x000366f0   0x000366f0   0x0000008c   Code   RO         2752    i.pdb_peer_free     peer_database.o
    0x0003677c   0x0003677c   0x000000dc   Code   RO         2753    i.pdb_write_buf_get  peer_database.o
    0x00036858   0x00036858   0x00000014   Code   RO         2754    i.pdb_write_buf_release  peer_database.o
    0x0003686c   0x0003686c   0x00000036   Code   RO         2755    i.pdb_write_buf_store  peer_database.o
    0x000368a2   0x000368a2   0x00000002   PAD
    0x000368a4   0x000368a4   0x00000010   Code   RO         2610    i.pds_evt_send      peer_data_storage.o
    0x000368b4   0x000368b4   0x000000dc   Code   RO         2611    i.pds_init          peer_data_storage.o
    0x00036990   0x00036990   0x00000004   Code   RO         2612    i.pds_next_deleted_peer_id_get  peer_data_storage.o
    0x00036994   0x00036994   0x00000004   Code   RO         2613    i.pds_next_peer_id_get  peer_data_storage.o
    0x00036998   0x00036998   0x00000058   Code   RO         2616    i.pds_peer_data_iterate  peer_data_storage.o
    0x000369f0   0x000369f0   0x00000010   Code   RO         2617    i.pds_peer_data_iterate_prepare  peer_data_storage.o
    0x00036a00   0x00036a00   0x00000072   Code   RO         2618    i.pds_peer_data_read  peer_data_storage.o
    0x00036a72   0x00036a72   0x00000002   PAD
    0x00036a74   0x00036a74   0x000000a0   Code   RO         2619    i.pds_peer_data_store  peer_data_storage.o
    0x00036b14   0x00036b14   0x00000008   Code   RO         2620    i.pds_peer_id_allocate  peer_data_storage.o
    0x00036b1c   0x00036b1c   0x00000016   Code   RO         2621    i.pds_peer_id_free  peer_data_storage.o
    0x00036b32   0x00036b32   0x00000004   Code   RO         2622    i.pds_peer_id_is_allocated  peer_data_storage.o
    0x00036b36   0x00036b36   0x00000002   PAD
    0x00036b38   0x00036b38   0x0000009c   Code   RO         2624    i.peer_data_delete_process  peer_data_storage.o
    0x00036bd4   0x00036bd4   0x00000030   Code   RO         2625    i.peer_data_find    peer_data_storage.o
    0x00036c04   0x00036c04   0x00000024   Code   RO         2626    i.peer_data_id_is_valid  peer_data_storage.o
    0x00036c28   0x00036c28   0x0000001a   Code   RO         2756    i.peer_data_point_to_buffer  peer_database.o
    0x00036c42   0x00036c42   0x00000002   PAD
    0x00036c44   0x00036c44   0x0000000c   Code   RO         2869    i.peer_id_allocate  peer_id.o
    0x00036c50   0x00036c50   0x00000024   Code   RO         2870    i.peer_id_delete    peer_id.o
    0x00036c74   0x00036c74   0x0000001c   Code   RO         2871    i.peer_id_free      peer_id.o
    0x00036c90   0x00036c90   0x0000000c   Code   RO         2872    i.peer_id_get_next_deleted  peer_id.o
    0x00036c9c   0x00036c9c   0x00000030   Code   RO         2873    i.peer_id_get_next_used  peer_id.o
    0x00036ccc   0x00036ccc   0x0000000c   Code   RO         2874    i.peer_id_init      peer_id.o
    0x00036cd8   0x00036cd8   0x00000014   Code   RO         2875    i.peer_id_is_allocated  peer_id.o
    0x00036cec   0x00036cec   0x00000014   Code   RO         2876    i.peer_id_is_deleted  peer_id.o
    0x00036d00   0x00036d00   0x0000006c   Code   RO           27    i.peer_manager_init  main.o
    0x00036d6c   0x00036d6c   0x00000012   Code   RO         1370    i.phy_is_valid      ble_advertising.o
    0x00036d7e   0x00036d7e   0x00000002   PAD
    0x00036d80   0x00036d80   0x00000018   Code   RO         5470    i.pin_in_use_by_port  nrfx_gpiote.o
    0x00036d98   0x00036d98   0x00000018   Code   RO         5471    i.pin_in_use_by_te  nrfx_gpiote.o
    0x00036db0   0x00036db0   0x00000064   Code   RO         3346    i.pm_buffer_block_acquire  pm_buffer.o
    0x00036e14   0x00036e14   0x00000024   Code   RO         3347    i.pm_buffer_init    pm_buffer.o
    0x00036e38   0x00036e38   0x00000028   Code   RO         3348    i.pm_buffer_ptr_get  pm_buffer.o
    0x00036e60   0x00036e60   0x00000032   Code   RO         3349    i.pm_buffer_release  pm_buffer.o
    0x00036e92   0x00036e92   0x00000002   PAD
    0x00036e94   0x00036e94   0x00000078   Code   RO         2963    i.pm_conn_sec_status_get  peer_manager.o
    0x00036f0c   0x00036f0c   0x0000001c   Code   RO         2964    i.pm_conn_secure    peer_manager.o
    0x00036f28   0x00036f28   0x00000020   Code   RO           28    i.pm_evt_handler    main.o
    0x00036f48   0x00036f48   0x00000004   Code   RO         2966    i.pm_gcm_evt_handler  peer_manager.o
    0x00036f4c   0x00036f4c   0x00000210   Code   RO         3254    i.pm_handler_flash_clean  peer_manager_handler.o
    0x0003715c   0x0003715c   0x0000001c   Code   RO         3255    i.pm_handler_flash_clean_on_return  peer_manager_handler.o
    0x00037178   0x00037178   0x00000054   Code   RO         3256    i.pm_handler_on_pm_evt  peer_manager_handler.o
    0x000371cc   0x000371cc   0x000002dc   Code   RO         3257    i.pm_handler_pm_evt_log  peer_manager_handler.o
    0x000374a8   0x000374a8   0x00000004   Code   RO         2969    i.pm_im_evt_handler  peer_manager.o
    0x000374ac   0x000374ac   0x000001bc   Code   RO         2970    i.pm_init           peer_manager.o
    0x00037668   0x00037668   0x00000120   Code   RO         2974    i.pm_pdb_evt_handler  peer_manager.o
    0x00037788   0x00037788   0x00000014   Code   RO         2985    i.pm_peer_delete    peer_manager.o
    0x0003779c   0x0003779c   0x0000011c   Code   RO         2989    i.pm_peer_rank_highest  peer_manager.o
    0x000378b8   0x000378b8   0x000000ec   Code   RO         2990    i.pm_peer_ranks_get  peer_manager.o
    0x000379a4   0x000379a4   0x00000094   Code   RO         2991    i.pm_peers_delete   peer_manager.o
    0x00037a38   0x00037a38   0x0000002c   Code   RO         2994    i.pm_register       peer_manager.o
    0x00037a64   0x00037a64   0x00000014   Code   RO         2995    i.pm_sec_params_set  peer_manager.o
    0x00037a78   0x00037a78   0x0000000a   Code   RO         2996    i.pm_sm_evt_handler  peer_manager.o
    0x00037a82   0x00037a82   0x00000034   Code   RO         3748    i.pnp_id_encode     ble_dis.o
    0x00037ab6   0x00037ab6   0x00000002   PAD
    0x00037ab8   0x00037ab8   0x0000003c   Code   RO         8501    i.postfix_process   nrf_log_str_formatter.o
    0x00037af4   0x00037af4   0x00000098   Code   RO         8502    i.prefix_process    nrf_log_str_formatter.o
    0x00037b8c   0x00037b8c   0x00000018   Code   RO         5738    i.prs_box_get       nrfx_prs.o
    0x00037ba4   0x00037ba4   0x0000001c   Code   RO         6718    i.queue_buf_get     fds.o
    0x00037bc0   0x00037bc0   0x00000010   Code   RO         6719    i.queue_buf_store   fds.o
    0x00037bd0   0x00037bd0   0x00000014   Code   RO         7613    i.queue_free        nrf_fstorage_sd.o
    0x00037be4   0x00037be4   0x000000a0   Code   RO         6720    i.queue_process     fds.o
    0x00037c84   0x00037c84   0x000000a0   Code   RO         7614    i.queue_process     nrf_fstorage_sd.o
    0x00037d24   0x00037d24   0x00000066   Code   RO         7880    i.queue_read        nrf_queue.o
    0x00037d8a   0x00037d8a   0x00000002   PAD
    0x00037d8c   0x00037d8c   0x0000001c   Code   RO         6721    i.queue_start       fds.o
    0x00037da8   0x00037da8   0x00000024   Code   RO         7615    i.queue_start       nrf_fstorage_sd.o
    0x00037dcc   0x00037dcc   0x00000018   Code   RO         7881    i.queue_utilization_get  nrf_queue.o
    0x00037de4   0x00037de4   0x0000001c   Code   RO         3260    i.rank_highest      peer_manager_handler.o
    0x00037e00   0x00037e00   0x00000028   Code   RO         2999    i.rank_vars_update  peer_manager.o
    0x00037e28   0x00037e28   0x0000000e   Code   RO         7616    i.read              nrf_fstorage_sd.o
    0x00037e36   0x00037e36   0x00000002   PAD
    0x00037e38   0x00037e38   0x00000038   Code   RO           29    i.read_CB1          main.o
    0x00037e70   0x00037e70   0x00000080   Code   RO         9973    i.read_raw_value    pb_decode.o
    0x00037ef0   0x00037ef0   0x000000b0   Code   RO         2757    i.reattempt_previous_operations  peer_database.o
    0x00037fa0   0x00037fa0   0x00000088   Code   RO         6722    i.record_find       fds.o
    0x00038028   0x00038028   0x000000a0   Code   RO         6723    i.record_find_by_desc  fds.o
    0x000380c8   0x000380c8   0x0000005c   Code   RO         6724    i.record_find_next  fds.o
    0x00038124   0x00038124   0x00000038   Code   RO         6725    i.record_header_flag_dirty  fds.o
    0x0003815c   0x0003815c   0x00000010   Code   RO         2878    i.release           peer_id.o
    0x0003816c   0x0003816c   0x00000022   Code   RO         4949    i.result_get        nrf_hw_backend_rng_mbedtls.o
    0x0003818e   0x0003818e   0x00000004   Code   RO         7617    i.rmap              nrf_fstorage_sd.o
    0x00038192   0x00038192   0x00000002   PAD
    0x00038194   0x00038194   0x00000088   Code   RO           30    i.rr_interval_timeout_handler  main.o
    0x0003821c   0x0003821c   0x0000003c   Code   RO         6430    i.rtc1_stop         app_timer.o
    0x00038258   0x00038258   0x00000032   Code   RO         5875    i.rx_byte           nrfx_uart.o
    0x0003828a   0x0003828a   0x00000016   Code   RO         5876    i.rx_done_event     nrfx_uart.o
    0x000382a0   0x000382a0   0x00000018   Code   RO         6062    i.rx_done_event     nrfx_uarte.o
    0x000382b8   0x000382b8   0x00000024   Code   RO         1761    i.sc_send_pending_handle  gatt_cache_manager.o
    0x000382dc   0x000382dc   0x00000050   Code   RO         5038    i.sd_state_evt_handler  nrf_drv_clock.o
    0x0003832c   0x0003832c   0x00000050   Code   RO         5175    i.sd_state_evt_handler  nrf_drv_rng.o
    0x0003837c   0x0003837c   0x00000030   Code   RO         8922    i.sdh_request_observer_notify  nrf_sdh.o
    0x000383ac   0x000383ac   0x0000002c   Code   RO         8923    i.sdh_state_observer_notify  nrf_sdh.o
    0x000383d8   0x000383d8   0x000000b4   Code   RO         3402    i.sec_info_request_process  security_dispatcher.o
    0x0003848c   0x0003848c   0x000000f4   Code   RO         3403    i.sec_keyset_fill   security_dispatcher.o
    0x00038580   0x00038580   0x00000076   Code   RO         3542    i.sec_params_verify  security_manager.o
    0x000385f6   0x000385f6   0x00000002   PAD
    0x000385f8   0x000385f8   0x00000060   Code   RO         3404    i.sec_proc_start    security_dispatcher.o
    0x00038658   0x00038658   0x00000022   Code   RO         3405    i.send_config_req   security_dispatcher.o
    0x0003867a   0x0003867a   0x00000002   PAD
    0x0003867c   0x0003867c   0x00000010   Code   RO         1459    i.send_error_evt    ble_conn_params.o
    0x0003868c   0x0003868c   0x00000028   Code   RO         1762    i.send_unexpected_error  gatt_cache_manager.o
    0x000386b4   0x000386b4   0x00000028   Code   RO         3406    i.send_unexpected_error  security_dispatcher.o
    0x000386dc   0x000386dc   0x00000018   Code   RO           31    i.sensor_contact_detected_timeout_handler  main.o
    0x000386f4   0x000386f4   0x00000060   Code   RO           32    i.sensor_simulator_init  main.o
    0x00038754   0x00038754   0x0000001c   Code   RO         8107    i.sensorsim_decrement  sensorsim.o
    0x00038770   0x00038770   0x0000001c   Code   RO         8108    i.sensorsim_increment  sensorsim.o
    0x0003878c   0x0003878c   0x00000016   Code   RO         8109    i.sensorsim_init    sensorsim.o
    0x000387a2   0x000387a2   0x0000001a   Code   RO         8110    i.sensorsim_measure  sensorsim.o
    0x000387bc   0x000387bc   0x00000040   Code   RO         8201    i.serial_tx         nrf_log_backend_uart.o
    0x000387fc   0x000387fc   0x00000014   Code   RO         1763    i.service_changed_pending_flags_check  gatt_cache_manager.o
    0x00038810   0x00038810   0x00000044   Code   RO         1909    i.service_changed_pending_set  gatts_cache_manager.o
    0x00038854   0x00038854   0x000000f4   Code   RO         1764    i.service_changed_send_in_evt  gatt_cache_manager.o
    0x00038948   0x00038948   0x00000088   Code   RO         1263    i.service_data_encode  ble_advdata.o
    0x000389d0   0x000389d0   0x000000bc   Code   RO           33    i.services_init     main.o
    0x00038a8c   0x00038a8c   0x00000030   Code   RO         1691    i.set_security_req  ble_srv_common.o
    0x00038abc   0x00038abc   0x00000016   Code   RO         9771    i.sha224_ctx_alloc  md_wrap.o
    0x00038ad2   0x00038ad2   0x00000012   Code   RO         9772    i.sha224_ctx_free   md_wrap.o
    0x00038ae4   0x00038ae4   0x00000004   Code   RO         9773    i.sha224_finish_wrap  md_wrap.o
    0x00038ae8   0x00038ae8   0x00000006   Code   RO         9774    i.sha224_starts_wrap  md_wrap.o
    0x00038aee   0x00038aee   0x00000004   Code   RO         9775    i.sha224_update_wrap  md_wrap.o
    0x00038af2   0x00038af2   0x00000006   Code   RO         9776    i.sha224_wrap       md_wrap.o
    0x00038af8   0x00038af8   0x00000006   Code   RO         9777    i.sha256_starts_wrap  md_wrap.o
    0x00038afe   0x00038afe   0x00000006   Code   RO         9778    i.sha256_wrap       md_wrap.o
    0x00038b04   0x00038b04   0x00000028   Code   RO           34    i.sleep_mode_enter  main.o
    0x00038b2c   0x00038b2c   0x00000034   Code   RO         3543    i.sm_ble_evt_handler  security_manager.o
    0x00038b60   0x00038b60   0x00000060   Code   RO         3545    i.sm_init           security_manager.o
    0x00038bc0   0x00038bc0   0x0000000a   Code   RO         3547    i.sm_link_secure    security_manager.o
    0x00038bca   0x00038bca   0x00000002   PAD
    0x00038bcc   0x00038bcc   0x00000044   Code   RO         3548    i.sm_pdb_evt_handler  security_manager.o
    0x00038c10   0x00038c10   0x00000034   Code   RO         3550    i.sm_sec_params_set  security_manager.o
    0x00038c44   0x00038c44   0x00000060   Code   RO         3551    i.sm_smd_evt_handler  security_manager.o
    0x00038ca4   0x00038ca4   0x00000104   Code   RO         3407    i.smd_ble_evt_handler  security_dispatcher.o
    0x00038da8   0x00038da8   0x00000070   Code   RO         3409    i.smd_init          security_dispatcher.o
    0x00038e18   0x00038e18   0x00000028   Code   RO         3410    i.smd_link_secure   security_dispatcher.o
    0x00038e40   0x00038e40   0x000000bc   Code   RO         3411    i.smd_params_reply  security_dispatcher.o
    0x00038efc   0x00038efc   0x0000003c   Code   RO         3552    i.smd_params_reply_perform  security_manager.o
    0x00038f38   0x00038f38   0x00000018   Code   RO         5039    i.soc_evt_handler   nrf_drv_clock.o
    0x00038f50   0x00038f50   0x00000038   Code   RO         8924    i.softdevice_evt_irq_disable  nrf_sdh.o
    0x00038f88   0x00038f88   0x00000058   Code   RO         8925    i.softdevices_evt_irq_enable  nrf_sdh.o
    0x00038fe0   0x00038fe0   0x0000008c   Code   RO         8337    i.std_n             nrf_log_frontend.o
    0x0003906c   0x0003906c   0x00000058   Code   RO         1765    i.store_car_value   gatt_cache_manager.o
    0x000390c4   0x000390c4   0x00000042   Code   RO         3749    i.sys_id_encode     ble_dis.o
    0x00039106   0x00039106   0x00000002   PAD
    0x00039108   0x00039108   0x00000080   Code   RO         6431    i.timer_list_handler  app_timer.o
    0x00039188   0x00039188   0x0000003c   Code   RO         6432    i.timer_list_insert  app_timer.o
    0x000391c4   0x000391c4   0x00000060   Code   RO         6433    i.timer_list_remove  app_timer.o
    0x00039224   0x00039224   0x00000048   Code   RO         6434    i.timer_stop_op_schedule  app_timer.o
    0x0003926c   0x0003926c   0x00000074   Code   RO         6435    i.timer_timeouts_check  app_timer.o
    0x000392e0   0x000392e0   0x00000070   Code   RO           35    i.timers_init       main.o
    0x00039350   0x00039350   0x00000020   Code   RO         5878    i.tx_byte           nrfx_uart.o
    0x00039370   0x00039370   0x0000001a   Code   RO         5879    i.tx_done_event     nrfx_uart.o
    0x0003938a   0x0003938a   0x00000002   PAD
    0x0003938c   0x0003938c   0x00000030   Code   RO         5247    i.uart_evt_handler  nrf_drv_uart.o
    0x000393bc   0x000393bc   0x0000000c   Code   RO         8202    i.uart_evt_handler  nrf_log_backend_uart.o
    0x000393c8   0x000393c8   0x00000050   Code   RO         8203    i.uart_init         nrf_log_backend_uart.o
    0x00039418   0x00039418   0x00000128   Code   RO         5880    i.uart_irq_handler  nrfx_uart.o
    0x00039540   0x00039540   0x00000030   Code   RO         5248    i.uarte_evt_handler  nrf_drv_uart.o
    0x00039570   0x00039570   0x000000f4   Code   RO         6063    i.uarte_irq_handler  nrfx_uarte.o
    0x00039664   0x00039664   0x0000000a   Code   RO         1264    i.uint16_encode     ble_advdata.o
    0x0003966e   0x0003966e   0x00000002   PAD
    0x00039670   0x00039670   0x00000020   Code   RO         7618    i.uninit            nrf_fstorage_sd.o
    0x00039690   0x00039690   0x000000b4   Code   RO         7482    i.unsigned_print    nrf_fprintf_format.o
    0x00039744   0x00039744   0x00000030   Code   RO         1766    i.update_pending_flags_check  gatt_cache_manager.o
    0x00039774   0x00039774   0x00000068   Code   RO         1460    i.update_timeout_handler  ble_conn_params.o
    0x000397dc   0x000397dc   0x00000018   Code   RO         1371    i.use_whitelist     ble_advertising.o
    0x000397f4   0x000397f4   0x0000000c   Code   RO         1545    i.user_flag_is_acquired  ble_conn_state.o
    0x00039800   0x00039800   0x00000024   Code   RO         2570    i.user_mem_reply    nrf_ble_qwr.o
    0x00039824   0x00039824   0x00000030   Code   RO         6436    i.user_op_alloc     app_timer.o
    0x00039854   0x00039854   0x00000030   Code   RO         1265    i.uuid_list_encode  ble_advdata.o
    0x00039884   0x00039884   0x0000009e   Code   RO         1266    i.uuid_list_sized_encode  ble_advdata.o
    0x00039922   0x00039922   0x0000003a   Code   RO          978    i.wakeup_button_cfg  bsp.o
    0x0003995c   0x0003995c   0x00000004   Code   RO         7619    i.wmap              nrf_fstorage_sd.o
    0x00039960   0x00039960   0x00000050   Code   RO         7620    i.write             nrf_fstorage_sd.o
    0x000399b0   0x000399b0   0x00000018   Code   RO           36    i.write_CB1         main.o
    0x000399c8   0x000399c8   0x0000014c   Code   RO         2758    i.write_buf_store   peer_database.o
    0x00039b14   0x00039b14   0x00000034   Code   RO         2759    i.write_buffer_record_find  peer_database.o
    0x00039b48   0x00039b48   0x00000030   Code   RO         2760    i.write_buffer_record_find_next  peer_database.o
    0x00039b78   0x00039b78   0x0000001c   Code   RO         2761    i.write_buffer_record_invalidate  peer_database.o
    0x00039b94   0x00039b94   0x0000002c   Code   RO         2762    i.write_buffer_record_release  peer_database.o
    0x00039bc0   0x00039bc0   0x000000e8   Code   RO         6727    i.write_enqueue     fds.o
    0x00039ca8   0x00039ca8   0x000000f4   Code   RO         6728    i.write_execute     fds.o
    0x00039d9c   0x00039d9c   0x00000018   Code   RO         6729    i.write_space_free  fds.o
    0x00039db4   0x00039db4   0x0000005c   Code   RO         6730    i.write_space_reserve  fds.o
    0x00039e10   0x00039e10   0x00000016   Code   RO         9620    i.xorbuf            cmac.o
    0x00039e26   0x00039e26   0x00000012   Code   RO         9489    i.xtime             aes_1.o
    0x00039e38   0x00039e38   0x00000010   Data   RO           44    .constdata          main.o
    0x00039e48   0x00039e48   0x00000008   Data   RO          852    .constdata          boards.o
    0x00039e50   0x00039e50   0x0000002c   Data   RO          983    .constdata          bsp.o
    0x00039e7c   0x00039e7c   0x00000004   Data   RO         1191    .constdata          auth_status_tracker.o
    0x00039e80   0x00039e80   0x00000074   Data   RO         1767    .constdata          gatt_cache_manager.o
    0x00039ef4   0x00039ef4   0x00000004   Data   RO         1910    .constdata          gatts_cache_manager.o
    0x00039ef8   0x00039ef8   0x00000010   Data   RO         1911    .constdata          gatts_cache_manager.o
    0x00039f08   0x00039f08   0x00000004   Data   RO         1912    .constdata          gatts_cache_manager.o
    0x00039f0c   0x00039f0c   0x00000008   Data   RO         2009    .constdata          id_manager.o
    0x00039f14   0x00039f14   0x00000016   Data   RO         2162    .constdata          nrf_ble_gatt.o
    0x00039f2a   0x00039f2a   0x00000002   PAD
    0x00039f2c   0x00039f2c   0x0000001c   Data   RO         2627    .constdata          peer_data_storage.o
    0x00039f48   0x00039f48   0x00000010   Data   RO         2764    .constdata          peer_database.o
    0x00039f58   0x00039f58   0x0000002c   Data   RO         3001    .constdata          peer_manager.o
    0x00039f84   0x00039f84   0x00000018   Data   RO         3261    .constdata          peer_manager_handler.o
    0x00039f9c   0x00039f9c   0x0000008c   Data   RO         3413    .constdata          security_dispatcher.o
    0x0003a028   0x0003a028   0x00000004   Data   RO         3553    .constdata          security_manager.o
    0x0003a02c   0x0003a02c   0x0000006c   Data   RO         3992    .constdata          nrf_crypto_ecc.o
    0x0003a098   0x0003a098   0x0000000c   Data   RO         4080    .constdata          nrf_crypto_ecdh.o
    0x0003a0a4   0x0003a0a4   0x0000000c   Data   RO         4586    .constdata          oberon_backend_ecc.o
    0x0003a0b0   0x0003a0b0   0x00000040   Data   RO         4589    .constdata          oberon_backend_ecc.o
    0x0003a0f0   0x0003a0f0   0x00000002   Data   RO         5178    .constdata          nrf_drv_rng.o
    0x0003a0f2   0x0003a0f2   0x00000002   PAD
    0x0003a0f4   0x0003a0f4   0x00000004   Data   RO         5473    .constdata          nrfx_gpiote.o
    0x0003a0f8   0x0003a0f8   0x00000004   Data   RO         5883    .constdata          nrfx_uart.o
    0x0003a0fc   0x0003a0fc   0x00000004   Data   RO         6066    .constdata          nrfx_uarte.o
    0x0003a100   0x0003a100   0x00000008   Data   RO         6205    .constdata          app_button.o
    0x0003a108   0x0003a108   0x00000008   PAD
    0x0003a110   0x0003a110   0x00000006   Data   RO         6438    .constdata          app_timer.o
    0x0003a116   0x0003a116   0x00000002   PAD
    0x0003a118   0x0003a118   0x00000018   Data   RO         6733    .constdata          fds.o
    0x0003a130   0x0003a130   0x00000010   Data   RO         7483    .constdata          nrf_fprintf_format.o
    0x0003a140   0x0003a140   0x0000005e   Data   RO         7529    .constdata          nrf_fstorage.o
    0x0003a19e   0x0003a19e   0x00000002   PAD
    0x0003a1a0   0x0003a1a0   0x00000010   Data   RO         7623    .constdata          nrf_fstorage_sd.o
    0x0003a1b0   0x0003a1b0   0x00000020   Data   RO         7624    .constdata          nrf_fstorage_sd.o
    0x0003a1d0   0x0003a1d0   0x00000018   Data   RO         7802    .constdata          nrf_pwr_mgmt.o
    0x0003a1e8   0x0003a1e8   0x0000000c   Data   RO         7803    .constdata          nrf_pwr_mgmt.o
    0x0003a1f4   0x0003a1f4   0x0000013c   Data   RO         8079    .constdata          nrf_strerror.o
    0x0003a330   0x0003a330   0x0000000c   Data   RO         8205    .constdata          nrf_log_backend_uart.o
    0x0003a33c   0x0003a33c   0x00000020   Data   RO         8206    .constdata          nrf_log_backend_uart.o
    0x0003a35c   0x0003a35c   0x0000000c   Data   RO         8342    .constdata          nrf_log_frontend.o
    0x0003a368   0x0003a368   0x00000010   Data   RO         8926    .constdata          nrf_sdh.o
    0x0003a378   0x0003a378   0x00000028   Data   RO         8927    .constdata          nrf_sdh.o
    0x0003a3a0   0x0003a3a0   0x00000010   Data   RO         8928    .constdata          nrf_sdh.o
    0x0003a3b0   0x0003a3b0   0x00000010   Data   RO         8929    .constdata          nrf_sdh.o
    0x0003a3c0   0x0003a3c0   0x00000020   Data   RO         9037    .constdata          nrf_sdh_ble.o
    0x0003a3e0   0x0003a3e0   0x00000010   Data   RO         9038    .constdata          nrf_sdh_ble.o
    0x0003a3f0   0x0003a3f0   0x00000010   Data   RO         9088    .constdata          nrf_sdh_soc.o
    0x0003a400   0x0003a400   0x0000000c   Data   RO         9089    .constdata          nrf_sdh_soc.o
    0x0003a40c   0x0003a40c   0x00002228   Data   RO         9130    .constdata          aes.o
    0x0003c634   0x0003c634   0x0000020b   Data   RO         9491    .constdata          aes_1.o
    0x0003c83f   0x0003c83f   0x00000001   PAD
    0x0003c840   0x0003c840   0x00000028   Data   RO         9779    .constdata          md_wrap.o
    0x0003c868   0x0003c868   0x00000028   Data   RO         9780    .constdata          md_wrap.o
    0x0003c890   0x0003c890   0x00000140   Data   RO         9840    .constdata          sha256.o
    0x0003c9d0   0x0003c9d0   0x00000014   Data   RO         9887    .constdata          digitalkey.pb.o
    0x0003c9e4   0x0003c9e4   0x00000028   Data   RO         9890    .constdata          digitalkey.pb.o
    0x0003ca0c   0x0003ca0c   0x00000064   Data   RO         9892    .constdata          digitalkey.pb.o
    0x0003ca70   0x0003ca70   0x0000003c   Data   RO         9893    .constdata          digitalkey.pb.o
    0x0003caac   0x0003caac   0x0000003c   Data   RO         9894    .constdata          digitalkey.pb.o
    0x0003cae8   0x0003cae8   0x0000001e   Data   RO         9895    .constdata          digitalkey.pb.o
    0x0003cb06   0x0003cb06   0x00000002   PAD
    0x0003cb08   0x0003cb08   0x00000028   Data   RO         9974    .constdata          pb_decode.o
    0x0003cb30   0x0003cb30   0x00000028   Data   RO        10171    .constdata          pb_encode.o
    0x0003cb58   0x0003cb58   0x00000081   Data   RO        10579    .constdata          mc_w.l(ctype_o.o)
    0x0003cbd9   0x0003cbd9   0x00000003   PAD
    0x0003cbdc   0x0003cbdc   0x00000004   Data   RO        10580    .constdata          mc_w.l(ctype_o.o)
    0x0003cbe0   0x0003cbe0   0x00000852   Data   RO           45    .conststring        main.o
    0x0003d432   0x0003d432   0x00000002   PAD
    0x0003d434   0x0003d434   0x0000004e   Data   RO         1192    .conststring        auth_status_tracker.o
    0x0003d482   0x0003d482   0x00000002   PAD
    0x0003d484   0x0003d484   0x000001a4   Data   RO         1768    .conststring        gatt_cache_manager.o
    0x0003d628   0x0003d628   0x00000144   Data   RO         1913    .conststring        gatts_cache_manager.o
    0x0003d76c   0x0003d76c   0x000000a2   Data   RO         2163    .conststring        nrf_ble_gatt.o
    0x0003d80e   0x0003d80e   0x00000002   PAD
    0x0003d810   0x0003d810   0x00000042   Data   RO         2261    .conststring        nrf_ble_lesc.o
    0x0003d852   0x0003d852   0x00000002   PAD
    0x0003d854   0x0003d854   0x000000e8   Data   RO         2628    .conststring        peer_data_storage.o
    0x0003d93c   0x0003d93c   0x00000180   Data   RO         2765    .conststring        peer_database.o
    0x0003dabc   0x0003dabc   0x00000090   Data   RO         3002    .conststring        peer_manager.o
    0x0003db4c   0x0003db4c   0x000002ca   Data   RO         3262    .conststring        peer_manager_handler.o
    0x0003de16   0x0003de16   0x00000002   PAD
    0x0003de18   0x0003de18   0x000001f2   Data   RO         3414    .conststring        security_dispatcher.o
    0x0003e00a   0x0003e00a   0x00000002   PAD
    0x0003e00c   0x0003e00c   0x0000017b   Data   RO         3554    .conststring        security_manager.o
    0x0003e187   0x0003e187   0x00000001   PAD
    0x0003e188   0x0003e188   0x00000051   Data   RO         3800    .conststring        ble_hrs.o
    0x0003e1d9   0x0003e1d9   0x00000003   PAD
    0x0003e1dc   0x0003e1dc   0x0000004f   Data   RO         7530    .conststring        nrf_fstorage.o
    0x0003e22b   0x0003e22b   0x00000001   PAD
    0x0003e22c   0x0003e22c   0x000003eb   Data   RO         8080    .conststring        nrf_strerror.o
    0x0003e617   0x0003e617   0x00000001   PAD
    0x0003e618   0x0003e618   0x00000066   Data   RO         8503    .conststring        nrf_log_str_formatter.o
    0x0003e67e   0x0003e67e   0x00000002   PAD
    0x0003e680   0x0003e680   0x000001cf   Data   RO         9039    .conststring        nrf_sdh_ble.o
    0x0003e84f   0x0003e84f   0x00000001   PAD
    0x0003e850   0x0003e850   0x00000008   Data   RO         9311    .conststring        digital_key_api.o
    0x0003e858   0x0003e858   0x00000007   Data   RO         9781    .conststring        md_wrap.o
    0x0003e85f   0x0003e85f   0x00000001   PAD
    0x0003e860   0x0003e860   0x00000007   Data   RO         9782    .conststring        md_wrap.o
    0x0003e867   0x0003e867   0x00000001   PAD
    0x0003e868   0x0003e868   0x00000011   Data   RO         1193    .conststrlit        auth_status_tracker.o
    0x0003e879   0x0003e879   0x00000003   PAD
    0x0003e87c   0x0003e87c   0x00000011   Data   RO         1769    .conststrlit        gatt_cache_manager.o
    0x0003e88d   0x0003e88d   0x00000003   PAD
    0x0003e890   0x0003e890   0x00000012   Data   RO         1914    .conststrlit        gatts_cache_manager.o
    0x0003e8a2   0x0003e8a2   0x00000002   PAD
    0x0003e8a4   0x0003e8a4   0x00000010   Data   RO         2011    .conststrlit        id_manager.o
    0x0003e8b4   0x0003e8b4   0x0000000d   Data   RO         2164    .conststrlit        nrf_ble_gatt.o
    0x0003e8c1   0x0003e8c1   0x00000003   PAD
    0x0003e8c4   0x0003e8c4   0x0000000d   Data   RO         2262    .conststrlit        nrf_ble_lesc.o
    0x0003e8d1   0x0003e8d1   0x00000003   PAD
    0x0003e8d4   0x0003e8d4   0x00000011   Data   RO         2629    .conststrlit        peer_data_storage.o
    0x0003e8e5   0x0003e8e5   0x00000003   PAD
    0x0003e8e8   0x0003e8e8   0x00000011   Data   RO         2766    .conststrlit        peer_database.o
    0x0003e8f9   0x0003e8f9   0x00000003   PAD
    0x0003e8fc   0x0003e8fc   0x0000000d   Data   RO         3003    .conststrlit        peer_manager.o
    0x0003e909   0x0003e909   0x00000003   PAD
    0x0003e90c   0x0003e90c   0x00000015   Data   RO         3264    .conststrlit        peer_manager_handler.o
    0x0003e921   0x0003e921   0x00000003   PAD
    0x0003e924   0x0003e924   0x00000011   Data   RO         3415    .conststrlit        security_dispatcher.o
    0x0003e935   0x0003e935   0x00000003   PAD
    0x0003e938   0x0003e938   0x00000010   Data   RO         3555    .conststrlit        security_manager.o
    0x0003e948   0x0003e948   0x00000008   Data   RO         3692    .conststrlit        ble_bas.o
    0x0003e950   0x0003e950   0x00000006   Data   RO         5045    .conststrlit        nrf_drv_clock.o
    0x0003e956   0x0003e956   0x00000002   PAD
    0x0003e958   0x0003e958   0x00000004   Data   RO         5181    .conststrlit        nrf_drv_rng.o
    0x0003e95c   0x0003e95c   0x00000006   Data   RO         5315    .conststrlit        nrfx_clock.o
    0x0003e962   0x0003e962   0x00000002   PAD
    0x0003e964   0x0003e964   0x00000007   Data   RO         5477    .conststrlit        nrfx_gpiote.o
    0x0003e96b   0x0003e96b   0x00000001   PAD
    0x0003e96c   0x0003e96c   0x00000004   Data   RO         5740    .conststrlit        nrfx_prs.o
    0x0003e970   0x0003e970   0x00000004   Data   RO         5794    .conststrlit        nrfx_rng.o
    0x0003e974   0x0003e974   0x00000005   Data   RO         5886    .conststrlit        nrfx_uart.o
    0x0003e979   0x0003e979   0x00000003   PAD
    0x0003e97c   0x0003e97c   0x00000006   Data   RO         6069    .conststrlit        nrfx_uarte.o
    0x0003e982   0x0003e982   0x00000002   PAD
    0x0003e984   0x0003e984   0x00000009   Data   RO         7032    .conststrlit        mem_manager.o
    0x0003e98d   0x0003e98d   0x00000003   PAD
    0x0003e990   0x0003e990   0x0000000d   Data   RO         7531    .conststrlit        nrf_fstorage.o
    0x0003e99d   0x0003e99d   0x00000003   PAD
    0x0003e9a0   0x0003e9a0   0x00000009   Data   RO         7804    .conststrlit        nrf_pwr_mgmt.o
    0x0003e9a9   0x0003e9a9   0x00000003   PAD
    0x0003e9ac   0x0003e9ac   0x00000011   Data   RO         8277    .conststrlit        nrf_log_default_backends.o
    0x0003e9bd   0x0003e9bd   0x00000003   PAD
    0x0003e9c0   0x0003e9c0   0x00000004   Data   RO         8343    .conststrlit        nrf_log_frontend.o
    0x0003e9c4   0x0003e9c4   0x00000008   Data   RO         8930    .conststrlit        nrf_sdh.o
    0x0003e9cc   0x0003e9cc   0x0000000c   Data   RO         9040    .conststrlit        nrf_sdh_ble.o
    0x0003e9d8   0x0003e9d8   0x0000000c   Data   RO         9090    .conststrlit        nrf_sdh_soc.o
    0x0003e9e4   0x0003e9e4   0x00000020   Data   RO        10417    .rodata.base        oberon_short_wchar_2.0.5.lib(occ_curve25519.c.obj)
    0x0003ea04   0x0003ea04   0x00000040   Data   RO        10521    .rodata.base_point  oberon_short_wchar_2.0.5.lib(occ_curve_p256.c.obj)
    0x0003ea44   0x0003ea44   0x00000004   PAD
    0x0003ea48   0x0003ea48   0x00000280   Data   RO        10445    .rodata.const_table  oberon_short_wchar_2.0.5.lib(occ_sha512.c.obj)
    0x0003ecc8   0x0003ecc8   0x00000020   Data   RO        10522    .rodata.cq          oberon_short_wchar_2.0.5.lib(occ_curve_p256.c.obj)
    0x0003ece8   0x0003ece8   0x00000020   Data   RO        10497    .rodata.m           oberon_short_wchar_2.0.5.lib(occ_sc25519.c.obj)
    0x0003ed08   0x0003ed08   0x00000640   Data   RO        10466    .rodata.occ_ge25519_base_multiples  oberon_short_wchar_2.0.5.lib(occ_ge25519.c.obj)
    0x0003f348   0x0003f348   0x00000020   Data   RO        10467    .rodata.occ_ge25519_ec2d  oberon_short_wchar_2.0.5.lib(occ_ge25519.c.obj)
    0x0003f368   0x0003f368   0x00000020   Data   RO        10523    .rodata.param_a     oberon_short_wchar_2.0.5.lib(occ_curve_p256.c.obj)
    0x0003f388   0x0003f388   0x00000020   Data   RO        10524    .rodata.param_b     oberon_short_wchar_2.0.5.lib(occ_curve_p256.c.obj)
    0x0003f3a8   0x0003f3a8   0x00000020   Data   RO        10547    .rodata.q           oberon_short_wchar_2.0.5.lib(occ_sc_p256.c.obj)
    0x0003f3c8   0x0003f3c8   0x00000020   Data   RO        10525    .rodata.qp1         oberon_short_wchar_2.0.5.lib(occ_curve_p256.c.obj)
    0x0003f3e8   0x0003f3e8   0x00000020   Data   RO        10684    Region$$Table       anon$$obj.o
    0x0003f408   0x0003f408   0x00000008   Data   RO         4897    crypto_data         nrf_hw_backend_init.o
    0x0003f410   0x0003f410   0x00000010   Data   RO         8279    log_backends        nrf_log_default_backends.o
    0x0003f420   0x0003f420   0x00000008   Data   RO         1195    log_const_data      auth_status_tracker.o
    0x0003f428   0x0003f428   0x00000008   Data   RO         1771    log_const_data      gatt_cache_manager.o
    0x0003f430   0x0003f430   0x00000008   Data   RO         1916    log_const_data      gatts_cache_manager.o
    0x0003f438   0x0003f438   0x00000008   Data   RO         2013    log_const_data      id_manager.o
    0x0003f440   0x0003f440   0x00000008   Data   RO         2165    log_const_data      nrf_ble_gatt.o
    0x0003f448   0x0003f448   0x00000008   Data   RO         2264    log_const_data      nrf_ble_lesc.o
    0x0003f450   0x0003f450   0x00000008   Data   RO         2631    log_const_data      peer_data_storage.o
    0x0003f458   0x0003f458   0x00000008   Data   RO         2768    log_const_data      peer_database.o
    0x0003f460   0x0003f460   0x00000008   Data   RO         3005    log_const_data      peer_manager.o
    0x0003f468   0x0003f468   0x00000008   Data   RO         3267    log_const_data      peer_manager_handler.o
    0x0003f470   0x0003f470   0x00000008   Data   RO         3417    log_const_data      security_dispatcher.o
    0x0003f478   0x0003f478   0x00000008   Data   RO         3557    log_const_data      security_manager.o
    0x0003f480   0x0003f480   0x00000008   Data   RO         3693    log_const_data      ble_bas.o
    0x0003f488   0x0003f488   0x00000008   Data   RO         5046    log_const_data      nrf_drv_clock.o
    0x0003f490   0x0003f490   0x00000008   Data   RO         5183    log_const_data      nrf_drv_rng.o
    0x0003f498   0x0003f498   0x00000008   Data   RO         5317    log_const_data      nrfx_clock.o
    0x0003f4a0   0x0003f4a0   0x00000008   Data   RO         5478    log_const_data      nrfx_gpiote.o
    0x0003f4a8   0x0003f4a8   0x00000008   Data   RO         5742    log_const_data      nrfx_prs.o
    0x0003f4b0   0x0003f4b0   0x00000008   Data   RO         5796    log_const_data      nrfx_rng.o
    0x0003f4b8   0x0003f4b8   0x00000008   Data   RO         5887    log_const_data      nrfx_uart.o
    0x0003f4c0   0x0003f4c0   0x00000008   Data   RO         6070    log_const_data      nrfx_uarte.o
    0x0003f4c8   0x0003f4c8   0x00000008   Data   RO         7034    log_const_data      mem_manager.o
    0x0003f4d0   0x0003f4d0   0x00000008   Data   RO         7532    log_const_data      nrf_fstorage.o
    0x0003f4d8   0x0003f4d8   0x00000008   Data   RO         7806    log_const_data      nrf_pwr_mgmt.o
    0x0003f4e0   0x0003f4e0   0x00000008   Data   RO         8346    log_const_data      nrf_log_frontend.o
    0x0003f4e8   0x0003f4e8   0x00000008   Data   RO         8932    log_const_data      nrf_sdh.o
    0x0003f4f0   0x0003f4f0   0x00000008   Data   RO         9042    log_const_data      nrf_sdh_ble.o
    0x0003f4f8   0x0003f4f8   0x00000008   Data   RO         9091    log_const_data      nrf_sdh_soc.o
    0x0003f500   0x0003f500   0x00000014   Data   RO         8347    nrf_balloc          nrf_log_frontend.o
    0x0003f514   0x0003f514   0x00000014   Data   RO         5184    nrf_queue           nrf_drv_rng.o
    0x0003f528   0x0003f528   0x00000008   Data   RO         1547    sdh_ble_observers0  ble_conn_state.o
    0x0003f530   0x0003f530   0x00000010   Data   RO           48    sdh_ble_observers1  main.o
    0x0003f540   0x0003f540   0x00000008   Data   RO         1086    sdh_ble_observers1  bsp_btn_ble.o
    0x0003f548   0x0003f548   0x00000008   Data   RO         1463    sdh_ble_observers1  ble_conn_params.o
    0x0003f550   0x0003f550   0x00000008   Data   RO         3006    sdh_ble_observers1  peer_manager.o
    0x0003f558   0x0003f558   0x00000018   Data   RO           49    sdh_ble_observers2  main.o
    0x0003f570   0x0003f570   0x00000008   Data   RO           50    sdh_ble_observers3  main.o
    0x0003f578   0x0003f578   0x00000008   Data   RO         7626    sdh_req_observers0  nrf_fstorage_sd.o
    0x0003f580   0x0003f580   0x00000008   Data   RO         5047    sdh_soc_observers0  nrf_drv_clock.o
    0x0003f588   0x0003f588   0x00000008   Data   RO         7627    sdh_soc_observers0  nrf_fstorage_sd.o
    0x0003f590   0x0003f590   0x00000008   Data   RO           51    sdh_soc_observers1  main.o
    0x0003f598   0x0003f598   0x00000008   Data   RO         9043    sdh_stack_observers0  nrf_sdh_ble.o
    0x0003f5a0   0x0003f5a0   0x00000008   Data   RO         9092    sdh_stack_observers0  nrf_sdh_soc.o
    0x0003f5a8   0x0003f5a8   0x00000008   Data   RO         5048    sdh_state_observers0  nrf_drv_clock.o
    0x0003f5b0   0x0003f5b0   0x00000008   Data   RO         5185    sdh_state_observers0  nrf_drv_rng.o
    0x0003f5b8   0x0003f5b8   0x00000008   Data   RO         7628    sdh_state_observers0  nrf_fstorage_sd.o


    Execution Region RW_IRAM1 (Exec base: 0x20002b90, Load base: 0x0003f5c0, Size: 0x00005c48, Max: 0x0000d470, ABSOLUTE, COMPRESSED[0x000000d8])

    Exec Addr    Load Addr    Size         Type   Attr      Idx    E Section Name        Object

    0x20002b90   COMPRESSED   0x0000004c   Data   RW           46    .data               main.o
    0x20002bdc   COMPRESSED   0x00000010   Data   RW          984    .data               bsp.o
    0x20002bec   COMPRESSED   0x00000008   Data   RW         1085    .data               bsp_btn_ble.o
    0x20002bf4   COMPRESSED   0x00000004   Data   RW         1194    .data               auth_status_tracker.o
    0x20002bf8   COMPRESSED   0x00000008   Data   RW         1462    .data               ble_conn_params.o
    0x20002c00   COMPRESSED   0x00000010   Data   RW         1770    .data               gatt_cache_manager.o
    0x20002c10   COMPRESSED   0x00000006   Data   RW         1915    .data               gatts_cache_manager.o
    0x20002c16   COMPRESSED   0x00000002   PAD
    0x20002c18   COMPRESSED   0x0000000c   Data   RW         2263    .data               nrf_ble_lesc.o
    0x20002c24   COMPRESSED   0x0000000c   Data   RW         2630    .data               peer_data_storage.o
    0x20002c30   COMPRESSED   0x00000008   Data   RW         2767    .data               peer_database.o
    0x20002c38   COMPRESSED   0x00000010   Data   RW         3004    .data               peer_manager.o
    0x20002c48   COMPRESSED   0x00000060   Data   RW         3265    .data               peer_manager_handler.o
    0x20002ca8   COMPRESSED   0x00000005   Data   RW         3416    .data               security_dispatcher.o
    0x20002cad   COMPRESSED   0x00000003   PAD
    0x20002cb0   COMPRESSED   0x00000011   Data   RW         3556    .data               security_manager.o
    0x20002cc1   COMPRESSED   0x00000001   PAD
    0x20002cc2   COMPRESSED   0x0000004a   Data   RW         3750    .data               ble_dis.o
    0x20002d0c   COMPRESSED   0x000000f4   Data   RW         3802    .data               ble_hrs.o
    0x20002e00   COMPRESSED   0x00000001   Data   RW         4365    .data               nrf_crypto_init.o
    0x20002e01   COMPRESSED   0x00000003   PAD
    0x20002e04   COMPRESSED   0x0000000c   Data   RW         4419    .data               nrf_crypto_rng.o
    0x20002e10   COMPRESSED   0x00000003   Data   RW         5182    .data               nrf_drv_rng.o
    0x20002e13   COMPRESSED   0x00000001   PAD
    0x20002e14   COMPRESSED   0x0000000c   Data   RW         5249    .data               nrf_drv_uart.o
    0x20002e20   COMPRESSED   0x00000008   Data   RW         5316    .data               nrfx_clock.o
    0x20002e28   COMPRESSED   0x00000008   Data   RW         5741    .data               nrfx_prs.o
    0x20002e30   COMPRESSED   0x00000008   Data   RW         5795    .data               nrfx_rng.o
    0x20002e38   COMPRESSED   0x00000020   Data   RW         6206    .data               app_button.o
    0x20002e58   COMPRESSED   0x00000014   Data   RW         6439    .data               app_timer.o
    0x20002e6c   COMPRESSED   0x00000030   Data   RW         6734    .data               fds.o
    0x20002e9c   COMPRESSED   0x00000008   Data   RW         7625    .data               nrf_fstorage_sd.o
    0x20002ea4   COMPRESSED   0x00000008   Data   RW         7805    .data               nrf_pwr_mgmt.o
    0x20002eac   COMPRESSED   0x00000018   Data   RW         8207    .data               nrf_log_backend_uart.o
    0x20002ec4   COMPRESSED   0x00000008   Data   RW         8278    .data               nrf_log_default_backends.o
    0x20002ecc   COMPRESSED   0x00000008   Data   RW         8344    .data               nrf_log_frontend.o
    0x20002ed4   COMPRESSED   0x00000008   Data   RW         8345    .data               nrf_log_frontend.o
    0x20002edc   COMPRESSED   0x00000040   Data   RW         8504    .data               nrf_log_str_formatter.o
    0x20002f1c   COMPRESSED   0x00000003   Data   RW         8931    .data               nrf_sdh.o
    0x20002f1f   COMPRESSED   0x00000001   Data   RW         9041    .data               nrf_sdh_ble.o
    0x20002f20   COMPRESSED   0x00000024   Data   RW         9312    .data               digital_key_api.o
    0x20002f44   COMPRESSED   0x0000000c   Data   RW         9492    .data               aes_1.o
    0x20002f50   COMPRESSED   0x00000004   Data   RW        10342    .data               system_nrf52.o
    0x20002f54   COMPRESSED   0x00000004   Data   RW        10679    .data               mc_w.l(mvars.o)
    0x20002f58   COMPRESSED   0x00000004   Data   RW        10680    .data               mc_w.l(mvars.o)
    0x20002f5c   COMPRESSED   0x00000020   Data   RW        10520    .data.inv_a         oberon_short_wchar_2.0.5.lib(occ_curve_p256.c.obj)
    0x20002f7c   COMPRESSED   0x00000014   Data   RW         6735    fs_data             fds.o
    0x20002f90        -       0x00000020   Zero   RW           37    .bss                main.o
    0x20002fb0        -       0x00000020   Zero   RW           38    .bss                main.o
    0x20002fd0        -       0x00000020   Zero   RW           39    .bss                main.o
    0x20002ff0        -       0x00000020   Zero   RW           40    .bss                main.o
    0x20003010        -       0x000003a8   Zero   RW           41    .bss                main.o
    0x200033b8        -       0x00000020   Zero   RW          979    .bss                bsp.o
    0x200033d8        -       0x00000020   Zero   RW          980    .bss                bsp.o
    0x200033f8        -       0x0000000c   Zero   RW          981    .bss                bsp.o
    0x20003404        -       0x00000020   Zero   RW          982    .bss                bsp.o
    0x20003424        -       0x00000020   Zero   RW         1189    .bss                auth_status_tracker.o
    0x20003444        -       0x000000a0   Zero   RW         1190    .bss                auth_status_tracker.o
    0x200034e4        -       0x00000050   Zero   RW         1461    .bss                ble_conn_params.o
    0x20003534        -       0x00000078   Zero   RW         1546    .bss                ble_conn_state.o
    0x200035ac        -       0x000000d8   Zero   RW         2008    .bss                id_manager.o
    0x20003684        -       0x0000013c   Zero   RW         2260    .bss                nrf_ble_lesc.o
    0x200037c0        -       0x00000180   Zero   RW         2763    .bss                peer_database.o
    0x20003940        -       0x00000040   Zero   RW         2879    .bss                peer_id.o
    0x20003980        -       0x0000000c   Zero   RW         3000    .bss                peer_manager.o
    0x2000398c        -       0x00000040   Zero   RW         3412    .bss                security_dispatcher.o
    0x200039cc        -       0x00000144   Zero   RW         4417    .bss                nrf_crypto_rng.o
    0x20003b10        -       0x00000014   Zero   RW         5040    .bss                nrf_drv_clock.o
    0x20003b24        -       0x00000041   Zero   RW         5176    .bss                nrf_drv_rng.o
    0x20003b65   COMPRESSED   0x00000003   PAD
    0x20003b68        -       0x0000000c   Zero   RW         5177    .bss                nrf_drv_rng.o
    0x20003b74        -       0x0000005c   Zero   RW         5472    .bss                nrfx_gpiote.o
    0x20003bd0        -       0x0000002c   Zero   RW         5881    .bss                nrfx_uart.o
    0x20003bfc        -       0x00000024   Zero   RW         6064    .bss                nrfx_uarte.o
    0x20003c20        -       0x00000020   Zero   RW         6204    .bss                app_button.o
    0x20003c40        -       0x0000010c   Zero   RW         6437    .bss                app_timer.o
    0x20003d4c        -       0x0000000c   Zero   RW         6590    .bss                app_util_platform.o
    0x20003d58        -       0x00000010   Zero   RW         6731    .bss                fds.o
    0x20003d68        -       0x000000e0   Zero   RW         6732    .bss                fds.o
    0x20003e48        -       0x00000010   Zero   RW         7621    .bss                nrf_fstorage_sd.o
    0x20003e58        -       0x000000a0   Zero   RW         7622    .bss                nrf_fstorage_sd.o
    0x20003ef8        -       0x0000000c   Zero   RW         7801    .bss                nrf_pwr_mgmt.o
    0x20003f04        -       0x00000040   Zero   RW         8204    .bss                nrf_log_backend_uart.o
    0x20003f44        -       0x000000c0   Zero   RW         8338    .bss                nrf_log_frontend.o
    0x20004004        -       0x00000080   Zero   RW         8339    .bss                nrf_log_frontend.o
    0x20004084        -       0x00000018   Zero   RW         8340    .bss                nrf_log_frontend.o
    0x2000409c        -       0x00000424   Zero   RW         8341    .bss                nrf_log_frontend.o
    0x200044c0        -       0x00000264   Zero   RW         9310    .bss                digital_key_api.o
    0x20004724        -       0x000000b0   Zero   RW         9490    .bss                aes_1.o
    0x200047d4   COMPRESSED   0x00000004   PAD
    0x200047d8        -       0x00002000   Zero   RW        10331    HEAP                arm_startup_nrf52.o
    0x200067d8        -       0x00002000   Zero   RW        10330    STACK               arm_startup_nrf52.o


==============================================================================

Image component sizes


      Code (inc. data)   RO Data    RW Data    ZI Data      Debug   Object Name

      2404         30       8744          0          0      18051   aes.o
      2014         86        523         12        176      12612   aes_1.o
       440         36          8         32         32      13394   app_button.o
        22          0          0          0          0       2529   app_error.o
       132         46          0          0          0      27425   app_error_weak.o
         0          0          0          0          0      36722   app_scheduler.o
      1530        124          6         20        268      50784   app_timer.o
       124         14          0          0         12       9778   app_util_platform.o
        36          8        512          0      16384        964   arm_startup_nrf52.o
       840        210        107          4        192       7183   auth_status_tracker.o
      1324          0          0          0          0      53368   ble_advdata.o
      1094          6          0          0          0      11368   ble_advertising.o
       502          0         16          0          0       6751   ble_bas.o
       636         44          8          8         80       9583   ble_conn_params.o
       730         60          8          0        120      15465   ble_conn_state.o
       530         12          0         74          0       5807   ble_dis.o
      1582        196         81        244          0      10781   ble_hrs.o
       656          6          0          0          0       6140   ble_srv_common.o
       358         40          8          0          0      19363   boards.o
       998         84         44         16        108      16051   bsp.o
       252         10          8          8          0       5028   bsp_btn_ble.o
       208          0          0          0          0       3193   cipher_export.o
       770         82          0          0          0       8616   cmac.o
       830          0          0          0          0      11435   ctr_drbg.o
      2208        240          8         36        612      40141   digital_key_api.o
         0          0        310          0          0      10059   digitalkey.pb.o
      3426        314         24         68        240      51811   fds.o
      1848        544        561         16          0      25491   gatt_cache_manager.o
       578         70        374          6          0       9411   gatts_cache_manager.o
       946         34         32          0        216      15700   id_manager.o
        80          8          0          0          0      34742   ikcmdhandle.o
       122          0          0          0          0        752   ikcmdif.o
      4168       1370       2202         76       1064     223079   main.o
       582         38          0          0          0      10799   md_export.o
        72          0         94          0          0       7652   md_wrap.o
         0          0         17          0          0       5549   mem_manager.o
       342          0          0          0          0       7006   nrf_atfifo.o
       170          0          0          0          0       4976   nrf_atflags.o
       332          0          0          0          0      10622   nrf_atomic.o
       164          0          0          0          0       3784   nrf_balloc.o
       926        272        205          0          0      36879   nrf_ble_gatt.o
      1144        544         87         12        316      43275   nrf_ble_lesc.o
       276          0          0          0          0       4893   nrf_ble_qwr.o
       448         26        108          0          0      10734   nrf_crypto_ecc.o
       160         10         12          0          0       2930   nrf_crypto_ecdh.o
        92         20          0          1          0       3074   nrf_crypto_init.o
       766        130          0         12        324      11733   nrf_crypto_rng.o
       276         34         30          0         20      38116   nrf_drv_clock.o
       416         42         42          3         77      13180   nrf_drv_rng.o
       200         26          0         12          0      18232   nrf_drv_uart.o
        50          0          0          0          0       3681   nrf_fprintf.o
       850          4         16          0          0       5670   nrf_fprintf_format.o
       972        432        194          0          0       8364   nrf_fstorage.o
       798         82         72          8        176      16687   nrf_fstorage_sd.o
        12          0          8          0          0       2437   nrf_hw_backend_init.o
       152          6          0          0          0       7899   nrf_hw_backend_rng_mbedtls.o
       200          0          0          0          0      11729   nrf_log_backend_serial.o
       232         44         44         24         64      21590   nrf_log_backend_uart.o
        28          4         33          8          0       3445   nrf_log_default_backends.o
      1708        118         44         16       1404      34252   nrf_log_frontend.o
       566        108        102         64          0       5848   nrf_log_str_formatter.o
       346          0          0          0          0       9907   nrf_memobj.o
       108         16         53          8         12      35630   nrf_pwr_mgmt.o
       444          0          0          0          0       7590   nrf_queue.o
        28          0          0          0          0       2483   nrf_ringbuf.o
       552         60        104          3          0      42296   nrf_sdh.o
       728        234        539          1          0       6149   nrf_sdh_ble.o
        60          4         56          0          0       2580   nrf_sdh_soc.o
        78          0          0          0          0       2932   nrf_section_iter.o
        76         10       1319          0          0       2891   nrf_strerror.o
       226         30         14          8          0      41830   nrfx_clock.o
      1226         92         19          0         92      59559   nrfx_gpiote.o
       112         16         12          8          0       4720   nrfx_prs.o
       224         56         12          8          0      10536   nrfx_rng.o
      1292         40         17          0         44      29229   nrfx_uart.o
      1134         44         18          0         36      25127   nrfx_uarte.o
       326          4         76          0          0      36026   oberon_backend_ecc.o
        38          0          0          0          0       2889   oberon_backend_ecdh.o
       198          0          0          0          0       3536   pb_common.o
      3378        606         40          0          0      40793   pb_decode.o
      2016        322         40          0          0      32351   pb_encode.o
      1152        144        285         12          0      16734   peer_data_storage.o
      1442        260        425          8        384      20154   peer_database.o
       314         38          0          0         64       9635   peer_id.o
      1774        456        217         16         12      20205   peer_manager.o
      1720        822        767         96          0      13688   peer_manager_handler.o
       234          0          0          0          0       5667   pm_buffer.o
         2          0          0          0          0       2786   printf.o
      1948        262        663          5         64      27795   security_dispatcher.o
      1120        108        407         17          0      50582   security_manager.o
       104          0          0          0          0       3615   sensorsim.o
       914         72        320          0          0       7769   sha256.o
       796         70          0          4          0       3055   system_nrf52.o

    ----------------------------------------------------------------------
     67544       9380      20220        984      22600    1709352   Object Totals
         0          0         32          0          0          0   (incl. Generated)
       112          0         93         10          7          0   (incl. Padding)

    ----------------------------------------------------------------------

      Code (inc. data)   RO Data    RW Data    ZI Data      Debug   Library Member Name

        86          0          0          0          0          0   __dczerorl2.o
        28          0          0          0          0         76   calloc.o
         8          4        133          0          0         68   ctype_o.o
         0          0          0          0          0          0   entry.o
         0          0          0          0          0          0   entry10a.o
         0          0          0          0          0          0   entry11a.o
         8          4          0          0          0          0   entry2.o
         4          0          0          0          0          0   entry5.o
         0          0          0          0          0          0   entry7b.o
         0          0          0          0          0          0   entry8b.o
         8          4          0          0          0          0   entry9a.o
        30          0          0          0          0          0   handlers.o
        36          8          0          0          0         68   init.o
        30          0          0          0          0         68   llshl.o
        32          0          0          0          0         68   llushr.o
       188         20          0          0          0        160   malloc.o
        26          0          0          0          0         80   memcmp.o
        66          0          0          0          0         76   memmove.o
        36          0          0          0          0        108   memseta.o
         0          0          0          8          0          0   mvars.o
        14          0          0          0          0         68   strlen.o
        98          0          0          0          0         92   uldiv.o
      1644          0          0          0          0          0   occ_bigint256.s.obj
        64          0          0          0          0          0   occ_constant_time.s.obj
       456          4         32          0          0          0   occ_curve25519.c.obj
      1036         32        192         32          0          0   occ_curve_p256.c.obj
        88          0          0          0          0          0   occ_ecdh_p256.c.obj
        72          0          0          0          0          0   occ_ed25519.c.obj
      1004         20       1632          0          0          0   occ_ge25519.c.obj
       700          0          0          0          0          0   occ_mod25519.c.obj
      1644          0          0          0          0          0   occ_mod25519_base.s.obj
       528          0          0          0          0          0   occ_mod_p256.c.obj
      1720          0          0          0          0          0   occ_mod_p256_base.s.obj
       176          4         32          0          0          0   occ_sc25519.c.obj
        80          4         32          0          0          0   occ_sc_p256.c.obj
      2696         76        640          0          0          0   occ_sha512.c.obj
       792          0          0          0          0          0   occ_sha512_loop.c.obj

    ----------------------------------------------------------------------
     13408        184       2700         40          0        932   Library Totals
        10          4          7          0          0          0   (incl. Padding)

    ----------------------------------------------------------------------

      Code (inc. data)   RO Data    RW Data    ZI Data      Debug   Library Name

       698         40        133          8          0        932   mc_w.l
     12700        140       2560         32          0          0   oberon_short_wchar_2.0.5.lib

    ----------------------------------------------------------------------
     13408        184       2700         40          0        932   Library Totals

    ----------------------------------------------------------------------

==============================================================================


      Code (inc. data)   RO Data    RW Data    ZI Data      Debug   

     80952       9564      22920       1024      22600    1633604   Grand Totals
     80952       9564      22920        216      22600    1633604   ELF Image Totals (compressed)
     80952       9564      22920        216          0          0   ROM Totals

==============================================================================

    Total RO  Size (Code + RO Data)               103872 ( 101.44kB)
    Total RW  Size (RW Data + ZI Data)             23624 (  23.07kB)
    Total ROM Size (Code + RO Data + RW Data)     104088 ( 101.65kB)

==============================================================================

