<html>
<body>
<pre>
<h1>µVision Build Log</h1>
<h2>Tool Versions:</h2>
IDE-Version: ¦ÌVision V5.26.2.0
Copyright (C) 2018 ARM Ltd and ARM Germany GmbH. All rights reserved.
License Information: li lfwen, ingeek, LIC=D0DWF-6S57F-SYSVA-1CFSP-95MI1-94TP5
 
Tool Versions:
Toolchain:       MDK-ARM Plus  Version: 5.26.2.0
Toolchain Path:  C:\Keil_v5\ARM\ARMCC\Bin
C Compiler:      Armcc.exe V5.06 update 6 (build 750)
Assembler:       Armasm.exe V5.06 update 6 (build 750)
Linker/Locator:  ArmLink.exe V5.06 update 6 (build 750)
Library Manager: ArmAr.exe V5.06 update 6 (build 750)
Hex Converter:   FromElf.exe V5.06 update 6 (build 750)
CPU DLL:         
Dialog DLL:      
Target DLL:      Segger\JL2CM3.dll V2.99.31.0
Dialog DLL:      TCM.DLL V1.36.1.0
 
<h2>Project:</h2>
C:\Users\lfwen\OneDrive\shanghaijinxing\github\ble_services\nRF5_SDK_15.2.0_9412b96\examples\ble_peripheral\ble_app_hrs_sdk\pca10040\s132\arm5_no_packs\ble_app_hrs_pca10040_s132.uvprojx
Project File Date:  01/07/2019

<h2>Output:</h2>
*** Using Compiler 'V5.06 update 6 (build 750)', folder: 'C:\Keil_v5\ARM\ARMCC\Bin'
Build target 'nrf52832_xxaa'
compiling ikcmdif.c...
..\..\..\ikcmd\src\ikcmdif.c(56): warning:  #940-D: missing return statement at end of non-void function "ikcmdStart" 
  }
..\..\..\ikcmd\src\ikcmdif.c(147): warning:  #177-D: variable "status"  was declared but never referenced
  uint8_t status;
..\..\..\ikcmd\src\ikcmdif.c(328): warning:  #177-D: variable "Retval2"  was declared but never referenced
  	uint8_t Retval,Retval2,Retval3,Retval4,ByteStart,BitStart,BitLength,Scase;
..\..\..\ikcmd\src\ikcmdif.c(328): warning:  #177-D: variable "Retval3"  was declared but never referenced
  	uint8_t Retval,Retval2,Retval3,Retval4,ByteStart,BitStart,BitLength,Scase;
..\..\..\ikcmd\src\ikcmdif.c(328): warning:  #177-D: variable "Retval4"  was declared but never referenced
  	uint8_t Retval,Retval2,Retval3,Retval4,ByteStart,BitStart,BitLength,Scase;
..\..\..\ikcmd\src\ikcmdif.c: 5 warnings, 0 errors
linking...
Program Size: Code=90000 RO-data=21260 RW-data=940 ZI-data=25292  
FromELF: creating hex file...
".\_build\nrf52832_xxaa.axf" - 0 Error(s), 5 Warning(s).

<h2>Software Packages used:</h2>

Package Vendor: ARM
                http://www.keil.com/pack/ARM.CMSIS.4.5.0.pack
                ARM.CMSIS.4.5.0
                CMSIS (Cortex Microcontroller Software Interface Standard)
   * Component: CORE Version: 4.3.0

Package Vendor: NordicSemiconductor
                http://developer.nordicsemi.com/nRF5_SDK/pieces/nRF_DeviceFamilyPack/NordicSemiconductor.nRF_DeviceFamilyPack.8.17.0.pack
                NordicSemiconductor.nRF_DeviceFamilyPack.8.17.0
                Nordic Semiconductor nRF ARM devices Device Family Pack.
   * Component: Startup Version: 8.17.0

<h2>Collection of Component include folders:</h2>
  .\RTE\_nrf52832_xxaa
  C:\Keil_v5\ARM\PACK\ARM\CMSIS\4.5.0\CMSIS\Include
  C:\Keil_v5\ARM\PACK\NordicSemiconductor\nRF_DeviceFamilyPack\8.17.0\Device\Include

<h2>Collection of Component Files used:</h2>

   * Component: ARM::CMSIS:CORE:4.3.0

   * Component: NordicSemiconductor::Device:Startup:8.17.0
      Source file:   Device\Source\system_nrf52.c
      Source file:   Device\Source\arm\arm_startup_nrf52.s
      Include file:  Device\Include\system_nrf52.h
Build Time Elapsed:  00:00:06
</pre>
</body>
</html>
