<html>
<body>
<pre>
<h1>µVision Build Log</h1>
<h2>Tool Versions:</h2>
IDE-Version: ¦ÌVision V5.26.2.0
Copyright (C) 2018 ARM Ltd and ARM Germany GmbH. All rights reserved.
License Information: li lfwen, ingeek, LIC=D0DWF-6S57F-SYSVA-1CFSP-95MI1-94TP5
 
Tool Versions:
Toolchain:       MDK-ARM Plus  Version: 5.26.2.0
Toolchain Path:  C:\Keil_v5\ARM\ARMCC\Bin
C Compiler:      Armcc.exe V5.06 update 6 (build 750)
Assembler:       Armasm.exe V5.06 update 6 (build 750)
Linker/Locator:  ArmLink.exe V5.06 update 6 (build 750)
Library Manager: ArmAr.exe V5.06 update 6 (build 750)
Hex Converter:   FromElf.exe V5.06 update 6 (build 750)
CPU DLL:         
Dialog DLL:      
Target DLL:      Segger\JL2CM3.dll V2.99.31.0
Dialog DLL:      TCM.DLL V1.36.1.0
 
<h2>Project:</h2>
C:\Users\lfwen\OneDrive\shanghaijinxing\github\ble_services\nRF5_SDK_15.2.0_9412b96\examples\ble_peripheral\ble_app_hrs_sdk\pca10040\s132\arm5_no_packs\ble_app_hrs_pca10040_s132.uvprojx
Project File Date:  12/12/2018

<h2>Output:</h2>
*** Using Compiler 'V5.06 update 6 (build 750)', folder: 'C:\Keil_v5\ARM\ARMCC\Bin'
Build target 'nrf52832_xxaa'
compiling main.c...
..\..\..\main.c(302): warning:  #550-D: variable "err_code"  was set but never used
      uint32_t err_code;
..\..\..\main.c(680): warning:  #177-D: variable "outlen"  was declared but never referenced
  	unsigned int outlen;
..\..\..\main.c(681): warning:  #177-D: variable "preply_data"  was declared but never referenced
  	uint8_t *preply_data;
..\..\..\main.c(734): warning:  #177-D: variable "outlen"  was declared but never referenced
  	unsigned int outlen;
..\..\..\main.c(735): warning:  #177-D: variable "preply_data"  was declared but never referenced
  	uint8_t *preply_data;
..\..\..\main.c(773): warning:  #177-D: variable "cmd"  was declared but never referenced
  	uint8_t cmd;
..\..\..\main.c(811): warning:  #177-D: variable "status"  was declared but never referenced
  	uint8_t status = 0;
..\..\..\main.c(1145): warning:  #177-D: variable "preply_data"  was declared but never referenced
  	uint8_t *preply_data;
..\..\..\main.c(1146): warning:  #177-D: variable "outlen"  was declared but never referenced
  	unsigned int outlen;
..\..\..\main.c(299): warning:  #177-D: function "ikif_random_vector_generate"  was declared but never referenced
  static int ikif_random_vector_generate(void * seed ,unsigned char * p_buff, uint32_t size)
..\..\..\main.c(992): warning:  #177-D: function "sensor_simulator_init"  was declared but never referenced
  static void sensor_simulator_init(void)
..\..\..\main.c: 11 warnings, 0 errors
linking...
Program Size: Code=83636 RO-data=20948 RW-data=820 ZI-data=23460  
FromELF: creating hex file...
".\_build\nrf52832_xxaa.axf" - 0 Error(s), 11 Warning(s).

<h2>Software Packages used:</h2>

Package Vendor: ARM
                http://www.keil.com/pack/ARM.CMSIS.4.5.0.pack
                ARM.CMSIS.4.5.0
                CMSIS (Cortex Microcontroller Software Interface Standard)
   * Component: CORE Version: 4.3.0

Package Vendor: NordicSemiconductor
                http://developer.nordicsemi.com/nRF5_SDK/pieces/nRF_DeviceFamilyPack/NordicSemiconductor.nRF_DeviceFamilyPack.8.17.0.pack
                NordicSemiconductor.nRF_DeviceFamilyPack.8.17.0
                Nordic Semiconductor nRF ARM devices Device Family Pack.
   * Component: Startup Version: 8.17.0

<h2>Collection of Component include folders:</h2>
  .\RTE\_nrf52832_xxaa
  C:\Keil_v5\ARM\PACK\ARM\CMSIS\4.5.0\CMSIS\Include
  C:\Keil_v5\ARM\PACK\NordicSemiconductor\nRF_DeviceFamilyPack\8.17.0\Device\Include

<h2>Collection of Component Files used:</h2>

   * Component: ARM::CMSIS:CORE:4.3.0

   * Component: NordicSemiconductor::Device:Startup:8.17.0
      Source file:   Device\Source\system_nrf52.c
      Include file:  Device\Include\system_nrf52.h
      Source file:   Device\Source\arm\arm_startup_nrf52.s
Build Time Elapsed:  00:00:10
</pre>
</body>
</html>
