Component: ARM Compiler 5.06 update 6 (build 750) Tool: armlink [4d35ed]

==============================================================================

Section Cross References

    main.o(i.Handle_active) refers to nrf_log_frontend.o(i.nrf_log_frontend_std_0) for nrf_log_frontend_std_0
    main.o(i.Handle_active) refers to digital_key_api.o(i.ingeek_get_sec_status) for ingeek_get_sec_status
    main.o(i.Handle_active) refers to main.o(i.ble_send_notify) for ble_send_notify
    main.o(i.Handle_active) refers to digital_key_api.o(i.ingeek_pull_info) for ingeek_pull_info
    main.o(i.Handle_active) refers to nrf_log_frontend.o(log_const_data) for m_nrf_log_app_logs_data_const
    main.o(i.Handle_active) refers to main.o(.data) for .data
    main.o(i.Handle_active) refers to main.o(.bss) for .bss
    main.o(i.Handle_auth) refers to digital_key_api.o(i.ingeek_push_auth) for ingeek_push_auth
    main.o(i.Handle_auth) refers to digital_key_api.o(i.ingeek_get_sec_status) for ingeek_get_sec_status
    main.o(i.Handle_auth) refers to main.o(i.ble_send_notify) for ble_send_notify
    main.o(i.Handle_broadcast) refers to nrf_log_frontend.o(i.nrf_log_frontend_std_0) for nrf_log_frontend_std_0
    main.o(i.Handle_broadcast) refers to digital_key_api.o(i.ingeek_get_sec_status) for ingeek_get_sec_status
    main.o(i.Handle_broadcast) refers to main.o(i.Handle_active) for Handle_active
    main.o(i.Handle_broadcast) refers to nrf_log_frontend.o(i.nrf_log_frontend_std_1) for nrf_log_frontend_std_1
    main.o(i.Handle_broadcast) refers to nrf_log_frontend.o(log_const_data) for m_nrf_log_app_logs_data_const
    main.o(i.Handle_cmd) refers to digital_key_api.o(i.ingeek_command_input_action) for ingeek_command_input_action
    main.o(i.Handle_cmd) refers to nrf_log_frontend.o(i.nrf_log_frontend_std_1) for nrf_log_frontend_std_1
    main.o(i.Handle_cmd) refers to ikcmdif.o(i.ikcmdSendUart) for ikcmdSendUart
    main.o(i.Handle_cmd) refers to digital_key_api.o(i.ingeek_command_output_action) for ingeek_command_output_action
    main.o(i.Handle_cmd) refers to main.o(i.ble_send_notify) for ble_send_notify
    main.o(i.Handle_cmd) refers to nrf_log_frontend.o(log_const_data) for m_nrf_log_app_logs_data_const
    main.o(i.Handle_disconnect) refers to digital_key_api.o(i.ingeek_se_final) for ingeek_se_final
    main.o(i.Handle_disconnect) refers to digital_key_api.o(i.ingeek_get_sec_status) for ingeek_get_sec_status
    main.o(i.Handle_disconnect) refers to nrf_log_frontend.o(i.nrf_log_frontend_std_1) for nrf_log_frontend_std_1
    main.o(i.Handle_disconnect) refers to nrf_log_frontend.o(i.nrf_log_frontend_std_0) for nrf_log_frontend_std_0
    main.o(i.Handle_disconnect) refers to nrf_log_frontend.o(log_const_data) for m_nrf_log_app_logs_data_const
    main.o(i.Handle_info) refers to digital_key_api.o(i.ingeek_push_info) for ingeek_push_info
    main.o(i.Handle_info) refers to digital_key_api.o(i.ingeek_get_sec_status) for ingeek_get_sec_status
    main.o(i.Handle_info) refers to main.o(i.ble_send_notify) for ble_send_notify
    main.o(i.Handle_info) refers to digital_key_api.o(i.ingeek_pull_info) for ingeek_pull_info
    main.o(i.Handle_info) refers to main.o(.data) for .data
    main.o(i.Handle_info) refers to main.o(.bss) for .bss
    main.o(i.Handle_session) refers to nrf_log_frontend.o(i.nrf_log_frontend_hexdump) for nrf_log_frontend_hexdump
    main.o(i.Handle_session) refers to nrf_log_frontend.o(i.nrf_log_frontend_std_1) for nrf_log_frontend_std_1
    main.o(i.Handle_session) refers to digital_key_api.o(i.ingeek_push_session) for ingeek_push_session
    main.o(i.Handle_session) refers to digital_key_api.o(i.ingeek_get_sec_status) for ingeek_get_sec_status
    main.o(i.Handle_session) refers to main.o(i.ble_send_notify) for ble_send_notify
    main.o(i.Handle_session) refers to nrf_log_frontend.o(log_const_data) for m_nrf_log_app_logs_data_const
    main.o(i.Handle_session) refers to main.o(.data) for .data
    main.o(i.Handle_session) refers to main.o(.bss) for .bss
    main.o(i.Rand_CB1) refers to nrf_log_frontend.o(i.nrf_log_frontend_std_0) for nrf_log_frontend_std_0
    main.o(i.Rand_CB1) refers to memmove.o(.text) for __aeabi_memcpy
    main.o(i.Rand_CB1) refers to nrf_log_frontend.o(i.nrf_log_frontend_hexdump) for nrf_log_frontend_hexdump
    main.o(i.Rand_CB1) refers to nrf_log_frontend.o(log_const_data) for m_nrf_log_app_logs_data_const
    main.o(i.Rand_CB1) refers to main.o(.data) for .data
    main.o(i.advertising_start) refers to nrf_log_frontend.o(i.nrf_log_frontend_std_0) for nrf_log_frontend_std_0
    main.o(i.advertising_start) refers to peer_manager.o(i.pm_peers_delete) for pm_peers_delete
    main.o(i.advertising_start) refers to ble_advertising.o(i.ble_advertising_start) for ble_advertising_start
    main.o(i.advertising_start) refers to app_error.o(i.app_error_handler_bare) for app_error_handler_bare
[...]
    0x00032706   0x00032706   0x00000010   Code   RO         9658    i.mbedtls_ctr_drbg_seed  ctr_drbg.o
    0x00032716   0x00032716   0x0000004c   Code   RO         9659    i.mbedtls_ctr_drbg_seed_entropy_len  ctr_drbg.o
    0x00032762   0x00032762   0x0000007e   Code   RO         7868    i.memobj_op         nrf_memobj.o
    0x000327e0   0x000327e0   0x00000030   Code   RO         8875    i.module_idx_get    nrf_log_frontend.o
    0x00032810   0x00032810   0x00000008   Code   RO         3706    i.mutex_lock_status_get  pm_buffer.o
    0x00032818   0x00032818   0x000000a6   Code   RO         1593    i.name_encode       ble_advdata.o
    0x000328be   0x000328be   0x00000002   PAD
    0x000328c0   0x000328c0   0x00000014   Code   RO         3900    i.new_context_get   security_manager.o
    0x000328d4   0x000328d4   0x00000030   Code   RO         3226    i.next_id_get       peer_id.o
    0x00032904   0x00032904   0x00000010   Code   RO         7482    i.nrf_atfifo_clear  nrf_atfifo.o
    0x00032914   0x00032914   0x00000026   Code   RO         7484    i.nrf_atfifo_init   nrf_atfifo.o
    0x0003293a   0x0003293a   0x00000016   Code   RO         7485    i.nrf_atfifo_item_alloc  nrf_atfifo.o
    0x00032950   0x00032950   0x00000016   Code   RO         7486    i.nrf_atfifo_item_free  nrf_atfifo.o
    0x00032966   0x00032966   0x00000016   Code   RO         7487    i.nrf_atfifo_item_get  nrf_atfifo.o
    0x0003297c   0x0003297c   0x00000016   Code   RO         7488    i.nrf_atfifo_item_put  nrf_atfifo.o
    0x00032992   0x00032992   0x00000016   Code   RO         7550    i.nrf_atflags_clear  nrf_atflags.o
    0x000329a8   0x000329a8   0x00000020   Code   RO         7552    i.nrf_atflags_fetch_set  nrf_atflags.o
    0x000329c8   0x000329c8   0x0000004a   Code   RO         7554    i.nrf_atflags_find_and_set_flag  nrf_atflags.o
    0x00032a12   0x00032a12   0x00000016   Code   RO         7555    i.nrf_atflags_get   nrf_atflags.o
    0x00032a28   0x00032a28   0x00000014   Code   RO         7557    i.nrf_atflags_set   nrf_atflags.o
    0x00032a3c   0x00032a3c   0x00000006   Code   RO         7618    i.nrf_atomic_flag_clear_fetch  nrf_atomic.o
    0x00032a42   0x00032a42   0x00000006   Code   RO         7619    i.nrf_atomic_flag_set  nrf_atomic.o
    0x00032a48   0x00032a48   0x00000006   Code   RO         7620    i.nrf_atomic_flag_set_fetch  nrf_atomic.o
    0x00032a4e   0x00032a4e   0x0000000c   Code   RO         7621    i.nrf_atomic_u32_add  nrf_atomic.o
    0x00032a5a   0x00032a5a   0x0000000c   Code   RO         7622    i.nrf_atomic_u32_and  nrf_atomic.o
    0x00032a66   0x00032a66   0x0000000a   Code   RO         7624    i.nrf_atomic_u32_fetch_add  nrf_atomic.o
    0x00032a70   0x00032a70   0x0000000a   Code   RO         7625    i.nrf_atomic_u32_fetch_and  nrf_atomic.o
    0x00032a7a   0x00032a7a   0x0000000a   Code   RO         7626    i.nrf_atomic_u32_fetch_or  nrf_atomic.o
    0x00032a84   0x00032a84   0x0000000a   Code   RO         7627    i.nrf_atomic_u32_fetch_store  nrf_atomic.o
    0x00032a8e   0x00032a8e   0x0000000c   Code   RO         7631    i.nrf_atomic_u32_or  nrf_atomic.o
    0x00032a9a   0x00032a9a   0x0000000c   Code   RO         7633    i.nrf_atomic_u32_sub  nrf_atomic.o
    0x00032aa6   0x00032aa6   0x00000044   Code   RO         7752    i.nrf_balloc_alloc  nrf_balloc.o
    0x00032aea   0x00032aea   0x00000030   Code   RO         7753    i.nrf_balloc_free   nrf_balloc.o
    0x00032b1a   0x00032b1a   0x00000030   Code   RO         7754    i.nrf_balloc_init   nrf_balloc.o
    0x00032b4a   0x00032b4a   0x00000010   Code   RO         5828    i.nrf_bitmask_bit_is_set  nrfx_gpiote.o
    0x00032b5a   0x00032b5a   0x00000014   Code   RO         5829    i.nrf_bitmask_bit_set  nrfx_gpiote.o
    0x00032b6e   0x00032b6e   0x00000022   Code   RO         2510    i.nrf_ble_gatt_init  nrf_ble_gatt.o
    0x00032b90   0x00032b90   0x00000150   Code   RO         2511    i.nrf_ble_gatt_on_ble_evt  nrf_ble_gatt.o
    0x00032ce0   0x00032ce0   0x00000074   Code   RO         2606    i.nrf_ble_lesc_init  nrf_ble_lesc.o
    0x00032d54   0x00032d54   0x00000144   Code   RO         2607    i.nrf_ble_lesc_keypair_generate  nrf_ble_lesc.o
    0x00032e98   0x00032e98   0x00000044   Code   RO         2608    i.nrf_ble_lesc_on_ble_evt  nrf_ble_lesc.o
    0x00032edc   0x00032edc   0x0000003c   Code   RO         2609    i.nrf_ble_lesc_public_key_get  nrf_ble_lesc.o
    0x00032f18   0x00032f18   0x0000004c   Code   RO         2610    i.nrf_ble_lesc_request_handler  nrf_ble_lesc.o
    0x00032f64   0x00032f64   0x00000016   Code   RO         2919    i.nrf_ble_qwr_conn_handle_assign  nrf_ble_qwr.o
    0x00032f7a   0x00032f7a   0x00000024   Code   RO         2920    i.nrf_ble_qwr_init  nrf_ble_qwr.o
    0x00032f9e   0x00032f9e   0x000000b6   Code   RO         2921    i.nrf_ble_qwr_on_ble_evt  nrf_ble_qwr.o
    0x00033054   0x00033054   0x0000000e   Code   RO         5690    i.nrf_clock_event_check  nrfx_clock.o
    0x00033062   0x00033062   0x00000010   Code   RO         5691    i.nrf_clock_event_clear  nrfx_clock.o
    0x00033072   0x00033072   0x00000010   Code   RO         5089    i.nrf_crypto_backend_curve25519_ecdh_compute  oberon_backend_ecdh.o
    0x00033082   0x00033082   0x0000003a   Code   RO         4967    i.nrf_crypto_backend_curve25519_key_pair_generate  oberon_backend_ecc.o
    0x000330bc   0x000330bc   0x00000010   Code   RO         4968    i.nrf_crypto_backend_curve25519_public_key_calculate  oberon_backend_ecc.o
    0x000330cc   0x000330cc   0x00000032   Code   RO         4969    i.nrf_crypto_backend_ed25519_key_pair_generate  oberon_backend_ecc.o
    0x000330fe   0x000330fe   0x0000001c   Code   RO         4970    i.nrf_crypto_backend_ed25519_private_key_from_raw  oberon_backend_ecc.o
    0x0003311a   0x0003311a   0x00000012   Code   RO         4971    i.nrf_crypto_backend_ed25519_public_key_calculate  oberon_backend_ecc.o
    0x0003312c   0x0003312c   0x00000010   Code   RO         4972    i.nrf_crypto_backend_oberon_ecc_secp256r1_rng  oberon_backend_ecc.o
    0x0003313c   0x0003313c   0x00000010   Code   RO         4973    i.nrf_crypto_backend_oberon_private_key_from_raw  oberon_backend_ecc.o
    0x0003314c   0x0003314c   0x00000016   Code   RO         4974    i.nrf_crypto_backend_oberon_private_key_to_raw  oberon_backend_ecc.o
    0x00033162   0x00033162   0x00000010   Code   RO         4975    i.nrf_crypto_backend_oberon_public_key_from_raw  oberon_backend_ecc.o
    0x00033172   0x00033172   0x00000016   Code   RO         4976    i.nrf_crypto_backend_oberon_public_key_to_raw  oberon_backend_ecc.o
    0x00033188   0x00033188   0x00000016   Code   RO         5090    i.nrf_crypto_backend_secp256r1_ecdh_compute  oberon_backend_ecdh.o
    0x0003319e   0x0003319e   0x00000026   Code   RO         4977    i.nrf_crypto_backend_secp256r1_key_pair_generate  oberon_backend_ecc.o
    0x000331c4   0x000331c4   0x00000016   Code   RO         4978    i.nrf_crypto_backend_secp256r1_public_key_calculate  oberon_backend_ecc.o
    0x000331da   0x000331da   0x00000048   Code   RO         4372    i.nrf_crypto_ecc_byte_order_invert  nrf_crypto_ecc.o
    0x00033222   0x00033222   0x00000002   PAD
    0x00033224   0x00033224   0x00000088   Code   RO         4374    i.nrf_crypto_ecc_key_pair_generate  nrf_crypto_ecc.o
    0x000332ac   0x000332ac   0x00000048   Code   RO         4380    i.nrf_crypto_ecc_public_key_from_raw  nrf_crypto_ecc.o
    0x000332f4   0x000332f4   0x00000044   Code   RO         4381    i.nrf_crypto_ecc_public_key_to_raw  nrf_crypto_ecc.o
    0x00033338   0x00033338   0x000000a0   Code   RO         4473    i.nrf_crypto_ecdh_compute  nrf_crypto_ecdh.o
    0x000333d8   0x000333d8   0x00000040   Code   RO         4755    i.nrf_crypto_init   nrf_crypto_init.o
    0x00033418   0x00033418   0x00000018   Code   RO         4382    i.nrf_crypto_internal_ecc_key_input_check  nrf_crypto_ecc.o
    0x00033430   0x00033430   0x0000001a   Code   RO         4383    i.nrf_crypto_internal_ecc_key_output_prepare  nrf_crypto_ecc.o
    0x0003344a   0x0003344a   0x00000016   Code   RO         4384    i.nrf_crypto_internal_ecc_raw_input_check  nrf_crypto_ecc.o
    0x00033460   0x00033460   0x0000001c   Code   RO         4385    i.nrf_crypto_internal_ecc_raw_output_prepare  nrf_crypto_ecc.o
    0x0003347c   0x0003347c   0x0000001c   Code   RO         4757    i.nrf_crypto_is_initializing  nrf_crypto_init.o
    0x00033498   0x00033498   0x00000034   Code   RO         5339    i.nrf_crypto_rng_backend_init  nrf_hw_backend_rng_mbedtls.o
    0x000334cc   0x000334cc   0x00000014   Code   RO         5340    i.nrf_crypto_rng_backend_reseed  nrf_hw_backend_rng_mbedtls.o
    0x000334e0   0x000334e0   0x00000010   Code   RO         5341    i.nrf_crypto_rng_backend_uninit  nrf_hw_backend_rng_mbedtls.o
    0x000334f0   0x000334f0   0x00000010   Code   RO         5342    i.nrf_crypto_rng_backend_vector_generate  nrf_hw_backend_rng_mbedtls.o
    0x00033500   0x00033500   0x000000b4   Code   RO         4803    i.nrf_crypto_rng_init  nrf_crypto_rng.o
    0x000335b4   0x000335b4   0x00000098   Code   RO         4804    i.nrf_crypto_rng_reseed  nrf_crypto_rng.o
    0x0003364c   0x0003364c   0x00000038   Code   RO         4805    i.nrf_crypto_rng_uninit  nrf_crypto_rng.o
    0x00033684   0x00033684   0x00000006   Code   RO         4806    i.nrf_crypto_rng_vector_generate  nrf_crypto_rng.o
    0x0003368a   0x0003368a   0x0000000c   Code   RO         4807    i.nrf_crypto_rng_vector_generate_in_range  nrf_crypto_rng.o
    0x00033696   0x00033696   0x00000002   PAD
    0x00033698   0x00033698   0x00000038   Code   RO         5425    i.nrf_drv_clock_init  nrf_drv_clock.o
    0x000336d0   0x000336d0   0x00000030   Code   RO         5429    i.nrf_drv_clock_lfclk_release  nrf_drv_clock.o
    0x00033700   0x00033700   0x00000028   Code   RO         5560    i.nrf_drv_rng_block_rand  nrf_drv_rng.o
    0x00033728   0x00033728   0x00000058   Code   RO         5562    i.nrf_drv_rng_init  nrf_drv_rng.o
    0x00033780   0x00033780   0x00000060   Code   RO         5563    i.nrf_drv_rng_rand  nrf_drv_rng.o
    0x000337e0   0x000337e0   0x00000038   Code   RO         5564    i.nrf_drv_rng_uninit  nrf_drv_rng.o
    0x00033818   0x00033818   0x00000068   Code   RO         5637    i.nrf_drv_uart_init  nrf_drv_uart.o
    0x00033880   0x00033880   0x00000020   Code   RO         6858    i.nrf_drv_uart_rx   app_uart_fifo.o
    0x000338a0   0x000338a0   0x00000020   Code   RO         6859    i.nrf_drv_uart_tx   app_uart_fifo.o
    0x000338c0   0x000338c0   0x0000001a   Code   RO         7789    i.nrf_fprintf       nrf_fprintf.o
    0x000338da   0x000338da   0x00000018   Code   RO         7790    i.nrf_fprintf_buffer_flush  nrf_fprintf.o
    0x000338f2   0x000338f2   0x000001da   Code   RO         7830    i.nrf_fprintf_fmt   nrf_fprintf_format.o
    0x00033acc   0x00033acc   0x00000138   Code   RO         6703    i.nrf_fstorage_erase  nrf_fstorage.o
    0x00033c04   0x00033c04   0x00000094   Code   RO         6704    i.nrf_fstorage_init  nrf_fstorage.o
    0x00033c98   0x00033c98   0x00000160   Code   RO         6706    i.nrf_fstorage_read  nrf_fstorage.o
    0x00033df8   0x00033df8   0x00000018   Code   RO         6590    i.nrf_fstorage_sdh_req_handler  nrf_fstorage_sd.o
    0x00033e10   0x00033e10   0x00000020   Code   RO         6591    i.nrf_fstorage_sdh_state_handler  nrf_fstorage_sd.o
    0x00033e30   0x00033e30   0x000000a4   Code   RO         6592    i.nrf_fstorage_sys_evt_handler  nrf_fstorage_sd.o
    0x00033ed4   0x00033ed4   0x000001dc   Code   RO         6710    i.nrf_fstorage_write  nrf_fstorage.o
    0x000340b0   0x000340b0   0x00000024   Code   RO         1195    i.nrf_gpio_cfg      boards.o
    0x000340d4   0x000340d4   0x00000024   Code   RO         5830    i.nrf_gpio_cfg      nrfx_gpiote.o
    0x000340f8   0x000340f8   0x00000024   Code   RO         6244    i.nrf_gpio_cfg      nrfx_uart.o
    0x0003411c   0x0003411c   0x00000024   Code   RO         6433    i.nrf_gpio_cfg      nrfx_uarte.o
    0x00034140   0x00034140   0x00000012   Code   RO         6246    i.nrf_gpio_cfg_input  nrfx_uart.o
    0x00034152   0x00034152   0x00000012   Code   RO         6435    i.nrf_gpio_cfg_input  nrfx_uarte.o
    0x00034164   0x00034164   0x00000014   Code   RO         6247    i.nrf_gpio_cfg_output  nrfx_uart.o
    0x00034178   0x00034178   0x00000014   Code   RO         6436    i.nrf_gpio_cfg_output  nrfx_uarte.o
    0x0003418c   0x0003418c   0x00000022   Code   RO         5832    i.nrf_gpio_cfg_sense_set  nrfx_gpiote.o
    0x000341ae   0x000341ae   0x00000016   Code   RO         1196    i.nrf_gpio_pin_write  boards.o
    0x000341c4   0x000341c4   0x00000028   Code   RO         5833    i.nrf_gpio_ports_read  nrfx_gpiote.o
    0x000341ec   0x000341ec   0x00000014   Code   RO         5834    i.nrf_gpiote_event_clear  nrfx_gpiote.o
    0x00034200   0x00034200   0x00000010   Code   RO         5835    i.nrf_gpiote_event_is_set  nrfx_gpiote.o
    0x00034210   0x00034210   0x00000008   Code   RO         5289    i.nrf_hw_backend_init  nrf_hw_backend_init.o
    0x00034218   0x00034218   0x00000004   Code   RO         5290    i.nrf_hw_backend_uninit  nrf_hw_backend_init.o
    0x0003421c   0x0003421c   0x0000005c   Code   RO         8876    i.nrf_log_backend_add  nrf_log_frontend.o
    0x00034278   0x00034278   0x00000002   Code   RO         8713    i.nrf_log_backend_rtt_flush  nrf_log_backend_rtt.o
    0x0003427a   0x0003427a   0x00000004   Code   RO         8714    i.nrf_log_backend_rtt_init  nrf_log_backend_rtt.o
    0x0003427e   0x0003427e   0x00000002   Code   RO         8715    i.nrf_log_backend_rtt_panic_set  nrf_log_backend_rtt.o
    0x00034280   0x00034280   0x00000018   Code   RO         8716    i.nrf_log_backend_rtt_put  nrf_log_backend_rtt.o
    0x00034298   0x00034298   0x000000c8   Code   RO         8782    i.nrf_log_backend_serial_put  nrf_log_backend_serial.o
    0x00034360   0x00034360   0x00000030   Code   RO         8878    i.nrf_log_color_id_get  nrf_log_frontend.o
    0x00034390   0x00034390   0x0000001c   Code   RO         8834    i.nrf_log_default_backends_init  nrf_log_default_backends.o
    0x000343ac   0x000343ac   0x00000234   Code   RO         8879    i.nrf_log_frontend_dequeue  nrf_log_frontend.o
    0x000345e0   0x000345e0   0x000000a8   Code   RO         8880    i.nrf_log_frontend_hexdump  nrf_log_frontend.o
    0x00034688   0x00034688   0x00000008   Code   RO         8881    i.nrf_log_frontend_std_0  nrf_log_frontend.o
    0x00034690   0x00034690   0x0000000e   Code   RO         8882    i.nrf_log_frontend_std_1  nrf_log_frontend.o
    0x0003469e   0x0003469e   0x00000010   Code   RO         8883    i.nrf_log_frontend_std_2  nrf_log_frontend.o
    0x000346ae   0x000346ae   0x00000012   Code   RO         8884    i.nrf_log_frontend_std_3  nrf_log_frontend.o
    0x000346c0   0x000346c0   0x00000014   Code   RO         8885    i.nrf_log_frontend_std_4  nrf_log_frontend.o
    0x000346d4   0x000346d4   0x0000001c   Code   RO         8886    i.nrf_log_frontend_std_5  nrf_log_frontend.o
    0x000346f0   0x000346f0   0x000000ac   Code   RO         9056    i.nrf_log_hexdump_entry_process  nrf_log_str_formatter.o
    0x0003479c   0x0003479c   0x0000003c   Code   RO         8888    i.nrf_log_init      nrf_log_frontend.o
    0x000347d8   0x000347d8   0x00000014   Code   RO         8889    i.nrf_log_module_cnt_get  nrf_log_frontend.o
    0x000347ec   0x000347ec   0x0000001c   Code   RO         8892    i.nrf_log_module_name_get  nrf_log_frontend.o
    0x00034808   0x00034808   0x0000002c   Code   RO         8893    i.nrf_log_panic     nrf_log_frontend.o
    0x00034834   0x00034834   0x000000b6   Code   RO         9057    i.nrf_log_std_entry_process  nrf_log_str_formatter.o
    0x000348ea   0x000348ea   0x00000060   Code   RO         7869    i.nrf_memobj_alloc  nrf_memobj.o
    0x0003494a   0x0003494a   0x00000032   Code   RO         7870    i.nrf_memobj_free   nrf_memobj.o
    0x0003497c   0x0003497c   0x00000008   Code   RO         7871    i.nrf_memobj_get    nrf_memobj.o
    0x00034984   0x00034984   0x00000004   Code   RO         7872    i.nrf_memobj_pool_init  nrf_memobj.o
    0x00034988   0x00034988   0x0000001e   Code   RO         7873    i.nrf_memobj_put    nrf_memobj.o
    0x000349a6   0x000349a6   0x00000010   Code   RO         7874    i.nrf_memobj_read   nrf_memobj.o
    0x000349b6   0x000349b6   0x00000010   Code   RO         7875    i.nrf_memobj_write  nrf_memobj.o
    0x000349c6   0x000349c6   0x00000002   PAD
    0x000349c8   0x000349c8   0x00000028   Code   RO         7947    i.nrf_pwr_mgmt_init  nrf_pwr_mgmt.o
    0x000349f0   0x000349f0   0x00000044   Code   RO         7948    i.nrf_pwr_mgmt_run  nrf_pwr_mgmt.o
    0x00034a34   0x00034a34   0x0000001e   Code   RO         8023    i.nrf_queue_is_full  nrf_queue.o
    0x00034a52   0x00034a52   0x0000000e   Code   RO         8026    i.nrf_queue_next_idx  nrf_queue.o
    0x00034a60   0x00034a60   0x000000b2   Code   RO         8028    i.nrf_queue_push    nrf_queue.o
    0x00034b12   0x00034b12   0x0000003e   Code   RO         8029    i.nrf_queue_read    nrf_queue.o
    0x00034b50   0x00034b50   0x00000022   Code   RO         8030    i.nrf_queue_reset   nrf_queue.o
    0x00034b72   0x00034b72   0x00000004   Code   RO           28    i.nrf_qwr_error_handler  main.o
    0x00034b76   0x00034b76   0x0000001c   Code   RO         8137    i.nrf_ringbuf_init  nrf_ringbuf.o
    0x00034b92   0x00034b92   0x00000002   PAD
    0x00034b94   0x00034b94   0x00000014   Code   RO         9487    i.nrf_sdh_ble_app_ram_start_get  nrf_sdh_ble.o
    0x00034ba8   0x00034ba8   0x00000130   Code   RO         9488    i.nrf_sdh_ble_default_cfg_set  nrf_sdh_ble.o
    0x00034cd8   0x00034cd8   0x00000130   Code   RO         9489    i.nrf_sdh_ble_enable  nrf_sdh_ble.o
    0x00034e08   0x00034e08   0x00000060   Code   RO         9490    i.nrf_sdh_ble_evts_poll  nrf_sdh_ble.o
    0x00034e68   0x00034e68   0x00000054   Code   RO         9368    i.nrf_sdh_disable_request  nrf_sdh.o
    0x00034ebc   0x00034ebc   0x00000074   Code   RO         9369    i.nrf_sdh_enable_request  nrf_sdh.o
    0x00034f30   0x00034f30   0x00000024   Code   RO         9370    i.nrf_sdh_evts_poll  nrf_sdh.o
    0x00034f54   0x00034f54   0x0000000c   Code   RO         9371    i.nrf_sdh_is_enabled  nrf_sdh.o
    0x00034f60   0x00034f60   0x0000001c   Code   RO         9373    i.nrf_sdh_request_continue  nrf_sdh.o
    0x00034f7c   0x00034f7c   0x0000003c   Code   RO         9541    i.nrf_sdh_soc_evts_poll  nrf_sdh_soc.o
    0x00034fb8   0x00034fb8   0x0000000a   Code   RO         8195    i.nrf_section_iter_init  nrf_section_iter.o
    0x00034fc2   0x00034fc2   0x00000024   Code   RO         8196    i.nrf_section_iter_item_set  nrf_section_iter.o
    0x00034fe6   0x00034fe6   0x00000020   Code   RO         8197    i.nrf_section_iter_next  nrf_section_iter.o
    0x00035006   0x00035006   0x00000002   PAD
    0x00035008   0x00035008   0x00000014   Code   RO         4810    i.nrf_stack_info_overflowed  nrf_crypto_rng.o
    0x0003501c   0x0003501c   0x00000038   Code   RO         8230    i.nrf_strerror_find  nrf_strerror.o
    0x00035054   0x00035054   0x00000014   Code   RO         8231    i.nrf_strerror_get  nrf_strerror.o
    0x00035068   0x00035068   0x0000000a   Code   RO         6248    i.nrf_uart_event_check  nrfx_uart.o
    0x00035072   0x00035072   0x0000000c   Code   RO         6249    i.nrf_uart_event_clear  nrfx_uart.o
    0x0003507e   0x0003507e   0x0000000c   Code   RO         6250    i.nrf_uart_int_enable_check  nrfx_uart.o
    0x0003508a   0x0003508a   0x0000000a   Code   RO         6437    i.nrf_uarte_event_check  nrfx_uarte.o
    0x00035094   0x00035094   0x0000000c   Code   RO         6438    i.nrf_uarte_event_clear  nrfx_uarte.o
    0x000350a0   0x000350a0   0x00000030   Code   RO         5696    i.nrfx_clock_enable  nrfx_clock.o
    0x000350d0   0x000350d0   0x00000020   Code   RO         5699    i.nrfx_clock_init   nrfx_clock.o
    0x000350f0   0x000350f0   0x0000001c   Code   RO         5702    i.nrfx_clock_lfclk_stop  nrfx_clock.o
    0x0003510c   0x0003510c   0x00000010   Code   RO         7098    i.nrfx_coredep_delay_us  app_timer.o
    0x0003511c   0x0003511c   0x000000a4   Code   RO         5840    i.nrfx_gpiote_in_event_enable  nrfx_gpiote.o
    0x000351c0   0x000351c0   0x000000d0   Code   RO         5841    i.nrfx_gpiote_in_init  nrfx_gpiote.o
    0x00035290   0x00035290   0x00000014   Code   RO         5842    i.nrfx_gpiote_in_is_set  nrfx_gpiote.o
    0x000352a4   0x000352a4   0x00000070   Code   RO         5844    i.nrfx_gpiote_init  nrfx_gpiote.o
    0x00035314   0x00035314   0x00000014   Code   RO         5845    i.nrfx_gpiote_is_init  nrfx_gpiote.o
    0x00035328   0x00035328   0x00000010   Code   RO         6439    i.nrfx_is_in_ram    nrfx_uarte.o
    0x00035338   0x00035338   0x0000003a   Code   RO         6124    i.nrfx_prs_acquire  nrfx_prs.o
    0x00035372   0x00035372   0x00000002   PAD
    0x00035374   0x00035374   0x00000038   Code   RO         5565    i.nrfx_rng_handler  nrf_drv_rng.o
    0x000353ac   0x000353ac   0x0000005c   Code   RO         6178    i.nrfx_rng_init     nrfx_rng.o
    0x00035408   0x00035408   0x00000020   Code   RO         6179    i.nrfx_rng_start    nrfx_rng.o
    0x00035428   0x00035428   0x00000014   Code   RO         6180    i.nrfx_rng_stop     nrfx_rng.o
    0x0003543c   0x0003543c   0x00000028   Code   RO         6181    i.nrfx_rng_uninit   nrfx_rng.o
    0x00035464   0x00035464   0x00000010   Code   RO         6251    i.nrfx_uart_0_irq_handler  nrfx_uart.o
    0x00035474   0x00035474   0x000000d4   Code   RO         6253    i.nrfx_uart_init    nrfx_uart.o
    0x00035548   0x00035548   0x000000ec   Code   RO         6254    i.nrfx_uart_rx      nrfx_uart.o
    0x00035634   0x00035634   0x000000a4   Code   RO         6259    i.nrfx_uart_tx      nrfx_uart.o
    0x000356d8   0x000356d8   0x00000020   Code   RO         6261    i.nrfx_uart_tx_in_progress  nrfx_uart.o
    0x000356f8   0x000356f8   0x00000010   Code   RO         6440    i.nrfx_uarte_0_irq_handler  nrfx_uarte.o
    0x00035708   0x00035708   0x0000006c   Code   RO         6442    i.nrfx_uarte_init   nrfx_uarte.o
    0x00035774   0x00035774   0x00000104   Code   RO         6443    i.nrfx_uarte_rx     nrfx_uarte.o
    0x00035878   0x00035878   0x00000090   Code   RO         6446    i.nrfx_uarte_tx     nrfx_uarte.o
    0x00035908   0x00035908   0x0000001c   Code   RO         6448    i.nrfx_uarte_tx_in_progress  nrfx_uarte.o
    0x00035924   0x00035924   0x00000004   Code   RO         4979    i.oberon_vector_generate  oberon_backend_ecc.o
    0x00035928   0x00035928   0x00000054   Code   RO           29    i.on_adv_evt        main.o
    0x0003597c   0x0003597c   0x0000001c   Code   RO           30    i.on_conn_params_evt  main.o
    0x00035998   0x00035998   0x000000a8   Code   RO         2512    i.on_connected_evt  nrf_ble_gatt.o
    0x00035a40   0x00035a40   0x000000fc   Code   RO         2611    i.on_dhkey_request  nrf_ble_lesc.o
    0x00035b3c   0x00035b3c   0x000000ac   Code   RO         2513    i.on_exchange_mtu_request_evt  nrf_ble_gatt.o
    0x00035be8   0x00035be8   0x000002c0   Code   RO         4192    i.on_write          ble_hrs.o
    0x00035ea8   0x00035ea8   0x00000024   Code   RO         8398    i.page_identify     fds.o
    0x00035ecc   0x00035ecc   0x0000001c   Code   RO         8399    i.page_offsets_update  fds.o
    0x00035ee8   0x00035ee8   0x0000006c   Code   RO         8400    i.page_scan         fds.o
    0x00035f54   0x00035f54   0x0000001c   Code   RO         8401    i.page_tag_write_data  fds.o
    0x00035f70   0x00035f70   0x00000024   Code   RO         8402    i.page_tag_write_swap  fds.o
    0x00035f94   0x00035f94   0x0000011c   Code   RO         8403    i.pages_init        fds.o
    0x000360b0   0x000360b0   0x0000000c   Code   RO         3760    i.pairing           security_dispatcher.o
    0x000360bc   0x000360bc   0x00000074   Code   RO         3761    i.pairing_failure   security_dispatcher.o
    0x00036130   0x00036130   0x0000002e   Code   RO         3762    i.pairing_success_evt_send  security_dispatcher.o
    0x0003615e   0x0003615e   0x00000006   Code   RO         3901    i.params_reply_pending_handle  security_manager.o
    0x00036164   0x00036164   0x00000028   Code   RO         3902    i.params_req_send   security_manager.o
    0x0003618c   0x0003618c   0x00000096   Code   RO        10620    i.pb_check_proto3_default_value  pb_encode.o
    0x00036222   0x00036222   0x00000022   Code   RO        10417    i.pb_close_string_substream  pb_decode.o
    0x00036244   0x00036244   0x0000008c   Code   RO        10418    i.pb_dec_bytes      pb_decode.o
    0x000362d0   0x000362d0   0x00000006   Code   RO        10419    i.pb_dec_fixed32    pb_decode.o
    0x000362d6   0x000362d6   0x00000006   Code   RO        10420    i.pb_dec_fixed64    pb_decode.o
    0x000362dc   0x000362dc   0x00000080   Code   RO        10421    i.pb_dec_fixed_length_bytes  pb_decode.o
    0x0003635c   0x0003635c   0x0000008c   Code   RO        10422    i.pb_dec_string     pb_decode.o
    0x000363e8   0x000363e8   0x00000078   Code   RO        10423    i.pb_dec_submessage  pb_decode.o
    0x00036460   0x00036460   0x00000094   Code   RO        10424    i.pb_dec_svarint    pb_decode.o
    0x000364f4   0x000364f4   0x00000094   Code   RO        10425    i.pb_dec_uvarint    pb_decode.o
    0x00036588   0x00036588   0x00000098   Code   RO        10426    i.pb_dec_varint     pb_decode.o
    0x00036620   0x00036620   0x0000001e   Code   RO        10427    i.pb_decode         pb_decode.o
    0x0003663e   0x0003663e   0x00000020   Code   RO        10430    i.pb_decode_fixed32  pb_decode.o
    0x0003665e   0x0003665e   0x0000005c   Code   RO        10431    i.pb_decode_fixed64  pb_decode.o
    0x000366ba   0x000366ba   0x00000002   PAD
    0x000366bc   0x000366bc   0x000001a4   Code   RO        10432    i.pb_decode_noinit  pb_decode.o
    0x00036860   0x00036860   0x0000003a   Code   RO        10434    i.pb_decode_svarint  pb_decode.o
    0x0003689a   0x0003689a   0x00000038   Code   RO        10435    i.pb_decode_tag     pb_decode.o
    0x000368d2   0x000368d2   0x00000002   PAD
    0x000368d4   0x000368d4   0x00000068   Code   RO        10436    i.pb_decode_varint  pb_decode.o
    0x0003693c   0x0003693c   0x00000006   Code   RO        10437    i.pb_decode_varint32  pb_decode.o
    0x00036942   0x00036942   0x00000002   PAD
    0x00036944   0x00036944   0x0000009c   Code   RO        10438    i.pb_decode_varint32_eof  pb_decode.o
    0x000369e0   0x000369e0   0x00000048   Code   RO        10621    i.pb_enc_bytes      pb_encode.o
    0x00036a28   0x00036a28   0x00000006   Code   RO        10622    i.pb_enc_fixed32    pb_encode.o
    0x00036a2e   0x00036a2e   0x00000006   Code   RO        10623    i.pb_enc_fixed64    pb_encode.o
    0x00036a34   0x00036a34   0x0000000a   Code   RO        10624    i.pb_enc_fixed_length_bytes  pb_encode.o
    0x00036a3e   0x00036a3e   0x00000036   Code   RO        10625    i.pb_enc_string     pb_encode.o
    0x00036a74   0x00036a74   0x00000034   Code   RO        10626    i.pb_enc_submessage  pb_encode.o
    0x00036aa8   0x00036aa8   0x00000050   Code   RO        10627    i.pb_enc_svarint    pb_encode.o
    0x00036af8   0x00036af8   0x00000054   Code   RO        10628    i.pb_enc_uvarint    pb_encode.o
    0x00036b4c   0x00036b4c   0x00000050   Code   RO        10629    i.pb_enc_varint     pb_encode.o
    0x00036b9c   0x00036b9c   0x00000070   Code   RO        10630    i.pb_encode         pb_encode.o
    0x00036c0c   0x00036c0c   0x00000024   Code   RO        10632    i.pb_encode_fixed32  pb_encode.o
    0x00036c30   0x00036c30   0x00000048   Code   RO        10633    i.pb_encode_fixed64  pb_encode.o
    0x00036c78   0x00036c78   0x00000022   Code   RO        10635    i.pb_encode_string  pb_encode.o
    0x00036c9a   0x00036c9a   0x00000002   PAD
    0x00036c9c   0x00036c9c   0x000000bc   Code   RO        10636    i.pb_encode_submessage  pb_encode.o
    0x00036d58   0x00036d58   0x00000014   Code   RO        10637    i.pb_encode_svarint  pb_encode.o
    0x00036d6c   0x00036d6c   0x0000000a   Code   RO        10638    i.pb_encode_tag     pb_encode.o
    0x00036d76   0x00036d76   0x00000002   PAD
    0x00036d78   0x00036d78   0x00000050   Code   RO        10639    i.pb_encode_tag_for_field  pb_encode.o
    0x00036dc8   0x00036dc8   0x0000004a   Code   RO        10640    i.pb_encode_varint  pb_encode.o
    0x00036e12   0x00036e12   0x00000022   Code   RO        10385    i.pb_field_iter_begin  pb_common.o
    0x00036e34   0x00036e34   0x0000002e   Code   RO        10386    i.pb_field_iter_find  pb_common.o
    0x00036e62   0x00036e62   0x0000007a   Code   RO        10387    i.pb_field_iter_next  pb_common.o
    0x00036edc   0x00036edc   0x000000ae   Code   RO        10439    i.pb_field_set_to_default  pb_decode.o
    0x00036f8a   0x00036f8a   0x00000002   PAD
    0x00036f8c   0x00036f8c   0x00000014   Code   RO        10440    i.pb_istream_from_buffer  pb_decode.o
    0x00036fa0   0x00036fa0   0x00000058   Code   RO        10441    i.pb_make_string_substream  pb_decode.o
    0x00036ff8   0x00036ff8   0x00000026   Code   RO        10442    i.pb_message_set_to_defaults  pb_decode.o
    0x0003701e   0x0003701e   0x00000002   PAD
    0x00037020   0x00037020   0x00000024   Code   RO        10642    i.pb_ostream_from_buffer  pb_encode.o
    0x00037044   0x00037044   0x00000084   Code   RO        10443    i.pb_read           pb_decode.o
    0x000370c8   0x000370c8   0x0000004c   Code   RO        10444    i.pb_readbyte       pb_decode.o
    0x00037114   0x00037114   0x00000078   Code   RO        10445    i.pb_skip_field     pb_decode.o
    0x0003718c   0x0003718c   0x00000054   Code   RO        10643    i.pb_write          pb_encode.o
    0x000371e0   0x000371e0   0x0000001c   Code   RO         3106    i.pdb_evt_send      peer_database.o
    0x000371fc   0x000371fc   0x00000090   Code   RO         3107    i.pdb_init          peer_database.o
    0x0003728c   0x0003728c   0x0000007c   Code   RO         3108    i.pdb_pds_evt_handler  peer_database.o
    0x00037308   0x00037308   0x00000006   Code   RO         3109    i.pdb_peer_data_ptr_get  peer_database.o
    0x0003730e   0x0003730e   0x00000002   PAD
    0x00037310   0x00037310   0x0000008c   Code   RO         3110    i.pdb_peer_free     peer_database.o
    0x0003739c   0x0003739c   0x000000dc   Code   RO         3111    i.pdb_write_buf_get  peer_database.o
    0x00037478   0x00037478   0x00000014   Code   RO         3112    i.pdb_write_buf_release  peer_database.o
    0x0003748c   0x0003748c   0x00000036   Code   RO         3113    i.pdb_write_buf_store  peer_database.o
    0x000374c2   0x000374c2   0x00000002   PAD
    0x000374c4   0x000374c4   0x00000010   Code   RO         2965    i.pds_evt_send      peer_data_storage.o
    0x000374d4   0x000374d4   0x000000dc   Code   RO         2966    i.pds_init          peer_data_storage.o
    0x000375b0   0x000375b0   0x00000004   Code   RO         2967    i.pds_next_deleted_peer_id_get  peer_data_storage.o
    0x000375b4   0x000375b4   0x00000004   Code   RO         2968    i.pds_next_peer_id_get  peer_data_storage.o
    0x000375b8   0x000375b8   0x00000058   Code   RO         2971    i.pds_peer_data_iterate  peer_data_storage.o
    0x00037610   0x00037610   0x00000010   Code   RO         2972    i.pds_peer_data_iterate_prepare  peer_data_storage.o
    0x00037620   0x00037620   0x00000072   Code   RO         2973    i.pds_peer_data_read  peer_data_storage.o
    0x00037692   0x00037692   0x00000002   PAD
    0x00037694   0x00037694   0x000000a0   Code   RO         2974    i.pds_peer_data_store  peer_data_storage.o
    0x00037734   0x00037734   0x00000008   Code   RO         2975    i.pds_peer_id_allocate  peer_data_storage.o
    0x0003773c   0x0003773c   0x00000016   Code   RO         2976    i.pds_peer_id_free  peer_data_storage.o
    0x00037752   0x00037752   0x00000004   Code   RO         2977    i.pds_peer_id_is_allocated  peer_data_storage.o
    0x00037756   0x00037756   0x00000002   PAD
    0x00037758   0x00037758   0x0000009c   Code   RO         2979    i.peer_data_delete_process  peer_data_storage.o
    0x000377f4   0x000377f4   0x00000030   Code   RO         2980    i.peer_data_find    peer_data_storage.o
    0x00037824   0x00037824   0x00000024   Code   RO         2981    i.peer_data_id_is_valid  peer_data_storage.o
    0x00037848   0x00037848   0x0000001a   Code   RO         3114    i.peer_data_point_to_buffer  peer_database.o
    0x00037862   0x00037862   0x00000002   PAD
    0x00037864   0x00037864   0x0000000c   Code   RO         3227    i.peer_id_allocate  peer_id.o
    0x00037870   0x00037870   0x00000024   Code   RO         3228    i.peer_id_delete    peer_id.o
    0x00037894   0x00037894   0x0000001c   Code   RO         3229    i.peer_id_free      peer_id.o
    0x000378b0   0x000378b0   0x0000000c   Code   RO         3230    i.peer_id_get_next_deleted  peer_id.o
    0x000378bc   0x000378bc   0x00000030   Code   RO         3231    i.peer_id_get_next_used  peer_id.o
    0x000378ec   0x000378ec   0x0000000c   Code   RO         3232    i.peer_id_init      peer_id.o
    0x000378f8   0x000378f8   0x00000014   Code   RO         3233    i.peer_id_is_allocated  peer_id.o
    0x0003790c   0x0003790c   0x00000014   Code   RO         3234    i.peer_id_is_deleted  peer_id.o
    0x00037920   0x00037920   0x0000006c   Code   RO           31    i.peer_manager_init  main.o
    0x0003798c   0x0003798c   0x00000012   Code   RO         1704    i.phy_is_valid      ble_advertising.o
    0x0003799e   0x0003799e   0x00000002   PAD
    0x000379a0   0x000379a0   0x00000018   Code   RO         5861    i.pin_in_use_by_port  nrfx_gpiote.o
    0x000379b8   0x000379b8   0x00000018   Code   RO         5862    i.pin_in_use_by_te  nrfx_gpiote.o
    0x000379d0   0x000379d0   0x00000064   Code   RO         3707    i.pm_buffer_block_acquire  pm_buffer.o
    0x00037a34   0x00037a34   0x00000024   Code   RO         3708    i.pm_buffer_init    pm_buffer.o
    0x00037a58   0x00037a58   0x00000028   Code   RO         3709    i.pm_buffer_ptr_get  pm_buffer.o
    0x00037a80   0x00037a80   0x00000032   Code   RO         3710    i.pm_buffer_release  pm_buffer.o
    0x00037ab2   0x00037ab2   0x00000002   PAD
    0x00037ab4   0x00037ab4   0x00000078   Code   RO         3321    i.pm_conn_sec_status_get  peer_manager.o
    0x00037b2c   0x00037b2c   0x0000001c   Code   RO         3322    i.pm_conn_secure    peer_manager.o
    0x00037b48   0x00037b48   0x00000020   Code   RO           32    i.pm_evt_handler    main.o
    0x00037b68   0x00037b68   0x00000004   Code   RO         3324    i.pm_gcm_evt_handler  peer_manager.o
    0x00037b6c   0x00037b6c   0x00000210   Code   RO         3615    i.pm_handler_flash_clean  peer_manager_handler.o
    0x00037d7c   0x00037d7c   0x0000001c   Code   RO         3616    i.pm_handler_flash_clean_on_return  peer_manager_handler.o
    0x00037d98   0x00037d98   0x00000054   Code   RO         3617    i.pm_handler_on_pm_evt  peer_manager_handler.o
    0x00037dec   0x00037dec   0x000002dc   Code   RO         3618    i.pm_handler_pm_evt_log  peer_manager_handler.o
    0x000380c8   0x000380c8   0x00000004   Code   RO         3327    i.pm_im_evt_handler  peer_manager.o
    0x000380cc   0x000380cc   0x000001bc   Code   RO         3328    i.pm_init           peer_manager.o
    0x00038288   0x00038288   0x00000120   Code   RO         3332    i.pm_pdb_evt_handler  peer_manager.o
    0x000383a8   0x000383a8   0x00000014   Code   RO         3343    i.pm_peer_delete    peer_manager.o
    0x000383bc   0x000383bc   0x0000011c   Code   RO         3347    i.pm_peer_rank_highest  peer_manager.o
    0x000384d8   0x000384d8   0x000000ec   Code   RO         3348    i.pm_peer_ranks_get  peer_manager.o
    0x000385c4   0x000385c4   0x00000094   Code   RO         3349    i.pm_peers_delete   peer_manager.o
    0x00038658   0x00038658   0x0000002c   Code   RO         3352    i.pm_register       peer_manager.o
    0x00038684   0x00038684   0x00000014   Code   RO         3353    i.pm_sec_params_set  peer_manager.o
    0x00038698   0x00038698   0x0000000a   Code   RO         3354    i.pm_sm_evt_handler  peer_manager.o
    0x000386a2   0x000386a2   0x00000034   Code   RO         4139    i.pnp_id_encode     ble_dis.o
    0x000386d6   0x000386d6   0x00000002   PAD
    0x000386d8   0x000386d8   0x0000003c   Code   RO         9059    i.postfix_process   nrf_log_str_formatter.o
    0x00038714   0x00038714   0x00000098   Code   RO         9060    i.prefix_process    nrf_log_str_formatter.o
    0x000387ac   0x000387ac   0x00000018   Code   RO         6126    i.prs_box_get       nrfx_prs.o
    0x000387c4   0x000387c4   0x0000001c   Code   RO         8404    i.queue_buf_get     fds.o
    0x000387e0   0x000387e0   0x00000010   Code   RO         8405    i.queue_buf_store   fds.o
    0x000387f0   0x000387f0   0x00000014   Code   RO         6593    i.queue_free        nrf_fstorage_sd.o
    0x00038804   0x00038804   0x000000a0   Code   RO         6594    i.queue_process     nrf_fstorage_sd.o
    0x000388a4   0x000388a4   0x000000a0   Code   RO         8406    i.queue_process     fds.o
    0x00038944   0x00038944   0x00000066   Code   RO         8033    i.queue_read        nrf_queue.o
    0x000389aa   0x000389aa   0x00000002   PAD
    0x000389ac   0x000389ac   0x00000024   Code   RO         6595    i.queue_start       nrf_fstorage_sd.o
    0x000389d0   0x000389d0   0x0000001c   Code   RO         8407    i.queue_start       fds.o
    0x000389ec   0x000389ec   0x00000018   Code   RO         8034    i.queue_utilization_get  nrf_queue.o
    0x00038a04   0x00038a04   0x0000001c   Code   RO         3621    i.rank_highest      peer_manager_handler.o
    0x00038a20   0x00038a20   0x00000028   Code   RO         3357    i.rank_vars_update  peer_manager.o
    0x00038a48   0x00038a48   0x0000000e   Code   RO         6596    i.read              nrf_fstorage_sd.o
    0x00038a56   0x00038a56   0x00000002   PAD
    0x00038a58   0x00038a58   0x00000130   Code   RO           33    i.read_CB1          main.o
    0x00038b88   0x00038b88   0x00000080   Code   RO        10446    i.read_raw_value    pb_decode.o
    0x00038c08   0x00038c08   0x000000b0   Code   RO         3115    i.reattempt_previous_operations  peer_database.o
    0x00038cb8   0x00038cb8   0x00000088   Code   RO         8408    i.record_find       fds.o
    0x00038d40   0x00038d40   0x000000a0   Code   RO         8409    i.record_find_by_desc  fds.o
    0x00038de0   0x00038de0   0x0000005c   Code   RO         8410    i.record_find_next  fds.o
    0x00038e3c   0x00038e3c   0x00000038   Code   RO         8411    i.record_header_flag_dirty  fds.o
    0x00038e74   0x00038e74   0x00000010   Code   RO         3236    i.release           peer_id.o
    0x00038e84   0x00038e84   0x00000022   Code   RO         5343    i.result_get        nrf_hw_backend_rng_mbedtls.o
    0x00038ea6   0x00038ea6   0x00000004   Code   RO         6597    i.rmap              nrf_fstorage_sd.o
    0x00038eaa   0x00038eaa   0x00000002   PAD
    0x00038eac   0x00038eac   0x00000088   Code   RO           34    i.rr_interval_timeout_handler  main.o
    0x00038f34   0x00038f34   0x0000003c   Code   RO         7099    i.rtc1_stop         app_timer.o
    0x00038f70   0x00038f70   0x00000032   Code   RO         6263    i.rx_byte           nrfx_uart.o
    0x00038fa2   0x00038fa2   0x00000016   Code   RO         6264    i.rx_done_event     nrfx_uart.o
    0x00038fb8   0x00038fb8   0x00000018   Code   RO         6450    i.rx_done_event     nrfx_uarte.o
    0x00038fd0   0x00038fd0   0x00000020   Code   RO         6265    i.rx_enable         nrfx_uart.o
    0x00038ff0   0x00038ff0   0x00000024   Code   RO         2113    i.sc_send_pending_handle  gatt_cache_manager.o
    0x00039014   0x00039014   0x00000050   Code   RO         5432    i.sd_state_evt_handler  nrf_drv_clock.o
    0x00039064   0x00039064   0x00000050   Code   RO         5566    i.sd_state_evt_handler  nrf_drv_rng.o
    0x000390b4   0x000390b4   0x00000030   Code   RO         9376    i.sdh_request_observer_notify  nrf_sdh.o
    0x000390e4   0x000390e4   0x0000002c   Code   RO         9377    i.sdh_state_observer_notify  nrf_sdh.o
    0x00039110   0x00039110   0x000000b4   Code   RO         3763    i.sec_info_request_process  security_dispatcher.o
    0x000391c4   0x000391c4   0x000000f4   Code   RO         3764    i.sec_keyset_fill   security_dispatcher.o
    0x000392b8   0x000392b8   0x00000076   Code   RO         3903    i.sec_params_verify  security_manager.o
    0x0003932e   0x0003932e   0x00000002   PAD
    0x00039330   0x00039330   0x00000060   Code   RO         3765    i.sec_proc_start    security_dispatcher.o
    0x00039390   0x00039390   0x00000022   Code   RO         3766    i.send_config_req   security_dispatcher.o
    0x000393b2   0x000393b2   0x00000002   PAD
    0x000393b4   0x000393b4   0x00000010   Code   RO         1805    i.send_error_evt    ble_conn_params.o
    0x000393c4   0x000393c4   0x00000028   Code   RO         2114    i.send_unexpected_error  gatt_cache_manager.o
    0x000393ec   0x000393ec   0x00000028   Code   RO         3767    i.send_unexpected_error  security_dispatcher.o
    0x00039414   0x00039414   0x00000018   Code   RO           35    i.sensor_contact_detected_timeout_handler  main.o
    0x0003942c   0x0003942c   0x0000001c   Code   RO         8260    i.sensorsim_decrement  sensorsim.o
    0x00039448   0x00039448   0x0000001c   Code   RO         8261    i.sensorsim_increment  sensorsim.o
    0x00039464   0x00039464   0x0000001a   Code   RO         8263    i.sensorsim_measure  sensorsim.o
    0x0003947e   0x0003947e   0x00000002   PAD
    0x00039480   0x00039480   0x00000050   Code   RO         8717    i.serial_tx         nrf_log_backend_rtt.o
    0x000394d0   0x000394d0   0x00000014   Code   RO         2115    i.service_changed_pending_flags_check  gatt_cache_manager.o
    0x000394e4   0x000394e4   0x00000044   Code   RO         2261    i.service_changed_pending_set  gatts_cache_manager.o
    0x00039528   0x00039528   0x000000f4   Code   RO         2116    i.service_changed_send_in_evt  gatt_cache_manager.o
    0x0003961c   0x0003961c   0x00000088   Code   RO         1594    i.service_data_encode  ble_advdata.o
    0x000396a4   0x000396a4   0x000000bc   Code   RO           36    i.services_init     main.o
    0x00039760   0x00039760   0x00000030   Code   RO         2046    i.set_security_req  ble_srv_common.o
    0x00039790   0x00039790   0x00000016   Code   RO        10244    i.sha224_ctx_alloc  md_wrap.o
    0x000397a6   0x000397a6   0x00000012   Code   RO        10245    i.sha224_ctx_free   md_wrap.o
    0x000397b8   0x000397b8   0x00000004   Code   RO        10246    i.sha224_finish_wrap  md_wrap.o
    0x000397bc   0x000397bc   0x00000006   Code   RO        10247    i.sha224_starts_wrap  md_wrap.o
    0x000397c2   0x000397c2   0x00000004   Code   RO        10248    i.sha224_update_wrap  md_wrap.o
    0x000397c6   0x000397c6   0x00000006   Code   RO        10249    i.sha224_wrap       md_wrap.o
    0x000397cc   0x000397cc   0x00000006   Code   RO        10250    i.sha256_starts_wrap  md_wrap.o
    0x000397d2   0x000397d2   0x00000006   Code   RO        10251    i.sha256_wrap       md_wrap.o
    0x000397d8   0x000397d8   0x00000028   Code   RO           37    i.sleep_mode_enter  main.o
    0x00039800   0x00039800   0x00000034   Code   RO         3904    i.sm_ble_evt_handler  security_manager.o
    0x00039834   0x00039834   0x00000060   Code   RO         3906    i.sm_init           security_manager.o
    0x00039894   0x00039894   0x0000000a   Code   RO         3908    i.sm_link_secure    security_manager.o
    0x0003989e   0x0003989e   0x00000002   PAD
    0x000398a0   0x000398a0   0x00000044   Code   RO         3909    i.sm_pdb_evt_handler  security_manager.o
    0x000398e4   0x000398e4   0x00000034   Code   RO         3911    i.sm_sec_params_set  security_manager.o
    0x00039918   0x00039918   0x00000060   Code   RO         3912    i.sm_smd_evt_handler  security_manager.o
    0x00039978   0x00039978   0x00000104   Code   RO         3768    i.smd_ble_evt_handler  security_dispatcher.o
    0x00039a7c   0x00039a7c   0x00000070   Code   RO         3770    i.smd_init          security_dispatcher.o
    0x00039aec   0x00039aec   0x00000028   Code   RO         3771    i.smd_link_secure   security_dispatcher.o
    0x00039b14   0x00039b14   0x000000bc   Code   RO         3772    i.smd_params_reply  security_dispatcher.o
    0x00039bd0   0x00039bd0   0x0000003c   Code   RO         3913    i.smd_params_reply_perform  security_manager.o
    0x00039c0c   0x00039c0c   0x00000018   Code   RO         5433    i.soc_evt_handler   nrf_drv_clock.o
    0x00039c24   0x00039c24   0x00000038   Code   RO         9378    i.softdevice_evt_irq_disable  nrf_sdh.o
    0x00039c5c   0x00039c5c   0x00000058   Code   RO         9379    i.softdevices_evt_irq_enable  nrf_sdh.o
    0x00039cb4   0x00039cb4   0x0000008c   Code   RO         8895    i.std_n             nrf_log_frontend.o
    0x00039d40   0x00039d40   0x00000070   Code   RO          931    i.storageReadData   fstorage_data.o
    0x00039db0   0x00039db0   0x00000070   Code   RO          932    i.storageWriteData  fstorage_data.o
    0x00039e20   0x00039e20   0x00000058   Code   RO         2117    i.store_car_value   gatt_cache_manager.o
    0x00039e78   0x00039e78   0x00000042   Code   RO         4140    i.sys_id_encode     ble_dis.o
    0x00039eba   0x00039eba   0x00000002   PAD
    0x00039ebc   0x00039ebc   0x00000080   Code   RO         7100    i.timer_list_handler  app_timer.o
    0x00039f3c   0x00039f3c   0x0000003c   Code   RO         7101    i.timer_list_insert  app_timer.o
    0x00039f78   0x00039f78   0x00000060   Code   RO         7102    i.timer_list_remove  app_timer.o
    0x00039fd8   0x00039fd8   0x00000048   Code   RO         7103    i.timer_stop_op_schedule  app_timer.o
    0x0003a020   0x0003a020   0x00000074   Code   RO         7104    i.timer_timeouts_check  app_timer.o
    0x0003a094   0x0003a094   0x00000070   Code   RO           38    i.timers_init       main.o
    0x0003a104   0x0003a104   0x00000020   Code   RO         6266    i.tx_byte           nrfx_uart.o
    0x0003a124   0x0003a124   0x0000001a   Code   RO         6267    i.tx_done_event     nrfx_uart.o
    0x0003a13e   0x0003a13e   0x00000002   PAD
    0x0003a140   0x0003a140   0x000000b0   Code   RO         1101    i.uart_event_handle  uart_data.o
    0x0003a1f0   0x0003a1f0   0x000000a0   Code   RO         6860    i.uart_event_handler  app_uart_fifo.o
    0x0003a290   0x0003a290   0x00000030   Code   RO         5638    i.uart_evt_handler  nrf_drv_uart.o
    0x0003a2c0   0x0003a2c0   0x00000048   Code   RO         1102    i.uart_init         uart_data.o
    0x0003a308   0x0003a308   0x00000128   Code   RO         6268    i.uart_irq_handler  nrfx_uart.o
    0x0003a430   0x0003a430   0x00000030   Code   RO         5639    i.uarte_evt_handler  nrf_drv_uart.o
    0x0003a460   0x0003a460   0x000000f4   Code   RO         6451    i.uarte_irq_handler  nrfx_uarte.o
    0x0003a554   0x0003a554   0x0000000a   Code   RO         1595    i.uint16_encode     ble_advdata.o
    0x0003a55e   0x0003a55e   0x00000002   PAD
    0x0003a560   0x0003a560   0x00000020   Code   RO         6598    i.uninit            nrf_fstorage_sd.o
    0x0003a580   0x0003a580   0x000000b4   Code   RO         7831    i.unsigned_print    nrf_fprintf_format.o
    0x0003a634   0x0003a634   0x00000030   Code   RO         2118    i.update_pending_flags_check  gatt_cache_manager.o
    0x0003a664   0x0003a664   0x00000068   Code   RO         1806    i.update_timeout_handler  ble_conn_params.o
    0x0003a6cc   0x0003a6cc   0x00000018   Code   RO         1705    i.use_whitelist     ble_advertising.o
    0x0003a6e4   0x0003a6e4   0x0000000c   Code   RO         1900    i.user_flag_is_acquired  ble_conn_state.o
    0x0003a6f0   0x0003a6f0   0x00000024   Code   RO         2922    i.user_mem_reply    nrf_ble_qwr.o
    0x0003a714   0x0003a714   0x00000030   Code   RO         7105    i.user_op_alloc     app_timer.o
    0x0003a744   0x0003a744   0x00000030   Code   RO         1596    i.uuid_list_encode  ble_advdata.o
    0x0003a774   0x0003a774   0x0000009e   Code   RO         1597    i.uuid_list_sized_encode  ble_advdata.o
    0x0003a812   0x0003a812   0x0000003a   Code   RO         1300    i.wakeup_button_cfg  bsp.o
    0x0003a84c   0x0003a84c   0x00000004   Code   RO         6599    i.wmap              nrf_fstorage_sd.o
    0x0003a850   0x0003a850   0x00000050   Code   RO         6600    i.write             nrf_fstorage_sd.o
    0x0003a8a0   0x0003a8a0   0x0000013c   Code   RO           39    i.write_CB1         main.o
    0x0003a9dc   0x0003a9dc   0x0000014c   Code   RO         3116    i.write_buf_store   peer_database.o
    0x0003ab28   0x0003ab28   0x00000034   Code   RO         3117    i.write_buffer_record_find  peer_database.o
    0x0003ab5c   0x0003ab5c   0x00000030   Code   RO         3118    i.write_buffer_record_find_next  peer_database.o
    0x0003ab8c   0x0003ab8c   0x0000001c   Code   RO         3119    i.write_buffer_record_invalidate  peer_database.o
    0x0003aba8   0x0003aba8   0x0000002c   Code   RO         3120    i.write_buffer_record_release  peer_database.o
    0x0003abd4   0x0003abd4   0x000000e8   Code   RO         8413    i.write_enqueue     fds.o
    0x0003acbc   0x0003acbc   0x000000f4   Code   RO         8414    i.write_execute     fds.o
    0x0003adb0   0x0003adb0   0x00000018   Code   RO         8415    i.write_space_free  fds.o
    0x0003adc8   0x0003adc8   0x0000005c   Code   RO         8416    i.write_space_reserve  fds.o
    0x0003ae24   0x0003ae24   0x00000016   Code   RO        10091    i.xorbuf            cmac.o
    0x0003ae3a   0x0003ae3a   0x00000012   Code   RO         9955    i.xtime             aes_1.o
    0x0003ae4c   0x0003ae4c   0x00000010   Data   RO           46    .constdata          main.o
    0x0003ae5c   0x0003ae5c   0x00000018   Data   RO         1104    .constdata          uart_data.o
    0x0003ae74   0x0003ae74   0x00000008   Data   RO         1197    .constdata          boards.o
    0x0003ae7c   0x0003ae7c   0x0000002c   Data   RO         1305    .constdata          bsp.o
    0x0003aea8   0x0003aea8   0x00000004   Data   RO         1513    .constdata          auth_status_tracker.o
    0x0003aeac   0x0003aeac   0x00000074   Data   RO         2119    .constdata          gatt_cache_manager.o
    0x0003af20   0x0003af20   0x00000004   Data   RO         2262    .constdata          gatts_cache_manager.o
    0x0003af24   0x0003af24   0x00000010   Data   RO         2263    .constdata          gatts_cache_manager.o
    0x0003af34   0x0003af34   0x00000004   Data   RO         2264    .constdata          gatts_cache_manager.o
    0x0003af38   0x0003af38   0x00000008   Data   RO         2361    .constdata          id_manager.o
    0x0003af40   0x0003af40   0x00000016   Data   RO         2514    .constdata          nrf_ble_gatt.o
    0x0003af56   0x0003af56   0x00000002   PAD
    0x0003af58   0x0003af58   0x0000001c   Data   RO         2982    .constdata          peer_data_storage.o
    0x0003af74   0x0003af74   0x00000010   Data   RO         3122    .constdata          peer_database.o
    0x0003af84   0x0003af84   0x0000002c   Data   RO         3359    .constdata          peer_manager.o
    0x0003afb0   0x0003afb0   0x00000018   Data   RO         3622    .constdata          peer_manager_handler.o
    0x0003afc8   0x0003afc8   0x0000008c   Data   RO         3774    .constdata          security_dispatcher.o
    0x0003b054   0x0003b054   0x00000004   Data   RO         3914    .constdata          security_manager.o
    0x0003b058   0x0003b058   0x0000006c   Data   RO         4386    .constdata          nrf_crypto_ecc.o
    0x0003b0c4   0x0003b0c4   0x0000000c   Data   RO         4474    .constdata          nrf_crypto_ecdh.o
    0x0003b0d0   0x0003b0d0   0x0000000c   Data   RO         4980    .constdata          oberon_backend_ecc.o
    0x0003b0dc   0x0003b0dc   0x00000040   Data   RO         4983    .constdata          oberon_backend_ecc.o
    0x0003b11c   0x0003b11c   0x00000002   Data   RO         5569    .constdata          nrf_drv_rng.o
    0x0003b11e   0x0003b11e   0x00000002   PAD
    0x0003b120   0x0003b120   0x00000004   Data   RO         5864    .constdata          nrfx_gpiote.o
    0x0003b124   0x0003b124   0x00000004   Data   RO         6271    .constdata          nrfx_uart.o
    0x0003b128   0x0003b128   0x00000004   Data   RO         6454    .constdata          nrfx_uarte.o
    0x0003b12c   0x0003b12c   0x00000010   Data   RO         6603    .constdata          nrf_fstorage_sd.o
    0x0003b13c   0x0003b13c   0x00000020   Data   RO         6604    .constdata          nrf_fstorage_sd.o
    0x0003b15c   0x0003b15c   0x0000005e   Data   RO         6711    .constdata          nrf_fstorage.o
    0x0003b1ba   0x0003b1ba   0x00000002   PAD
    0x0003b1bc   0x0003b1bc   0x00000008   Data   RO         6795    .constdata          app_button.o
    0x0003b1c4   0x0003b1c4   0x00000020   Data   RO         6862    .constdata          app_uart_fifo.o
    0x0003b1e4   0x0003b1e4   0x0000000c   PAD
    0x0003b1f0   0x0003b1f0   0x00000006   Data   RO         7107    .constdata          app_timer.o
    0x0003b1f6   0x0003b1f6   0x00000010   Data   RO         7832    .constdata          nrf_fprintf_format.o
    0x0003b206   0x0003b206   0x00000002   PAD
    0x0003b208   0x0003b208   0x00000018   Data   RO         7952    .constdata          nrf_pwr_mgmt.o
    0x0003b220   0x0003b220   0x0000000c   Data   RO         7953    .constdata          nrf_pwr_mgmt.o
    0x0003b22c   0x0003b22c   0x0000013c   Data   RO         8232    .constdata          nrf_strerror.o
    0x0003b368   0x0003b368   0x00000018   Data   RO         8419    .constdata          fds.o
    0x0003b380   0x0003b380   0x0000000c   Data   RO         8719    .constdata          nrf_log_backend_rtt.o
    0x0003b38c   0x0003b38c   0x00000004   PAD
    0x0003b390   0x0003b390   0x00000006   Data   RO         8720    .constdata          nrf_log_backend_rtt.o
    0x0003b396   0x0003b396   0x00000002   PAD
    0x0003b398   0x0003b398   0x0000000c   Data   RO         8901    .constdata          nrf_log_frontend.o
    0x0003b3a4   0x0003b3a4   0x00000010   Data   RO         9380    .constdata          nrf_sdh.o
    0x0003b3b4   0x0003b3b4   0x00000028   Data   RO         9381    .constdata          nrf_sdh.o
    0x0003b3dc   0x0003b3dc   0x00000010   Data   RO         9382    .constdata          nrf_sdh.o
    0x0003b3ec   0x0003b3ec   0x00000010   Data   RO         9383    .constdata          nrf_sdh.o
    0x0003b3fc   0x0003b3fc   0x00000020   Data   RO         9491    .constdata          nrf_sdh_ble.o
    0x0003b41c   0x0003b41c   0x00000010   Data   RO         9492    .constdata          nrf_sdh_ble.o
    0x0003b42c   0x0003b42c   0x00000010   Data   RO         9542    .constdata          nrf_sdh_soc.o
    0x0003b43c   0x0003b43c   0x0000000c   Data   RO         9543    .constdata          nrf_sdh_soc.o
    0x0003b448   0x0003b448   0x00002228   Data   RO         9584    .constdata          aes.o
    0x0003d670   0x0003d670   0x0000020b   Data   RO         9957    .constdata          aes_1.o
    0x0003d87b   0x0003d87b   0x00000001   PAD
    0x0003d87c   0x0003d87c   0x00000028   Data   RO        10252    .constdata          md_wrap.o
    0x0003d8a4   0x0003d8a4   0x00000028   Data   RO        10253    .constdata          md_wrap.o
    0x0003d8cc   0x0003d8cc   0x00000140   Data   RO        10313    .constdata          sha256.o
    0x0003da0c   0x0003da0c   0x00000014   Data   RO        10360    .constdata          digitalkey.pb.o
    0x0003da20   0x0003da20   0x00000028   Data   RO        10363    .constdata          digitalkey.pb.o
    0x0003da48   0x0003da48   0x00000064   Data   RO        10365    .constdata          digitalkey.pb.o
    0x0003daac   0x0003daac   0x0000003c   Data   RO        10366    .constdata          digitalkey.pb.o
    0x0003dae8   0x0003dae8   0x0000003c   Data   RO        10367    .constdata          digitalkey.pb.o
    0x0003db24   0x0003db24   0x0000001e   Data   RO        10368    .constdata          digitalkey.pb.o
    0x0003db42   0x0003db42   0x00000002   PAD
    0x0003db44   0x0003db44   0x00000028   Data   RO        10447    .constdata          pb_decode.o
    0x0003db6c   0x0003db6c   0x00000028   Data   RO        10644    .constdata          pb_encode.o
    0x0003db94   0x0003db94   0x00000081   Data   RO        11047    .constdata          mc_w.l(ctype_o.o)
    0x0003dc15   0x0003dc15   0x00000003   PAD
    0x0003dc18   0x0003dc18   0x00000004   Data   RO        11048    .constdata          mc_w.l(ctype_o.o)
    0x0003dc1c   0x0003dc1c   0x00000056   Data   RO           47    .conststring        main.o
    0x0003dc72   0x0003dc72   0x00000002   PAD
    0x0003dc74   0x0003dc74   0x00000041   Data   RO          936    .conststring        fstorage_data.o
    0x0003dcb5   0x0003dcb5   0x00000003   PAD
    0x0003dcb8   0x0003dcb8   0x0000004e   Data   RO         1514    .conststring        auth_status_tracker.o
    0x0003dd06   0x0003dd06   0x00000002   PAD
    0x0003dd08   0x0003dd08   0x000001a4   Data   RO         2120    .conststring        gatt_cache_manager.o
    0x0003deac   0x0003deac   0x00000144   Data   RO         2265    .conststring        gatts_cache_manager.o
    0x0003dff0   0x0003dff0   0x000000a2   Data   RO         2515    .conststring        nrf_ble_gatt.o
    0x0003e092   0x0003e092   0x00000002   PAD
    0x0003e094   0x0003e094   0x00000042   Data   RO         2613    .conststring        nrf_ble_lesc.o
    0x0003e0d6   0x0003e0d6   0x00000002   PAD
    0x0003e0d8   0x0003e0d8   0x000000e8   Data   RO         2983    .conststring        peer_data_storage.o
    0x0003e1c0   0x0003e1c0   0x00000180   Data   RO         3123    .conststring        peer_database.o
    0x0003e340   0x0003e340   0x00000090   Data   RO         3360    .conststring        peer_manager.o
    0x0003e3d0   0x0003e3d0   0x000002ca   Data   RO         3623    .conststring        peer_manager_handler.o
    0x0003e69a   0x0003e69a   0x00000002   PAD
    0x0003e69c   0x0003e69c   0x000001f2   Data   RO         3775    .conststring        security_dispatcher.o
    0x0003e88e   0x0003e88e   0x00000002   PAD
    0x0003e890   0x0003e890   0x0000017b   Data   RO         3915    .conststring        security_manager.o
    0x0003ea0b   0x0003ea0b   0x00000001   PAD
    0x0003ea0c   0x0003ea0c   0x00000051   Data   RO         4194    .conststring        ble_hrs.o
    0x0003ea5d   0x0003ea5d   0x00000003   PAD
    0x0003ea60   0x0003ea60   0x0000004f   Data   RO         6712    .conststring        nrf_fstorage.o
    0x0003eaaf   0x0003eaaf   0x00000001   PAD
    0x0003eab0   0x0003eab0   0x000003eb   Data   RO         8233    .conststring        nrf_strerror.o
    0x0003ee9b   0x0003ee9b   0x00000001   PAD
    0x0003ee9c   0x0003ee9c   0x00000066   Data   RO         9061    .conststring        nrf_log_str_formatter.o
    0x0003ef02   0x0003ef02   0x00000002   PAD
    0x0003ef04   0x0003ef04   0x000001cf   Data   RO         9493    .conststring        nrf_sdh_ble.o
    0x0003f0d3   0x0003f0d3   0x00000001   PAD
    0x0003f0d4   0x0003f0d4   0x00000008   Data   RO         9768    .conststring        digital_key_api.o
    0x0003f0dc   0x0003f0dc   0x00000007   Data   RO        10254    .conststring        md_wrap.o
    0x0003f0e3   0x0003f0e3   0x00000001   PAD
    0x0003f0e4   0x0003f0e4   0x00000007   Data   RO        10255    .conststring        md_wrap.o
    0x0003f0eb   0x0003f0eb   0x00000001   PAD
    0x0003f0ec   0x0003f0ec   0x00000011   Data   RO         1515    .conststrlit        auth_status_tracker.o
    0x0003f0fd   0x0003f0fd   0x00000003   PAD
    0x0003f100   0x0003f100   0x00000011   Data   RO         2121    .conststrlit        gatt_cache_manager.o
    0x0003f111   0x0003f111   0x00000003   PAD
    0x0003f114   0x0003f114   0x00000012   Data   RO         2266    .conststrlit        gatts_cache_manager.o
    0x0003f126   0x0003f126   0x00000002   PAD
    0x0003f128   0x0003f128   0x00000010   Data   RO         2363    .conststrlit        id_manager.o
    0x0003f138   0x0003f138   0x0000000d   Data   RO         2516    .conststrlit        nrf_ble_gatt.o
    0x0003f145   0x0003f145   0x00000003   PAD
    0x0003f148   0x0003f148   0x0000000d   Data   RO         2614    .conststrlit        nrf_ble_lesc.o
    0x0003f155   0x0003f155   0x00000003   PAD
    0x0003f158   0x0003f158   0x00000011   Data   RO         2984    .conststrlit        peer_data_storage.o
    0x0003f169   0x0003f169   0x00000003   PAD
    0x0003f16c   0x0003f16c   0x00000011   Data   RO         3124    .conststrlit        peer_database.o
    0x0003f17d   0x0003f17d   0x00000003   PAD
    0x0003f180   0x0003f180   0x0000000d   Data   RO         3361    .conststrlit        peer_manager.o
    0x0003f18d   0x0003f18d   0x00000003   PAD
    0x0003f190   0x0003f190   0x00000015   Data   RO         3625    .conststrlit        peer_manager_handler.o
    0x0003f1a5   0x0003f1a5   0x00000003   PAD
    0x0003f1a8   0x0003f1a8   0x00000011   Data   RO         3776    .conststrlit        security_dispatcher.o
    0x0003f1b9   0x0003f1b9   0x00000003   PAD
    0x0003f1bc   0x0003f1bc   0x00000010   Data   RO         3916    .conststrlit        security_manager.o
    0x0003f1cc   0x0003f1cc   0x00000008   Data   RO         4080    .conststrlit        ble_bas.o
    0x0003f1d4   0x0003f1d4   0x00000006   Data   RO         5439    .conststrlit        nrf_drv_clock.o
    0x0003f1da   0x0003f1da   0x00000002   PAD
    0x0003f1dc   0x0003f1dc   0x00000004   Data   RO         5572    .conststrlit        nrf_drv_rng.o
    0x0003f1e0   0x0003f1e0   0x00000006   Data   RO         5706    .conststrlit        nrfx_clock.o
    0x0003f1e6   0x0003f1e6   0x00000002   PAD
    0x0003f1e8   0x0003f1e8   0x00000007   Data   RO         5868    .conststrlit        nrfx_gpiote.o
    0x0003f1ef   0x0003f1ef   0x00000001   PAD
    0x0003f1f0   0x0003f1f0   0x00000004   Data   RO         6128    .conststrlit        nrfx_prs.o
    0x0003f1f4   0x0003f1f4   0x00000004   Data   RO         6182    .conststrlit        nrfx_rng.o
    0x0003f1f8   0x0003f1f8   0x00000005   Data   RO         6274    .conststrlit        nrfx_uart.o
    0x0003f1fd   0x0003f1fd   0x00000003   PAD
    0x0003f200   0x0003f200   0x00000006   Data   RO         6457    .conststrlit        nrfx_uarte.o
    0x0003f206   0x0003f206   0x00000002   PAD
    0x0003f208   0x0003f208   0x0000000d   Data   RO         6713    .conststrlit        nrf_fstorage.o
    0x0003f215   0x0003f215   0x00000003   PAD
    0x0003f218   0x0003f218   0x00000009   Data   RO         7381    .conststrlit        mem_manager.o
    0x0003f221   0x0003f221   0x00000003   PAD
    0x0003f224   0x0003f224   0x00000009   Data   RO         7954    .conststrlit        nrf_pwr_mgmt.o
    0x0003f22d   0x0003f22d   0x00000003   PAD
    0x0003f230   0x0003f230   0x00000010   Data   RO         8835    .conststrlit        nrf_log_default_backends.o
    0x0003f240   0x0003f240   0x00000004   Data   RO         8902    .conststrlit        nrf_log_frontend.o
    0x0003f244   0x0003f244   0x00000008   Data   RO         9384    .conststrlit        nrf_sdh.o
    0x0003f24c   0x0003f24c   0x0000000c   Data   RO         9494    .conststrlit        nrf_sdh_ble.o
    0x0003f258   0x0003f258   0x0000000c   Data   RO         9544    .conststrlit        nrf_sdh_soc.o
    0x0003f264   0x0003f264   0x00000020   Data   RO        10890    .rodata.base        oberon_short_wchar_2.0.5.lib(occ_curve25519.c.obj)
    0x0003f284   0x0003f284   0x00000040   Data   RO        10994    .rodata.base_point  oberon_short_wchar_2.0.5.lib(occ_curve_p256.c.obj)
    0x0003f2c4   0x0003f2c4   0x00000004   PAD
    0x0003f2c8   0x0003f2c8   0x00000280   Data   RO        10918    .rodata.const_table  oberon_short_wchar_2.0.5.lib(occ_sha512.c.obj)
    0x0003f548   0x0003f548   0x00000020   Data   RO        10995    .rodata.cq          oberon_short_wchar_2.0.5.lib(occ_curve_p256.c.obj)
    0x0003f568   0x0003f568   0x00000020   Data   RO        10970    .rodata.m           oberon_short_wchar_2.0.5.lib(occ_sc25519.c.obj)
    0x0003f588   0x0003f588   0x00000640   Data   RO        10939    .rodata.occ_ge25519_base_multiples  oberon_short_wchar_2.0.5.lib(occ_ge25519.c.obj)
    0x0003fbc8   0x0003fbc8   0x00000020   Data   RO        10940    .rodata.occ_ge25519_ec2d  oberon_short_wchar_2.0.5.lib(occ_ge25519.c.obj)
    0x0003fbe8   0x0003fbe8   0x00000020   Data   RO        10996    .rodata.param_a     oberon_short_wchar_2.0.5.lib(occ_curve_p256.c.obj)
    0x0003fc08   0x0003fc08   0x00000020   Data   RO        10997    .rodata.param_b     oberon_short_wchar_2.0.5.lib(occ_curve_p256.c.obj)
    0x0003fc28   0x0003fc28   0x00000020   Data   RO        11020    .rodata.q           oberon_short_wchar_2.0.5.lib(occ_sc_p256.c.obj)
    0x0003fc48   0x0003fc48   0x00000020   Data   RO        10998    .rodata.qp1         oberon_short_wchar_2.0.5.lib(occ_curve_p256.c.obj)
    0x0003fc68   0x0003fc68   0x00000020   Data   RO        11425    Region$$Table       anon$$obj.o
    0x0003fc88   0x0003fc88   0x00000008   Data   RO         5291    crypto_data         nrf_hw_backend_init.o
    0x0003fc90   0x0003fc90   0x00000010   Data   RO         8837    log_backends        nrf_log_default_backends.o
    0x0003fca0   0x0003fca0   0x00000008   Data   RO         1517    log_const_data      auth_status_tracker.o
    0x0003fca8   0x0003fca8   0x00000008   Data   RO         2123    log_const_data      gatt_cache_manager.o
    0x0003fcb0   0x0003fcb0   0x00000008   Data   RO         2268    log_const_data      gatts_cache_manager.o
    0x0003fcb8   0x0003fcb8   0x00000008   Data   RO         2365    log_const_data      id_manager.o
    0x0003fcc0   0x0003fcc0   0x00000008   Data   RO         2517    log_const_data      nrf_ble_gatt.o
    0x0003fcc8   0x0003fcc8   0x00000008   Data   RO         2616    log_const_data      nrf_ble_lesc.o
    0x0003fcd0   0x0003fcd0   0x00000008   Data   RO         2986    log_const_data      peer_data_storage.o
    0x0003fcd8   0x0003fcd8   0x00000008   Data   RO         3126    log_const_data      peer_database.o
    0x0003fce0   0x0003fce0   0x00000008   Data   RO         3363    log_const_data      peer_manager.o
    0x0003fce8   0x0003fce8   0x00000008   Data   RO         3628    log_const_data      peer_manager_handler.o
    0x0003fcf0   0x0003fcf0   0x00000008   Data   RO         3778    log_const_data      security_dispatcher.o
    0x0003fcf8   0x0003fcf8   0x00000008   Data   RO         3918    log_const_data      security_manager.o
    0x0003fd00   0x0003fd00   0x00000008   Data   RO         4081    log_const_data      ble_bas.o
    0x0003fd08   0x0003fd08   0x00000008   Data   RO         5440    log_const_data      nrf_drv_clock.o
    0x0003fd10   0x0003fd10   0x00000008   Data   RO         5574    log_const_data      nrf_drv_rng.o
    0x0003fd18   0x0003fd18   0x00000008   Data   RO         5708    log_const_data      nrfx_clock.o
    0x0003fd20   0x0003fd20   0x00000008   Data   RO         5869    log_const_data      nrfx_gpiote.o
    0x0003fd28   0x0003fd28   0x00000008   Data   RO         6130    log_const_data      nrfx_prs.o
    0x0003fd30   0x0003fd30   0x00000008   Data   RO         6184    log_const_data      nrfx_rng.o
    0x0003fd38   0x0003fd38   0x00000008   Data   RO         6275    log_const_data      nrfx_uart.o
    0x0003fd40   0x0003fd40   0x00000008   Data   RO         6458    log_const_data      nrfx_uarte.o
    0x0003fd48   0x0003fd48   0x00000008   Data   RO         6714    log_const_data      nrf_fstorage.o
    0x0003fd50   0x0003fd50   0x00000008   Data   RO         7383    log_const_data      mem_manager.o
    0x0003fd58   0x0003fd58   0x00000008   Data   RO         7956    log_const_data      nrf_pwr_mgmt.o
    0x0003fd60   0x0003fd60   0x00000008   Data   RO         8904    log_const_data      nrf_log_frontend.o
    0x0003fd68   0x0003fd68   0x00000008   Data   RO         9386    log_const_data      nrf_sdh.o
    0x0003fd70   0x0003fd70   0x00000008   Data   RO         9496    log_const_data      nrf_sdh_ble.o
    0x0003fd78   0x0003fd78   0x00000008   Data   RO         9545    log_const_data      nrf_sdh_soc.o
    0x0003fd80   0x0003fd80   0x00000014   Data   RO         8905    nrf_balloc          nrf_log_frontend.o
    0x0003fd94   0x0003fd94   0x00000014   Data   RO         5575    nrf_queue           nrf_drv_rng.o
    0x0003fda8   0x0003fda8   0x00000008   Data   RO         1902    sdh_ble_observers0  ble_conn_state.o
    0x0003fdb0   0x0003fdb0   0x00000010   Data   RO           50    sdh_ble_observers1  main.o
    0x0003fdc0   0x0003fdc0   0x00000008   Data   RO         1411    sdh_ble_observers1  bsp_btn_ble.o
    0x0003fdc8   0x0003fdc8   0x00000008   Data   RO         1809    sdh_ble_observers1  ble_conn_params.o
    0x0003fdd0   0x0003fdd0   0x00000008   Data   RO         3364    sdh_ble_observers1  peer_manager.o
    0x0003fdd8   0x0003fdd8   0x00000018   Data   RO           51    sdh_ble_observers2  main.o
    0x0003fdf0   0x0003fdf0   0x00000008   Data   RO           52    sdh_ble_observers3  main.o
    0x0003fdf8   0x0003fdf8   0x00000008   Data   RO         6606    sdh_req_observers0  nrf_fstorage_sd.o
    0x0003fe00   0x0003fe00   0x00000008   Data   RO         5441    sdh_soc_observers0  nrf_drv_clock.o
    0x0003fe08   0x0003fe08   0x00000008   Data   RO         6607    sdh_soc_observers0  nrf_fstorage_sd.o
    0x0003fe10   0x0003fe10   0x00000008   Data   RO           53    sdh_soc_observers1  main.o
    0x0003fe18   0x0003fe18   0x00000008   Data   RO         9497    sdh_stack_observers0  nrf_sdh_ble.o
    0x0003fe20   0x0003fe20   0x00000008   Data   RO         9546    sdh_stack_observers0  nrf_sdh_soc.o
    0x0003fe28   0x0003fe28   0x00000008   Data   RO         5442    sdh_state_observers0  nrf_drv_clock.o
    0x0003fe30   0x0003fe30   0x00000008   Data   RO         5576    sdh_state_observers0  nrf_drv_rng.o
    0x0003fe38   0x0003fe38   0x00000008   Data   RO         6608    sdh_state_observers0  nrf_fstorage_sd.o


    Execution Region RW_IRAM1 (Exec base: 0x20002b90, Load base: 0x0003fe40, Size: 0x00006480, Max: 0x0000d470, ABSOLUTE, COMPRESSED[0x000000d0])

    Exec Addr    Load Addr    Size         Type   Attr      Idx    E Section Name        Object

    0x20002b90   COMPRESSED   0x00000054   Data   RW           48    .data               main.o
    0x20002be4   COMPRESSED   0x0000000f   Data   RW          621    .data               ikcmdhandle.o
    0x20002bf3   COMPRESSED   0x00000001   Data   RW          937    .data               fstorage_data.o
    0x20002bf4   COMPRESSED   0x00000004   Data   RW         1105    .data               uart_data.o
    0x20002bf8   COMPRESSED   0x00000010   Data   RW         1306    .data               bsp.o
    0x20002c08   COMPRESSED   0x00000008   Data   RW         1410    .data               bsp_btn_ble.o
    0x20002c10   COMPRESSED   0x00000004   Data   RW         1516    .data               auth_status_tracker.o
    0x20002c14   COMPRESSED   0x00000008   Data   RW         1808    .data               ble_conn_params.o
    0x20002c1c   COMPRESSED   0x00000010   Data   RW         2122    .data               gatt_cache_manager.o
    0x20002c2c   COMPRESSED   0x00000006   Data   RW         2267    .data               gatts_cache_manager.o
    0x20002c32   COMPRESSED   0x00000002   PAD
    0x20002c34   COMPRESSED   0x0000000c   Data   RW         2615    .data               nrf_ble_lesc.o
    0x20002c40   COMPRESSED   0x0000000c   Data   RW         2985    .data               peer_data_storage.o
    0x20002c4c   COMPRESSED   0x00000008   Data   RW         3125    .data               peer_database.o
    0x20002c54   COMPRESSED   0x00000010   Data   RW         3362    .data               peer_manager.o
    0x20002c64   COMPRESSED   0x00000060   Data   RW         3626    .data               peer_manager_handler.o
    0x20002cc4   COMPRESSED   0x00000005   Data   RW         3777    .data               security_dispatcher.o
    0x20002cc9   COMPRESSED   0x00000003   PAD
    0x20002ccc   COMPRESSED   0x00000011   Data   RW         3917    .data               security_manager.o
    0x20002cdd   COMPRESSED   0x00000001   PAD
    0x20002cde   COMPRESSED   0x0000004a   Data   RW         4141    .data               ble_dis.o
    0x20002d28   COMPRESSED   0x00000001   Data   RW         4195    .data               ble_hrs.o
    0x20002d29   COMPRESSED   0x00000001   Data   RW         4759    .data               nrf_crypto_init.o
    0x20002d2a   COMPRESSED   0x00000002   PAD
    0x20002d2c   COMPRESSED   0x0000000c   Data   RW         4813    .data               nrf_crypto_rng.o
    0x20002d38   COMPRESSED   0x00000003   Data   RW         5573    .data               nrf_drv_rng.o
    0x20002d3b   COMPRESSED   0x00000001   PAD
    0x20002d3c   COMPRESSED   0x0000000c   Data   RW         5640    .data               nrf_drv_uart.o
    0x20002d48   COMPRESSED   0x00000008   Data   RW         5707    .data               nrfx_clock.o
    0x20002d50   COMPRESSED   0x00000008   Data   RW         6129    .data               nrfx_prs.o
    0x20002d58   COMPRESSED   0x00000008   Data   RW         6183    .data               nrfx_rng.o
    0x20002d60   COMPRESSED   0x00000008   Data   RW         6605    .data               nrf_fstorage_sd.o
    0x20002d68   COMPRESSED   0x00000020   Data   RW         6796    .data               app_button.o
    0x20002d88   COMPRESSED   0x0000001c   Data   RW         6863    .data               app_uart_fifo.o
    0x20002da4   COMPRESSED   0x00000014   Data   RW         7108    .data               app_timer.o
    0x20002db8   COMPRESSED   0x00000008   Data   RW         7955    .data               nrf_pwr_mgmt.o
    0x20002dc0   COMPRESSED   0x00000030   Data   RW         8420    .data               fds.o
    0x20002df0   COMPRESSED   0x00000004   Data   RW         8677    .data               retarget.o
    0x20002df4   COMPRESSED   0x00000001   Data   RW         8721    .data               nrf_log_backend_rtt.o
    0x20002df5   COMPRESSED   0x00000003   PAD
    0x20002df8   COMPRESSED   0x00000008   Data   RW         8836    .data               nrf_log_default_backends.o
    0x20002e00   COMPRESSED   0x00000008   Data   RW         8903    .data               nrf_log_frontend.o
    0x20002e08   COMPRESSED   0x00000040   Data   RW         9062    .data               nrf_log_str_formatter.o
    0x20002e48   COMPRESSED   0x00000003   Data   RW         9385    .data               nrf_sdh.o
    0x20002e4b   COMPRESSED   0x00000001   Data   RW         9495    .data               nrf_sdh_ble.o
    0x20002e4c   COMPRESSED   0x00000024   Data   RW         9769    .data               digital_key_api.o
    0x20002e70   COMPRESSED   0x0000000c   Data   RW         9958    .data               aes_1.o
    0x20002e7c   COMPRESSED   0x00000004   Data   RW        10815    .data               system_nrf52.o
    0x20002e80   COMPRESSED   0x00000004   Data   RW        11406    .data               mc_w.l(mvars.o)
    0x20002e84   COMPRESSED   0x00000004   Data   RW        11407    .data               mc_w.l(mvars.o)
    0x20002e88   COMPRESSED   0x00000020   Data   RW        10993    .data.inv_a         oberon_short_wchar_2.0.5.lib(occ_curve_p256.c.obj)
    0x20002ea8   COMPRESSED   0x00000014   Data   RW          938    fs_data             fstorage_data.o
    0x20002ebc   COMPRESSED   0x00000014   Data   RW         8421    fs_data             fds.o
    0x20002ed0        -       0x00000020   Zero   RW           40    .bss                main.o
    0x20002ef0        -       0x00000020   Zero   RW           41    .bss                main.o
    0x20002f10        -       0x00000020   Zero   RW           42    .bss                main.o
    0x20002f30        -       0x00000020   Zero   RW           43    .bss                main.o
    0x20002f50        -       0x00000429   Zero   RW           44    .bss                main.o
    0x20003379   COMPRESSED   0x00000003   PAD
    0x2000337c        -       0x00000100   Zero   RW          934    .bss                fstorage_data.o
    0x2000347c        -       0x000002f4   Zero   RW         1103    .bss                uart_data.o
    0x20003770        -       0x00000020   Zero   RW         1301    .bss                bsp.o
    0x20003790        -       0x00000020   Zero   RW         1302    .bss                bsp.o
    0x200037b0        -       0x0000000c   Zero   RW         1303    .bss                bsp.o
    0x200037bc        -       0x00000020   Zero   RW         1304    .bss                bsp.o
    0x200037dc        -       0x00000020   Zero   RW         1511    .bss                auth_status_tracker.o
    0x200037fc        -       0x000000a0   Zero   RW         1512    .bss                auth_status_tracker.o
    0x2000389c        -       0x00000050   Zero   RW         1807    .bss                ble_conn_params.o
    0x200038ec        -       0x00000078   Zero   RW         1901    .bss                ble_conn_state.o
    0x20003964        -       0x000000d8   Zero   RW         2360    .bss                id_manager.o
    0x20003a3c        -       0x0000013c   Zero   RW         2612    .bss                nrf_ble_lesc.o
    0x20003b78        -       0x00000180   Zero   RW         3121    .bss                peer_database.o
    0x20003cf8        -       0x00000040   Zero   RW         3237    .bss                peer_id.o
    0x20003d38        -       0x0000000c   Zero   RW         3358    .bss                peer_manager.o
    0x20003d44        -       0x00000040   Zero   RW         3773    .bss                security_dispatcher.o
    0x20003d84        -       0x0000013a   Zero   RW         4193    .bss                ble_hrs.o
    0x20003ebe   COMPRESSED   0x00000002   PAD
    0x20003ec0        -       0x00000144   Zero   RW         4811    .bss                nrf_crypto_rng.o
    0x20004004        -       0x00000014   Zero   RW         5434    .bss                nrf_drv_clock.o
    0x20004018        -       0x00000041   Zero   RW         5567    .bss                nrf_drv_rng.o
    0x20004059   COMPRESSED   0x00000003   PAD
    0x2000405c        -       0x0000000c   Zero   RW         5568    .bss                nrf_drv_rng.o
    0x20004068        -       0x0000005c   Zero   RW         5863    .bss                nrfx_gpiote.o
    0x200040c4        -       0x0000002c   Zero   RW         6269    .bss                nrfx_uart.o
    0x200040f0        -       0x00000024   Zero   RW         6452    .bss                nrfx_uarte.o
    0x20004114        -       0x00000010   Zero   RW         6601    .bss                nrf_fstorage_sd.o
    0x20004124        -       0x000000a0   Zero   RW         6602    .bss                nrf_fstorage_sd.o
    0x200041c4        -       0x00000020   Zero   RW         6794    .bss                app_button.o
    0x200041e4        -       0x00000020   Zero   RW         6861    .bss                app_uart_fifo.o
    0x20004204        -       0x0000010c   Zero   RW         7106    .bss                app_timer.o
    0x20004310        -       0x0000000c   Zero   RW         7259    .bss                app_util_platform.o
    0x2000431c        -       0x0000000c   Zero   RW         7951    .bss                nrf_pwr_mgmt.o
    0x20004328        -       0x00000010   Zero   RW         8417    .bss                fds.o
    0x20004338        -       0x000000e0   Zero   RW         8418    .bss                fds.o
    0x20004418        -       0x00000040   Zero   RW         8718    .bss                nrf_log_backend_rtt.o
    0x20004458        -       0x0000000e   Zero   RW         8896    .bss                nrf_log_frontend.o
    0x20004466   COMPRESSED   0x00000002   PAD
    0x20004468        -       0x00000150   Zero   RW         8897    .bss                nrf_log_frontend.o
    0x200045b8        -       0x00000080   Zero   RW         8898    .bss                nrf_log_frontend.o
    0x20004638        -       0x00000018   Zero   RW         8899    .bss                nrf_log_frontend.o
    0x20004650        -       0x00000424   Zero   RW         8900    .bss                nrf_log_frontend.o
    0x20004a74        -       0x00000288   Zero   RW         9138    .bss                segger_rtt.o
    0x20004cfc        -       0x00000264   Zero   RW         9767    .bss                digital_key_api.o
    0x20004f60        -       0x000000b0   Zero   RW         9956    .bss                aes_1.o
    0x20005010        -       0x00002000   Zero   RW        10804    HEAP                arm_startup_nrf52.o
    0x20007010        -       0x00002000   Zero   RW        10803    STACK               arm_startup_nrf52.o


==============================================================================

Image component sizes


      Code (inc. data)   RO Data    RW Data    ZI Data      Debug   Object Name

      2404         30       8744          0          0      18051   aes.o
      2014         86        523         12        176      12612   aes_1.o
       440         36          8         32         32      13394   app_button.o
        22          0          0          0          0       2529   app_error.o
       132         46          0          0          0      30649   app_error_weak.o
       118          0          0          0          0       4674   app_fifo.o
         0          0          0          0          0      36722   app_scheduler.o
      1530        124          6         20        268      50784   app_timer.o
       524         60         32         28         32      22306   app_uart_fifo.o
       124         14          0          0         12       9778   app_util_platform.o
        36          8        512          0      16384        964   arm_startup_nrf52.o
       840        210        107          4        192      14551   auth_status_tracker.o
      1324          0          0          0          0      60528   ble_advdata.o
      1094          6          0          0          0      20156   ble_advertising.o
       502          0         16          0          0       8211   ble_bas.o
       636         44          8          8         80      13107   ble_conn_params.o
       730         60          8          0        120      15465   ble_conn_state.o
       530         12          0         74          0       6991   ble_dis.o
      2100        510         81          1        314      17179   ble_hrs.o
       656          6          0          0          0       6140   ble_srv_common.o
       358         40          8          0          0      14055   boards.o
       998         84         44         16        108      17619   bsp.o
       252         10          8          8          0       5028   bsp_btn_ble.o
       208          0          0          0          0       3193   cipher_export.o
       802         84          0          0          0       8000   cmac.o
       830          0          0          0          0      11435   ctr_drbg.o
      2560        470          8         36        612      39425   digital_key_api.o
         0          0        310          0          0      10059   digitalkey.pb.o
      3426        314         24         68        240      47967   fds.o
      1100        546         65         21        256      77417   fstorage_data.o
      1848        544        561         16          0      25491   gatt_cache_manager.o
       578         70        374          6          0       9411   gatts_cache_manager.o
       946         34         32          0        216      15700   id_manager.o
        60         12          0         15          0      76999   ikcmdhandle.o
        98          8          0          0          0        692   ikcmdif.o
      4638       1820        158         84       1193     159348   main.o
       582         38          0          0          0      10799   md_export.o
        72          0         94          0          0       7652   md_wrap.o
         0          0         17          0          0       5549   mem_manager.o
       342          0          0          0          0       7006   nrf_atfifo.o
       170          0          0          0          0       4976   nrf_atflags.o
       332          0          0          0          0      10622   nrf_atomic.o
       164          0          0          0          0       3784   nrf_balloc.o
       926        272        205          0          0      36879   nrf_ble_gatt.o
      1144        544         87         12        316      43275   nrf_ble_lesc.o
       276          0          0          0          0       6437   nrf_ble_qwr.o
       448         26        108          0          0      10734   nrf_crypto_ecc.o
       160         10         12          0          0       2930   nrf_crypto_ecdh.o
        92         20          0          1          0       3074   nrf_crypto_init.o
       766        130          0         12        324      11733   nrf_crypto_rng.o
       276         34         30          0         20      38116   nrf_drv_clock.o
       416         42         42          3         77      13180   nrf_drv_rng.o
       200         26          0         12          0      18232   nrf_drv_uart.o
        50          0          0          0          0       3681   nrf_fprintf.o
       850          4         16          0          0       5670   nrf_fprintf_format.o
      1324        586        194          0          0       8516   nrf_fstorage.o
       798         82         72          8        176      18703   nrf_fstorage_sd.o
        12          0          8          0          0       2437   nrf_hw_backend_init.o
       152          6          0          0          0       7899   nrf_hw_backend_rng_mbedtls.o
       112         18         18          1         64       6465   nrf_log_backend_rtt.o
       200          0          0          0          0      11005   nrf_log_backend_serial.o
        28          4         32          8          0       3437   nrf_log_default_backends.o
      1708        118         44          8       1562      34252   nrf_log_frontend.o
       566        108        102         64          0       5848   nrf_log_str_formatter.o
       346          0          0          0          0       9907   nrf_memobj.o
       108         16         53          8         12      37014   nrf_pwr_mgmt.o
       444          0          0          0          0       7590   nrf_queue.o
        28          0          0          0          0       2483   nrf_ringbuf.o
       552         60        104          3          0      42296   nrf_sdh.o
       724        232        539          1          0       6149   nrf_sdh_ble.o
        60          4         56          0          0       2580   nrf_sdh_soc.o
        78          0          0          0          0       2932   nrf_section_iter.o
        76         10       1319          0          0       2891   nrf_strerror.o
       226         30         14          8          0      41830   nrfx_clock.o
      1226         92         19          0         92      59559   nrfx_gpiote.o
        94         16         12          8          0       3953   nrfx_prs.o
       224         56         12          8          0      10536   nrfx_rng.o
      1362         36         17          0         44      29273   nrfx_uart.o
      1200         38         18          0         36      24559   nrfx_uarte.o
       326          4         76          0          0      36026   oberon_backend_ecc.o
        38          0          0          0          0       2889   oberon_backend_ecdh.o
       202          0          0          0          0       3536   pb_common.o
      3374        606         40          0          0      40793   pb_decode.o
      2022        322         40          0          0      32355   pb_encode.o
      1152        144        285         12          0      18946   peer_data_storage.o
      1442        260        425          8        384      20154   peer_database.o
       314         38          0          0         64       9635   peer_id.o
      1774        456        217         16         12      21221   peer_manager.o
      1720        822        767         96          0      13688   peer_manager_handler.o
       234          0          0          0          0       5667   pm_buffer.o
         2          0          0          0          0       2786   printf.o
        14          0          0          4          0       2986   retarget.o
      1948        262        663          5         64      27795   security_dispatcher.o
      1120        108        407         17          0      50582   security_manager.o
       378         34          0          0        648       9321   segger_rtt.o
        82          0          0          0          0       3550   sensorsim.o
       914         72        320          0          0       7769   sha256.o
       796         70          0          4          0       3055   system_nrf52.o
       248         90         24          4        756      41260   uart_data.o

    ----------------------------------------------------------------------
     71594      11234      18280        792      24896    1867087   Object Totals
         0          0         32          0          0          0   (incl. Generated)
       122          0        103         12         10          0   (incl. Padding)

    ----------------------------------------------------------------------

      Code (inc. data)   RO Data    RW Data    ZI Data      Debug   Library Member Name

        86          0          0          0          0          0   __dczerorl2.o
        28          0          0          0          0         76   calloc.o
         8          4        133          0          0         68   ctype_o.o
         0          0          0          0          0          0   entry.o
         0          0          0          0          0          0   entry10a.o
         0          0          0          0          0          0   entry11a.o
         8          4          0          0          0          0   entry2.o
         4          0          0          0          0          0   entry5.o
         0          0          0          0          0          0   entry7b.o
         0          0          0          0          0          0   entry8b.o
         8          4          0          0          0          0   entry9a.o
        30          0          0          0          0          0   handlers.o
        36          8          0          0          0         68   init.o
        30          0          0          0          0         68   llshl.o
        32          0          0          0          0         68   llushr.o
       188         20          0          0          0        160   malloc.o
        26          0          0          0          0         80   memcmp.o
        66          0          0          0          0         76   memmove.o
        36          0          0          0          0        108   memseta.o
         0          0          0          8          0          0   mvars.o
        50          8          0          0          0        152   printfb.o
        18          0          0          0          0         68   strcpy.o
        14          0          0          0          0         68   strlen.o
        98          0          0          0          0         92   uldiv.o
      1644          0          0          0          0          0   occ_bigint256.s.obj
        64          0          0          0          0          0   occ_constant_time.s.obj
       456          4         32          0          0          0   occ_curve25519.c.obj
      1036         32        192         32          0          0   occ_curve_p256.c.obj
        88          0          0          0          0          0   occ_ecdh_p256.c.obj
        72          0          0          0          0          0   occ_ed25519.c.obj
      1004         20       1632          0          0          0   occ_ge25519.c.obj
       700          0          0          0          0          0   occ_mod25519.c.obj
      1644          0          0          0          0          0   occ_mod25519_base.s.obj
       528          0          0          0          0          0   occ_mod_p256.c.obj
      1720          0          0          0          0          0   occ_mod_p256_base.s.obj
       176          4         32          0          0          0   occ_sc25519.c.obj
        80          4         32          0          0          0   occ_sc_p256.c.obj
      2696         76        640          0          0          0   occ_sha512.c.obj
       792          0          0          0          0          0   occ_sha512_loop.c.obj

    ----------------------------------------------------------------------
     13474        192       2700         40          0       1152   Library Totals
         8          4          7          0          0          0   (incl. Padding)

    ----------------------------------------------------------------------

      Code (inc. data)   RO Data    RW Data    ZI Data      Debug   Library Name

       766         48        133          8          0       1152   mc_w.l
     12700        140       2560         32          0          0   oberon_short_wchar_2.0.5.lib

    ----------------------------------------------------------------------
     13474        192       2700         40          0       1152   Library Totals

    ----------------------------------------------------------------------

==============================================================================


      Code (inc. data)   RO Data    RW Data    ZI Data      Debug   

     85068      11426      20980        832      24896    1789203   Grand Totals
     85068      11426      20980        208      24896    1789203   ELF Image Totals (compressed)
     85068      11426      20980        208          0          0   ROM Totals

==============================================================================

    Total RO  Size (Code + RO Data)               106048 ( 103.56kB)
    Total RW  Size (RW Data + ZI Data)             25728 (  25.13kB)
    Total ROM Size (Code + RO Data + RW Data)     106256 ( 103.77kB)

==============================================================================

