Component: ARM Compiler 5.06 update 6 (build 750) Tool: armlink [4d35ed]

==============================================================================

Section Cross References

    main.o(i.advertising_start) refers to nrf_log_frontend.o(i.nrf_log_frontend_std_0) for nrf_log_frontend_std_0
    main.o(i.advertising_start) refers to peer_manager.o(i.pm_peers_delete) for pm_peers_delete
    main.o(i.advertising_start) refers to ble_advertising.o(i.ble_advertising_start) for ble_advertising_start
    main.o(i.advertising_start) refers to app_error.o(i.app_error_handler_bare) for app_error_handler_bare
    main.o(i.advertising_start) refers to nrf_log_frontend.o(log_const_data) for m_nrf_log_app_logs_data_const
    main.o(i.advertising_start) refers to main.o(.bss) for .bss
    main.o(i.assert_nrf_callback) refers to app_error_handler_keil.o(.emb_text) for app_error_handler
    main.o(i.ble_evt_handler) refers to nrf_log_frontend.o(i.nrf_log_frontend_std_0) for nrf_log_frontend_std_0
    main.o(i.ble_evt_handler) refers to bsp.o(i.bsp_indication_set) for bsp_indication_set
    main.o(i.ble_evt_handler) refers to app_error.o(i.app_error_handler_bare) for app_error_handler_bare
    main.o(i.ble_evt_handler) refers to nrf_ble_qwr.o(i.nrf_ble_qwr_conn_handle_assign) for nrf_ble_qwr_conn_handle_assign
    main.o(i.ble_evt_handler) refers to nrf_log_frontend.o(log_const_data) for m_nrf_log_app_logs_data_const
    main.o(i.ble_evt_handler) refers to main.o(.data) for .data
    main.o(i.ble_evt_handler) refers to main.o(.bss) for .bss
    main.o(i.bsp_event_handler) refers to main.o(i.sleep_mode_enter) for sleep_mode_enter
    main.o(i.bsp_event_handler) refers to app_error.o(i.app_error_handler_bare) for app_error_handler_bare
    main.o(i.bsp_event_handler) refers to ble_advertising.o(i.ble_advertising_restart_without_whitelist) for ble_advertising_restart_without_whitelist
    main.o(i.bsp_event_handler) refers to main.o(.data) for .data
    main.o(i.bsp_event_handler) refers to main.o(.bss) for .bss
    main.o(i.conn_params_error_handler) refers to app_error.o(i.app_error_handler_bare) for app_error_handler_bare
    main.o(i.main) refers to nrf_log_frontend.o(i.nrf_log_init) for nrf_log_init
    main.o(i.main) refers to app_error.o(i.app_error_handler_bare) for app_error_handler_bare
    main.o(i.main) refers to nrf_log_default_backends.o(i.nrf_log_default_backends_init) for nrf_log_default_backends_init
    main.o(i.main) refers to app_timer.o(i.app_timer_init) for app_timer_init
    main.o(i.main) refers to bsp.o(i.bsp_init) for bsp_init
    main.o(i.main) refers to bsp_btn_ble.o(i.bsp_btn_ble_init) for bsp_btn_ble_init
    main.o(i.main) refers to nrf_pwr_mgmt.o(i.nrf_pwr_mgmt_init) for nrf_pwr_mgmt_init
    main.o(i.main) refers to nrf_sdh.o(i.nrf_sdh_enable_request) for nrf_sdh_enable_request
    main.o(i.main) refers to nrf_sdh_ble.o(i.nrf_sdh_ble_default_cfg_set) for nrf_sdh_ble_default_cfg_set
    main.o(i.main) refers to nrf_sdh_ble.o(i.nrf_sdh_ble_enable) for nrf_sdh_ble_enable
    main.o(i.main) refers to nrf_ble_gatt.o(i.nrf_ble_gatt_init) for nrf_ble_gatt_init
    main.o(i.main) refers to memseta.o(.text) for __aeabi_memclr4
    main.o(i.main) refers to ble_advertising.o(i.ble_advertising_init) for ble_advertising_init
    main.o(i.main) refers to ble_advertising.o(i.ble_advertising_conn_cfg_tag_set) for ble_advertising_conn_cfg_tag_set
    main.o(i.main) refers to nrf_ble_qwr.o(i.nrf_ble_qwr_init) for nrf_ble_qwr_init
    main.o(i.main) refers to ble_conn_params.o(i.ble_conn_params_init) for ble_conn_params_init
    main.o(i.main) refers to main.o(i.peer_manager_init) for peer_manager_init
    main.o(i.main) refers to nrf_log_frontend.o(i.nrf_log_frontend_std_0) for nrf_log_frontend_std_0
    main.o(i.main) refers to main.o(i.advertising_start) for advertising_start
    main.o(i.main) refers to nrf_log_frontend.o(i.nrf_log_frontend_dequeue) for nrf_log_frontend_dequeue
    main.o(i.main) refers to nrf_pwr_mgmt.o(i.nrf_pwr_mgmt_run) for nrf_pwr_mgmt_run
    main.o(i.main) refers to main.o(i.bsp_event_handler) for bsp_event_handler
    main.o(i.main) refers to main.o(.bss) for .bss
    main.o(i.main) refers to main.o(.data) for .data
    main.o(i.main) refers to main.o(i.on_adv_evt) for on_adv_evt
    main.o(i.main) refers to main.o(i.nrf_qwr_error_handler) for nrf_qwr_error_handler
    main.o(i.main) refers to main.o(i.on_conn_params_evt) for on_conn_params_evt
    main.o(i.main) refers to main.o(i.conn_params_error_handler) for conn_params_error_handler
    main.o(i.main) refers to nrf_log_frontend.o(log_const_data) for m_nrf_log_app_logs_data_const
    main.o(i.nrf_qwr_error_handler) refers to app_error.o(i.app_error_handler_bare) for app_error_handler_bare
    main.o(i.on_adv_evt) refers to nrf_log_frontend.o(i.nrf_log_frontend_std_0) for nrf_log_frontend_std_0
    main.o(i.on_adv_evt) refers to bsp.o(i.bsp_indication_set) for bsp_indication_set
[...]
    pm_register                              0x0002e149   Thumb Code    34  peer_manager.o(i.pm_register)
    pm_sec_params_set                        0x0002e175   Thumb Code    14  peer_manager.o(i.pm_sec_params_set)
    pm_sm_evt_handler                        0x0002e189   Thumb Code    10  peer_manager.o(i.pm_sm_evt_handler)
    sm_ble_evt_handler                       0x0002edc1   Thumb Code    32  security_manager.o(i.sm_ble_evt_handler)
    sm_init                                  0x0002eded   Thumb Code    72  security_manager.o(i.sm_init)
    sm_link_secure                           0x0002ee45   Thumb Code    10  security_manager.o(i.sm_link_secure)
    sm_pdb_evt_handler                       0x0002ee51   Thumb Code    56  security_manager.o(i.sm_pdb_evt_handler)
    sm_sec_params_set                        0x0002ee95   Thumb Code    46  security_manager.o(i.sm_sec_params_set)
    sm_smd_evt_handler                       0x0002eec9   Thumb Code    92  security_manager.o(i.sm_smd_evt_handler)
    smd_ble_evt_handler                      0x0002ef29   Thumb Code   234  security_dispatcher.o(i.smd_ble_evt_handler)
    smd_init                                 0x0002f01d   Thumb Code    88  security_dispatcher.o(i.smd_init)
    smd_link_secure                          0x0002f085   Thumb Code    40  security_dispatcher.o(i.smd_link_secure)
    smd_params_reply                         0x0002f0ad   Thumb Code   168  security_dispatcher.o(i.smd_params_reply)
    store_car_value                          0x0002f2d1   Thumb Code    70  gatt_cache_manager.o(i.store_car_value)
    write_buf_store                          0x0002fb61   Thumb Code   202  peer_database.o(i.write_buf_store)
    nrf_fstorage_sd                          0x00030240   Data          32  nrf_fstorage_sd.o(.constdata)
    nrf_log_backend_uart_api                 0x000303c0   Data          12  nrf_log_backend_uart.o(.constdata)
    m_ram_start                              0x00030470   Data           4  nrf_sdh_ble.o(.constdata)
    __ctype_table                            0x0003049c   Data         129  ctype_o.o(.constdata)
    Region$$Table$$Base                      0x0003199c   Number         0  anon$$obj.o(Region$$Table)
    Region$$Table$$Limit                     0x000319bc   Number         0  anon$$obj.o(Region$$Table)
    log_const_data$$Base                     0x000319cc   Number         0  gatt_cache_manager.o(log_const_data)
    m_nrf_log_peer_manager_gcm_logs_data_const 0x000319cc   Data           8  gatt_cache_manager.o(log_const_data)
    m_nrf_log_peer_manager_gscm_logs_data_const 0x000319d4   Data           8  gatts_cache_manager.o(log_const_data)
    m_nrf_log_peer_manager_im_logs_data_const 0x000319dc   Data           8  id_manager.o(log_const_data)
    m_nrf_log_nrf_ble_gatt_logs_data_const   0x000319e4   Data           8  nrf_ble_gatt.o(log_const_data)
    m_nrf_log_peer_manager_pds_logs_data_const 0x000319ec   Data           8  peer_data_storage.o(log_const_data)
    m_nrf_log_peer_manager_pdb_logs_data_const 0x000319f4   Data           8  peer_database.o(log_const_data)
    m_nrf_log_peer_manager_logs_data_const   0x000319fc   Data           8  peer_manager.o(log_const_data)
    m_nrf_log_peer_manager_handler_logs_data_const 0x00031a04   Data           8  peer_manager_handler.o(log_const_data)
    m_nrf_log_peer_manager_smd_logs_data_const 0x00031a0c   Data           8  security_dispatcher.o(log_const_data)
    m_nrf_log_peer_manager_sm_logs_data_const 0x00031a14   Data           8  security_manager.o(log_const_data)
    m_nrf_log_clock_logs_data_const          0x00031a1c   Data           8  nrf_drv_clock.o(log_const_data)
    m_nrf_log_CLOCK_logs_data_const          0x00031a24   Data           8  nrfx_clock.o(log_const_data)
    m_nrf_log_GPIOTE_logs_data_const         0x00031a2c   Data           8  nrfx_gpiote.o(log_const_data)
    m_nrf_log_PRS_logs_data_const            0x00031a34   Data           8  nrfx_prs.o(log_const_data)
    m_nrf_log_UART_logs_data_const           0x00031a3c   Data           8  nrfx_uart.o(log_const_data)
    m_nrf_log_UARTE_logs_data_const          0x00031a44   Data           8  nrfx_uarte.o(log_const_data)
    m_nrf_log_nrf_fstorage_logs_data_const   0x00031a4c   Data           8  nrf_fstorage.o(log_const_data)
    m_nrf_log_pwr_mgmt_logs_data_const       0x00031a54   Data           8  nrf_pwr_mgmt.o(log_const_data)
    m_nrf_log_app_logs_data_const            0x00031a5c   Data           8  nrf_log_frontend.o(log_const_data)
    m_nrf_log_nrf_sdh_logs_data_const        0x00031a64   Data           8  nrf_sdh.o(log_const_data)
    m_nrf_log_nrf_sdh_ble_logs_data_const    0x00031a6c   Data           8  nrf_sdh_ble.o(log_const_data)
    m_nrf_log_nrf_sdh_soc_logs_data_const    0x00031a74   Data           8  nrf_sdh_soc.o(log_const_data)
    log_const_data$$Limit                    0x00031a7c   Number         0  nrf_sdh_soc.o(log_const_data)
    log_mempool                              0x00031a7c   Data          20  nrf_log_frontend.o(nrf_balloc)
    sdh_ble_observers0$$Base                 0x00031a90   Number         0  ble_conn_state.o(sdh_ble_observers0)
    sdh_ble_observers0$$Limit                0x00031a98   Number         0  ble_conn_state.o(sdh_ble_observers0)
    sdh_ble_observers1$$Base                 0x00031a98   Number         0  main.o(sdh_ble_observers1)
    sdh_ble_observers1$$Limit                0x00031ac0   Number         0  peer_manager.o(sdh_ble_observers1)
    sdh_ble_observers2$$Base                 0x00031ac0   Number         0  main.o(sdh_ble_observers2)
    sdh_ble_observers2$$Limit                0x00031ac8   Number         0  main.o(sdh_ble_observers2)
    sdh_ble_observers3$$Base                 0x00031ac8   Number         0  main.o(sdh_ble_observers3)
    m_req_obs                                0x00031ad0   Data           8  nrf_fstorage_sd.o(sdh_req_observers0)
    sdh_ble_observers3$$Limit                0x00031ad0   Number         0  main.o(sdh_ble_observers3)
    sdh_req_observers0$$Base                 0x00031ad0   Number         0  nrf_fstorage_sd.o(sdh_req_observers0)
    sdh_req_observers0$$Limit                0x00031ad8   Number         0  nrf_fstorage_sd.o(sdh_req_observers0)
    sdh_soc_observers0$$Base                 0x00031ad8   Number         0  nrf_drv_clock.o(sdh_soc_observers0)
    sdh_soc_observers0$$Limit                0x00031ae8   Number         0  nrf_fstorage_sd.o(sdh_soc_observers0)
    sdh_soc_observers1$$Base                 0x00031ae8   Number         0  main.o(sdh_soc_observers1)
    sdh_soc_observers1$$Limit                0x00031af0   Number         0  main.o(sdh_soc_observers1)
    sdh_stack_observers0$$Base               0x00031af0   Number         0  nrf_sdh_ble.o(sdh_stack_observers0)
    sdh_stack_observers0$$Limit              0x00031b00   Number         0  nrf_sdh_soc.o(sdh_stack_observers0)
    sdh_state_observers0$$Base               0x00031b00   Number         0  nrf_drv_clock.o(sdh_state_observers0)
    sdh_state_observers0$$Limit              0x00031b10   Number         0  nrf_fstorage_sd.o(sdh_state_observers0)
    Image$$RW_IRAM1$$Base                    0x20002218   Number         0  anon$$obj.o ABSOLUTE
    nrf_drv_uart_use_easy_dma                0x200022fc   Data           1  nrf_drv_uart.o(.data)
    m_uart                                   0x20002390   Data          20  nrf_log_backend_uart.o(.data)
    SystemCoreClock                          0x20002400   Data           4  system_nrf52.o(.data)
    fs_data$$Base                            0x20002404   Number         0  fds.o(fs_data)
    m_fs                                     0x20002404   Data          20  fds.o(fs_data)
    fs_data$$Limit                           0x20002418   Number         0  fds.o(fs_data)
    nrf_nvic_state                           0x20002c94   Data          12  app_util_platform.o(.bss)
    __initial_sp                             0x20005408   Data           0  arm_startup_nrf52.o(STACK)



==============================================================================

Memory Map of the image

  Image Entry point : 0x00026201

  Load Region LR_IROM1 (Base: 0x00026000, Size: 0x0000bd10, Max: 0x0005a000, ABSOLUTE, COMPRESSED[0x0000bb9c])

    Execution Region ER_IROM1 (Exec base: 0x00026000, Load base: 0x00026000, Size: 0x0000bb10, Max: 0x0005a000, ABSOLUTE)

    Exec Addr    Load Addr    Size         Type   Attr      Idx    E Section Name        Object

    0x00026000   0x00026000   0x00000200   Data   RO         6663    RESET               arm_startup_nrf52.o
    0x00026200   0x00026200   0x00000000   Code   RO         6704  * .ARM.Collect$$$$00000000  mc_w.l(entry.o)
    0x00026200   0x00026200   0x00000004   Code   RO         6758    .ARM.Collect$$$$00000001  mc_w.l(entry2.o)
    0x00026204   0x00026204   0x00000004   Code   RO         6761    .ARM.Collect$$$$00000004  mc_w.l(entry5.o)
    0x00026208   0x00026208   0x00000000   Code   RO         6763    .ARM.Collect$$$$00000008  mc_w.l(entry7b.o)
    0x00026208   0x00026208   0x00000000   Code   RO         6765    .ARM.Collect$$$$0000000A  mc_w.l(entry8b.o)
    0x00026208   0x00026208   0x00000008   Code   RO         6766    .ARM.Collect$$$$0000000B  mc_w.l(entry9a.o)
    0x00026210   0x00026210   0x00000000   Code   RO         6768    .ARM.Collect$$$$0000000D  mc_w.l(entry10a.o)
    0x00026210   0x00026210   0x00000000   Code   RO         6770    .ARM.Collect$$$$0000000F  mc_w.l(entry11a.o)
    0x00026210   0x00026210   0x00000004   Code   RO         6759    .ARM.Collect$$$$00002712  mc_w.l(entry2.o)
    0x00026214   0x00026214   0x000000c8   Code   RO         4786    .emb_text           nrf_atfifo.o
    0x000262dc   0x000262dc   0x000000e2   Code   RO         4922    .emb_text           nrf_atomic.o
    0x000263be   0x000263be   0x00000002   PAD
    0x000263c0   0x000263c0   0x00000024   Code   RO         6664    .text               arm_startup_nrf52.o
    0x000263e4   0x000263e4   0x00000062   Code   RO         6712    .text               mc_w.l(uldiv.o)
    0x00026446   0x00026446   0x0000001e   Code   RO         6714    .text               mc_w.l(llshl.o)
    0x00026464   0x00026464   0x00000008   Code   RO         6716    .text               mc_w.l(ctype_o.o)
    0x0002646c   0x0002646c   0x00000024   Code   RO         6744    .text               mc_w.l(memcpya.o)
    0x00026490   0x00026490   0x00000024   Code   RO         6746    .text               mc_w.l(memseta.o)
    0x000264b4   0x000264b4   0x0000000e   Code   RO         6748    .text               mc_w.l(strlen.o)
    0x000264c2   0x000264c2   0x0000001a   Code   RO         6752    .text               mc_w.l(memcmp.o)
    0x000264dc   0x000264dc   0x00000020   Code   RO         6773    .text               mc_w.l(llushr.o)
    0x000264fc   0x000264fc   0x00000024   Code   RO         6776    .text               mc_w.l(init.o)
    0x00026520   0x00026520   0x00000056   Code   RO         6786    .text               mc_w.l(__dczerorl2.o)
    0x00026576   0x00026576   0x00000002   PAD
    0x00026578   0x00026578   0x00000164   Code   RO         3232    i.GPIOTE_IRQHandler  nrfx_gpiote.o
    0x000266dc   0x000266dc   0x00000016   Code   RO         4153    i.NVIC_ClearPendingIRQ  app_timer.o
    0x000266f2   0x000266f2   0x00000016   Code   RO         4154    i.NVIC_EnableIRQ    app_timer.o
    0x00026708   0x00026708   0x00000016   Code   RO         4155    i.NVIC_SetPendingIRQ  app_timer.o
    0x0002671e   0x0002671e   0x00000020   Code   RO         4156    i.NVIC_SetPriority  app_timer.o
    0x0002673e   0x0002673e   0x00000002   PAD
    0x00026740   0x00026740   0x00000058   Code   RO         3097    i.POWER_CLOCK_IRQHandler  nrfx_clock.o
    0x00026798   0x00026798   0x00000024   Code   RO         4157    i.RTC1_IRQHandler   app_timer.o
    0x000267bc   0x000267bc   0x00000004   Code   RO         4158    i.SWI0_EGU0_IRQHandler  app_timer.o
    0x000267c0   0x000267c0   0x00000004   Code   RO         6454    i.SWI2_EGU2_IRQHandler  nrf_sdh.o
    0x000267c4   0x000267c4   0x0000031c   Code   RO         6672    i.SystemInit        system_nrf52.o
    0x00026ae0   0x00026ae0   0x0000000c   Code   RO         3534    i.UARTE0_UART0_IRQHandler  nrfx_prs.o
    0x00026aec   0x00026aec   0x0000000e   Code   RO         6780    i.__scatterload_copy  mc_w.l(handlers.o)
    0x00026afa   0x00026afa   0x00000002   Code   RO         6781    i.__scatterload_null  mc_w.l(handlers.o)
    0x00026afc   0x00026afc   0x0000000e   Code   RO         6782    i.__scatterload_zeroinit  mc_w.l(handlers.o)
    0x00026b0a   0x00026b0a   0x00000002   PAD
    0x00026b0c   0x00026b0c   0x00000024   Code   RO         6455    i.__sd_nvic_app_accessible_irq  nrf_sdh.o
    0x00026b30   0x00026b30   0x0000013c   Code   RO         2464    i._conn_secure      peer_manager_handler.o
    0x00026c6c   0x00026c6c   0x00000026   Code   RO         1509    i.addr_compare      id_manager.o
    0x00026c92   0x00026c92   0x0000000c   Code   RO         5174    i.addr_is_aligned32  nrf_fstorage.o
    0x00026c9e   0x00026c9e   0x00000018   Code   RO         5175    i.addr_is_within_bounds  nrf_fstorage.o
    0x00026cb6   0x00026cb6   0x00000036   Code   RO          643    i.advertising_buttons_configure  bsp_btn_ble.o
    0x00026cec   0x00026cec   0x00000050   Code   RO            4    i.advertising_start  main.o
    0x00026d3c   0x00026d3c   0x00000052   Code   RO         1510    i.ah                id_manager.o
    0x00026d8e   0x00026d8e   0x00000006   Code   RO          526    i.alert_timer_handler  bsp.o
    0x00026d94   0x00026d94   0x0000000c   Code   RO         2605    i.allow_repairing   security_dispatcher.o
    0x00026da0   0x00026da0   0x00000024   Code   RO         3935    i.app_button_enable  app_button.o
    0x00026dc4   0x00026dc4   0x00000078   Code   RO         3936    i.app_button_init   app_button.o
    0x00026e3c   0x00026e3c   0x00000084   Code   RO         4059    i.app_error_fault_handler  app_error_weak.o
    0x00026ec0   0x00026ec0   0x00000016   Code   RO         3999    i.app_error_handler_bare  app_error.o
    0x00026ed6   0x00026ed6   0x00000002   PAD
    0x00026ed8   0x00026ed8   0x00000028   Code   RO         4161    i.app_timer_create  app_timer.o
    0x00026f00   0x00026f00   0x00000054   Code   RO         4162    i.app_timer_init    app_timer.o
    0x00026f54   0x00026f54   0x00000088   Code   RO         4165    i.app_timer_start   app_timer.o
    0x00026fdc   0x00026fdc   0x00000020   Code   RO         4166    i.app_timer_stop    app_timer.o
    0x00026ffc   0x00026ffc   0x00000048   Code   RO         4326    i.app_util_critical_region_enter  app_util_platform.o
    0x00027044   0x00027044   0x00000034   Code   RO         4327    i.app_util_critical_region_exit  app_util_platform.o
    0x00027078   0x00027078   0x00000088   Code   RO         3588    i.apply_config      nrfx_uart.o
    0x00027100   0x00027100   0x00000088   Code   RO         3779    i.apply_config      nrfx_uarte.o
    0x00027188   0x00027188   0x00000004   Code   RO         1262    i.apply_pending_handle  gatt_cache_manager.o
    0x0002718c   0x0002718c   0x00000180   Code   RO         2606    i.auth_status_success_process  security_dispatcher.o
    0x0002730c   0x0002730c   0x00000182   Code   RO          768    i.ble_advdata_encode  ble_advdata.o
    0x0002748e   0x0002748e   0x00000020   Code   RO          770    i.ble_advdata_parse  ble_advdata.o
    0x000274ae   0x000274ae   0x00000038   Code   RO          771    i.ble_advdata_search  ble_advdata.o
    0x000274e6   0x000274e6   0x00000006   Code   RO          875    i.ble_advertising_conn_cfg_tag_set  ble_advertising.o
    0x000274ec   0x000274ec   0x0000011c   Code   RO          876    i.ble_advertising_init  ble_advertising.o
    0x00027608   0x00027608   0x0000006a   Code   RO          878    i.ble_advertising_on_ble_evt  ble_advertising.o
    0x00027672   0x00027672   0x00000002   Code   RO          879    i.ble_advertising_on_sys_evt  ble_advertising.o
    0x00027674   0x00027674   0x0000003a   Code   RO          881    i.ble_advertising_restart_without_whitelist  ble_advertising.o
    0x000276ae   0x000276ae   0x0000022c   Code   RO          882    i.ble_advertising_start  ble_advertising.o
    0x000278da   0x000278da   0x00000002   PAD
    0x000278dc   0x000278dc   0x00000068   Code   RO          968    i.ble_conn_params_init  ble_conn_params.o
    0x00027944   0x00027944   0x00000020   Code   RO         1044    i.ble_conn_state_encrypted  ble_conn_state.o
    0x00027964   0x00027964   0x0000002c   Code   RO         1046    i.ble_conn_state_for_each_set_user_flag  ble_conn_state.o
    0x00027990   0x00027990   0x00000020   Code   RO         1048    i.ble_conn_state_mitm_protected  ble_conn_state.o
    0x000279b0   0x000279b0   0x00000024   Code   RO         1051    i.ble_conn_state_role  ble_conn_state.o
    0x000279d4   0x000279d4   0x00000024   Code   RO         1052    i.ble_conn_state_status  ble_conn_state.o
    0x000279f8   0x000279f8   0x00000018   Code   RO         1053    i.ble_conn_state_user_flag_acquire  ble_conn_state.o
    0x00027a10   0x00027a10   0x00000030   Code   RO         1054    i.ble_conn_state_user_flag_get  ble_conn_state.o
    0x00027a40   0x00027a40   0x00000040   Code   RO         1055    i.ble_conn_state_user_flag_set  ble_conn_state.o
    0x00027a80   0x00027a80   0x00000014   Code   RO         1056    i.ble_conn_state_valid  ble_conn_state.o
    0x00027a94   0x00027a94   0x00000060   Code   RO          774    i.ble_device_addr_encode  ble_advdata.o
    0x00027af4   0x00027af4   0x000000b4   Code   RO            6    i.ble_evt_handler   main.o
    0x00027ba8   0x00027ba8   0x00000070   Code   RO          644    i.ble_evt_handler   bsp_btn_ble.o
    0x00027c18   0x00027c18   0x000000fc   Code   RO          970    i.ble_evt_handler   ble_conn_params.o
    0x00027d14   0x00027d14   0x00000104   Code   RO         1057    i.ble_evt_handler   ble_conn_state.o
    0x00027e18   0x00027e18   0x00000028   Code   RO         2170    i.ble_evt_handler   peer_manager.o
    0x00027e40   0x00027e40   0x00000008   Code   RO         1202    i.ble_srv_is_notification_enabled  ble_srv_common.o
    0x00027e48   0x00027e48   0x0000000c   Code   RO          393    i.bsp_board_button_idx_to_pin  boards.o
    0x00027e54   0x00027e54   0x00000020   Code   RO          394    i.bsp_board_button_state_get  boards.o
    0x00027e74   0x00027e74   0x00000054   Code   RO          395    i.bsp_board_init    boards.o
    0x00027ec8   0x00027ec8   0x00000024   Code   RO          397    i.bsp_board_led_invert  boards.o
    0x00027eec   0x00027eec   0x00000010   Code   RO          398    i.bsp_board_led_off  boards.o
    0x00027efc   0x00027efc   0x00000010   Code   RO          399    i.bsp_board_led_on  boards.o
    0x00027f0c   0x00027f0c   0x00000020   Code   RO          400    i.bsp_board_led_state_get  boards.o
    0x00027f2c   0x00027f2c   0x00000012   Code   RO          401    i.bsp_board_leds_off  boards.o
    0x00027f3e   0x00027f3e   0x00000012   Code   RO          402    i.bsp_board_leds_on  boards.o
    0x00027f50   0x00027f50   0x00000024   Code   RO          403    i.bsp_board_pin_to_button_idx  boards.o
    0x00027f74   0x00027f74   0x00000038   Code   RO          645    i.bsp_btn_ble_init  bsp_btn_ble.o
    0x00027fac   0x00027fac   0x0000001e   Code   RO          646    i.bsp_btn_ble_sleep_mode_prepare  bsp_btn_ble.o
    0x00027fca   0x00027fca   0x00000002   PAD
    0x00027fcc   0x00027fcc   0x00000090   Code   RO          527    i.bsp_button_event_handler  bsp.o
    0x0002805c   0x0002805c   0x0000000c   Code   RO          528    i.bsp_button_is_pressed  bsp.o
    0x00028068   0x00028068   0x0000004c   Code   RO            7    i.bsp_event_handler  main.o
    0x000280b4   0x000280b4   0x00000044   Code   RO          531    i.bsp_event_to_button_action_assign  bsp.o
    0x000280f8   0x000280f8   0x00000018   Code   RO          532    i.bsp_indication_set  bsp.o
    0x00028110   0x00028110   0x00000094   Code   RO          533    i.bsp_init          bsp.o
    0x000281a4   0x000281a4   0x000001c8   Code   RO          534    i.bsp_led_indication  bsp.o
    0x0002836c   0x0002836c   0x00000006   Code   RO          536    i.bsp_wakeup_button_enable  bsp.o
    0x00028372   0x00028372   0x00000002   PAD
    0x00028374   0x00028374   0x00000090   Code   RO         5854    i.buf_prealloc      nrf_log_frontend.o
    0x00028404   0x00028404   0x0000001e   Code   RO         5134    i.buffer_add        nrf_fprintf_format.o
    0x00028422   0x00028422   0x00000002   PAD
    0x00028424   0x00028424   0x00000014   Code   RO         5855    i.buffer_is_empty   nrf_log_frontend.o
    0x00028438   0x00028438   0x00000008   Code   RO          537    i.button_timer_handler  bsp.o
    0x00028440   0x00028440   0x00000028   Code   RO         1263    i.car_update_needed  gatt_cache_manager.o
    0x00028468   0x00028468   0x00000028   Code   RO         1264    i.car_update_pending_handle  gatt_cache_manager.o
    0x00028490   0x00028490   0x0000001c   Code   RO         3233    i.channel_free      nrfx_gpiote.o
    0x000284ac   0x000284ac   0x00000048   Code   RO         3234    i.channel_port_alloc  nrfx_gpiote.o
    0x000284f4   0x000284f4   0x00000010   Code   RO         3235    i.channel_port_get  nrfx_gpiote.o
    0x00028504   0x00028504   0x0000003e   Code   RO         2080    i.claim             peer_id.o
    0x00028542   0x00028542   0x00000002   PAD
    0x00028544   0x00028544   0x00000028   Code   RO         2899    i.clock_clk_started_notify  nrf_drv_clock.o
    0x0002856c   0x0002856c   0x0000001c   Code   RO         2900    i.clock_irq_handler  nrf_drv_clock.o
    0x00028588   0x00028588   0x000000ac   Code   RO         4168    i.compare_reg_update  app_timer.o
    0x00028634   0x00028634   0x0000003e   Code   RO         1058    i.conn_handle_list_get  ble_conn_state.o
    0x00028672   0x00028672   0x00000088   Code   RO          775    i.conn_int_encode   ble_advdata.o
    0x000286fa   0x000286fa   0x00000004   Code   RO            8    i.conn_params_error_handler  main.o
    0x000286fe   0x000286fe   0x00000002   PAD
    0x00028700   0x00028700   0x00000048   Code   RO          971    i.conn_params_negotiation  ble_conn_params.o
    0x00028748   0x00028748   0x00000044   Code   RO         2607    i.conn_sec_failure  security_dispatcher.o
    0x0002878c   0x0002878c   0x00000004   Code   RO         2465    i.conn_secure       peer_manager_handler.o
    0x00028790   0x00028790   0x000000c0   Code   RO         1675    i.data_length_update  nrf_ble_gatt.o
    0x00028850   0x00028850   0x00000030   Code   RO         1265    i.db_update_pending_handle  gatt_cache_manager.o
    0x00028880   0x00028880   0x00000080   Code   RO         4421    i.delete_execute    fds.o
    0x00028900   0x00028900   0x00000098   Code   RO         3938    i.detection_delay_timeout_handler  app_button.o
    0x00028998   0x00028998   0x00000014   Code   RO         5856    i.dropped_sat16_get  nrf_log_frontend.o
    0x000289ac   0x000289ac   0x00000040   Code   RO         4169    i.elapsed_ticks_acquire  app_timer.o
    0x000289ec   0x000289ec   0x0000000a   Code   RO         2608    i.encryption_failure  security_dispatcher.o
    0x000289f6   0x000289f6   0x00000002   PAD
    0x000289f8   0x000289f8   0x0000004c   Code   RO         5261    i.erase             nrf_fstorage_sd.o
    0x00028a44   0x00028a44   0x00000074   Code   RO         4422    i.event_prepare     fds.o
    0x00028ab8   0x00028ab8   0x00000020   Code   RO         4423    i.event_send        fds.o
    0x00028ad8   0x00028ad8   0x00000054   Code   RO         5262    i.event_send        nrf_fstorage_sd.o
    0x00028b2c   0x00028b2c   0x000000ac   Code   RO         2746    i.events_send_from_err_code  security_manager.o
    0x00028bd8   0x00028bd8   0x0000001c   Code   RO         1266    i.evt_send          gatt_cache_manager.o
    0x00028bf4   0x00028bf4   0x0000002c   Code   RO         2171    i.evt_send          peer_manager.o
    0x00028c20   0x00028c20   0x0000001c   Code   RO         2609    i.evt_send          security_dispatcher.o
    0x00028c3c   0x00028c3c   0x0000000c   Code   RO         2747    i.evt_send          security_manager.o
    0x00028c48   0x00028c48   0x000000ec   Code   RO         1818    i.fds_evt_handler   peer_data_storage.o
    0x00028d34   0x00028d34   0x00000044   Code   RO         4425    i.fds_file_delete   fds.o
    0x00028d78   0x00028d78   0x0000003c   Code   RO         4426    i.fds_gc            fds.o
    0x00028db4   0x00028db4   0x000000d0   Code   RO         4427    i.fds_init          fds.o
    0x00028e84   0x00028e84   0x00000040   Code   RO         4428    i.fds_record_close  fds.o
    0x00028ec4   0x00028ec4   0x0000000e   Code   RO         4430    i.fds_record_find   fds.o
    0x00028ed2   0x00028ed2   0x00000010   Code   RO         4431    i.fds_record_find_by_key  fds.o
    0x00028ee2   0x00028ee2   0x00000010   Code   RO         4432    i.fds_record_find_in_file  fds.o
    0x00028ef2   0x00028ef2   0x00000010   Code   RO         4433    i.fds_record_id_from_desc  fds.o
    0x00028f02   0x00028f02   0x00000002   PAD
    0x00028f04   0x00028f04   0x00000048   Code   RO         4435    i.fds_record_open   fds.o
    0x00028f4c   0x00028f4c   0x0000000e   Code   RO         4436    i.fds_record_update  fds.o
    0x00028f5a   0x00028f5a   0x00000008   Code   RO         4437    i.fds_record_write  fds.o
    0x00028f62   0x00028f62   0x00000002   PAD
    0x00028f64   0x00028f64   0x0000002c   Code   RO         4439    i.fds_register      fds.o
    0x00028f90   0x00028f90   0x00000014   Code   RO         1819    i.file_id_within_pm_range  peer_data_storage.o
    0x00028fa4   0x00028fa4   0x00000012   Code   RO         2610    i.flag_id_init      security_dispatcher.o
    0x00028fb6   0x00028fb6   0x00000012   Code   RO         2748    i.flag_id_init      security_manager.o
    0x00028fc8   0x00028fc8   0x00000028   Code   RO          884    i.flags_set         ble_advertising.o
    0x00028ff0   0x00028ff0   0x00000030   Code   RO         2749    i.flags_set_from_err_code  security_manager.o
    0x00029020   0x00029020   0x00000030   Code   RO         1059    i.for_each_set_flag  ble_conn_state.o
    0x00029050   0x00029050   0x00000006   Code   RO         4443    i.fs_event_handler  fds.o
    0x00029056   0x00029056   0x00000002   PAD
    0x00029058   0x00029058   0x0000007c   Code   RO         4444    i.gc_execute        fds.o
    0x000290d4   0x000290d4   0x0000004c   Code   RO         4445    i.gc_next_page      fds.o
    0x00029120   0x00029120   0x00000040   Code   RO         4446    i.gc_page_erase     fds.o
    0x00029160   0x00029160   0x00000034   Code   RO         4447    i.gc_record_copy    fds.o
    0x00029194   0x00029194   0x00000024   Code   RO         4448    i.gc_record_find_next  fds.o
    0x000291b8   0x000291b8   0x00000088   Code   RO         4449    i.gc_state_advance  fds.o
    0x00029240   0x00029240   0x000001b8   Code   RO         1267    i.gcm_ble_evt_handler  gatt_cache_manager.o
    0x000293f8   0x000293f8   0x0000003c   Code   RO         1268    i.gcm_im_evt_handler  gatt_cache_manager.o
    0x00029434   0x00029434   0x0000007c   Code   RO         1269    i.gcm_init          gatt_cache_manager.o
    0x000294b0   0x000294b0   0x00000088   Code   RO         1272    i.gcm_pdb_evt_handler  gatt_cache_manager.o
    0x00029538   0x00029538   0x00000084   Code   RO         3939    i.gpiote_event_handler  app_button.o
    0x000295bc   0x000295bc   0x0000001c   Code   RO         1422    i.gscm_db_change_notification_done  gatts_cache_manager.o
    0x000295d8   0x000295d8   0x00000014   Code   RO         1423    i.gscm_init         gatts_cache_manager.o
    0x000295ec   0x000295ec   0x00000090   Code   RO         1425    i.gscm_local_db_cache_apply  gatts_cache_manager.o
    0x0002967c   0x0002967c   0x000000ac   Code   RO         1426    i.gscm_local_db_cache_update  gatts_cache_manager.o
    0x00029728   0x00029728   0x00000018   Code   RO         1427    i.gscm_pdb_evt_handler  gatts_cache_manager.o
    0x00029740   0x00029740   0x0000001e   Code   RO         1428    i.gscm_service_changed_ind_needed  gatts_cache_manager.o
    0x0002975e   0x0002975e   0x00000002   PAD
    0x00029760   0x00029760   0x0000005c   Code   RO         1429    i.gscm_service_changed_ind_send  gatts_cache_manager.o
    0x000297bc   0x000297bc   0x00000026   Code   RO         4450    i.header_check      fds.o
    0x000297e2   0x000297e2   0x00000012   Code   RO         4451    i.header_has_next   fds.o
    0x000297f4   0x000297f4   0x00000046   Code   RO         1511    i.im_address_resolve  id_manager.o
    0x0002983a   0x0002983a   0x00000002   PAD
    0x0002983c   0x0002983c   0x00000038   Code   RO         1512    i.im_ble_addr_get   id_manager.o
    0x00029874   0x00029874   0x000000dc   Code   RO         1513    i.im_ble_evt_handler  id_manager.o
    0x00029950   0x00029950   0x00000040   Code   RO         1514    i.im_conn_handle_get  id_manager.o
    0x00029990   0x00029990   0x00000038   Code   RO         1516    i.im_find_duplicate_bonding_data  id_manager.o
    0x000299c8   0x000299c8   0x00000072   Code   RO         1519    i.im_is_duplicate_bonding_data  id_manager.o
    0x00029a3a   0x00029a3a   0x00000018   Code   RO         1520    i.im_master_id_is_valid  id_manager.o
    0x00029a52   0x00029a52   0x0000002a   Code   RO         1521    i.im_master_ids_compare  id_manager.o
    0x00029a7c   0x00029a7c   0x00000014   Code   RO         1522    i.im_new_peer_id    id_manager.o
    0x00029a90   0x00029a90   0x0000002c   Code   RO         1523    i.im_peer_free      id_manager.o
    0x00029abc   0x00029abc   0x00000024   Code   RO         1524    i.im_peer_id_get_by_conn_handle  id_manager.o
    0x00029ae0   0x00029ae0   0x0000003c   Code   RO         1525    i.im_peer_id_get_by_master_id  id_manager.o
    0x00029b1c   0x00029b1c   0x00000034   Code   RO         5263    i.init              nrf_fstorage_sd.o
    0x00029b50   0x00029b50   0x000000c8   Code   RO         4452    i.init_execute      fds.o
    0x00029c18   0x00029c18   0x00000014   Code   RO          972    i.instance_get      ble_conn_params.o
    0x00029c2c   0x00029c2c   0x000000a6   Code   RO         5135    i.int_print         nrf_fprintf_format.o
    0x00029cd2   0x00029cd2   0x00000002   PAD
    0x00029cd4   0x00029cd4   0x00000080   Code   RO         3780    i.interrupts_enable  nrfx_uarte.o
    0x00029d54   0x00029d54   0x00000034   Code   RO         5857    i.invalid_packets_omit  nrf_log_frontend.o
    0x00029d88   0x00029d88   0x00000010   Code   RO         5264    i.is_busy           nrf_fstorage_sd.o
    0x00029d98   0x00029d98   0x00000044   Code   RO          973    i.is_conn_params_ok  ble_conn_params.o
    0x00029ddc   0x00029ddc   0x00000014   Code   RO         1530    i.is_valid_irk      id_manager.o
    0x00029df0   0x00029df0   0x0000000c   Code   RO         4453    i.is_word_aligned   fds.o
    0x00029dfc   0x00029dfc   0x00000030   Code   RO          538    i.leds_off          bsp.o
    0x00029e2c   0x00029e2c   0x00000014   Code   RO          539    i.leds_timer_handler  bsp.o
    0x00029e40   0x00029e40   0x00000014   Code   RO         1676    i.link_init         nrf_ble_gatt.o
    0x00029e54   0x00029e54   0x000000d0   Code   RO         2750    i.link_secure       security_manager.o
    0x00029f24   0x00029f24   0x0000003c   Code   RO         2611    i.link_secure_failure  security_dispatcher.o
    0x00029f60   0x00029f60   0x0000002c   Code   RO         2751    i.link_secure_pending_handle  security_manager.o
    0x00029f8c   0x00029f8c   0x000000f8   Code   RO         4170    i.list_insertions_handler  app_timer.o
    0x0002a084   0x0002a084   0x000000a8   Code   RO         1273    i.local_db_apply_in_evt  gatt_cache_manager.o
    0x0002a12c   0x0002a12c   0x00000010   Code   RO         1274    i.local_db_update   gatt_cache_manager.o
    0x0002a13c   0x0002a13c   0x0000010c   Code   RO         1275    i.local_db_update_in_evt  gatt_cache_manager.o
    0x0002a248   0x0002a248   0x0000009c   Code   RO         5858    i.log_skip          nrf_log_frontend.o
    0x0002a2e4   0x0002a2e4   0x000001f0   Code   RO            9    i.main              main.o
    0x0002a4d4   0x0002a4d4   0x00000064   Code   RO          776    i.manuf_specific_data_encode  ble_advdata.o
    0x0002a538   0x0002a538   0x0000007e   Code   RO         5373    i.memobj_op         nrf_memobj.o
    0x0002a5b6   0x0002a5b6   0x00000002   PAD
    0x0002a5b8   0x0002a5b8   0x00000030   Code   RO         5859    i.module_idx_get    nrf_log_frontend.o
    0x0002a5e8   0x0002a5e8   0x00000008   Code   RO         2558    i.mutex_lock_status_get  pm_buffer.o
    0x0002a5f0   0x0002a5f0   0x000000a6   Code   RO          777    i.name_encode       ble_advdata.o
    0x0002a696   0x0002a696   0x00000002   PAD
    0x0002a698   0x0002a698   0x00000014   Code   RO         2752    i.new_context_get   security_manager.o
    0x0002a6ac   0x0002a6ac   0x00000030   Code   RO         2081    i.next_id_get       peer_id.o
    0x0002a6dc   0x0002a6dc   0x00000010   Code   RO         4788    i.nrf_atfifo_clear  nrf_atfifo.o
    0x0002a6ec   0x0002a6ec   0x00000026   Code   RO         4790    i.nrf_atfifo_init   nrf_atfifo.o
    0x0002a712   0x0002a712   0x00000016   Code   RO         4791    i.nrf_atfifo_item_alloc  nrf_atfifo.o
    0x0002a728   0x0002a728   0x00000016   Code   RO         4792    i.nrf_atfifo_item_free  nrf_atfifo.o
    0x0002a73e   0x0002a73e   0x00000016   Code   RO         4793    i.nrf_atfifo_item_get  nrf_atfifo.o
    0x0002a754   0x0002a754   0x00000016   Code   RO         4794    i.nrf_atfifo_item_put  nrf_atfifo.o
    0x0002a76a   0x0002a76a   0x00000016   Code   RO         4856    i.nrf_atflags_clear  nrf_atflags.o
    0x0002a780   0x0002a780   0x00000020   Code   RO         4858    i.nrf_atflags_fetch_set  nrf_atflags.o
    0x0002a7a0   0x0002a7a0   0x0000004a   Code   RO         4860    i.nrf_atflags_find_and_set_flag  nrf_atflags.o
    0x0002a7ea   0x0002a7ea   0x00000016   Code   RO         4861    i.nrf_atflags_get   nrf_atflags.o
    0x0002a800   0x0002a800   0x00000014   Code   RO         4863    i.nrf_atflags_set   nrf_atflags.o
    0x0002a814   0x0002a814   0x00000006   Code   RO         4924    i.nrf_atomic_flag_clear_fetch  nrf_atomic.o
    0x0002a81a   0x0002a81a   0x00000006   Code   RO         4925    i.nrf_atomic_flag_set  nrf_atomic.o
    0x0002a820   0x0002a820   0x00000006   Code   RO         4926    i.nrf_atomic_flag_set_fetch  nrf_atomic.o
    0x0002a826   0x0002a826   0x0000000c   Code   RO         4927    i.nrf_atomic_u32_add  nrf_atomic.o
    0x0002a832   0x0002a832   0x0000000c   Code   RO         4928    i.nrf_atomic_u32_and  nrf_atomic.o
    0x0002a83e   0x0002a83e   0x0000000a   Code   RO         4930    i.nrf_atomic_u32_fetch_add  nrf_atomic.o
    0x0002a848   0x0002a848   0x0000000a   Code   RO         4931    i.nrf_atomic_u32_fetch_and  nrf_atomic.o
    0x0002a852   0x0002a852   0x0000000a   Code   RO         4932    i.nrf_atomic_u32_fetch_or  nrf_atomic.o
    0x0002a85c   0x0002a85c   0x0000000a   Code   RO         4933    i.nrf_atomic_u32_fetch_store  nrf_atomic.o
    0x0002a866   0x0002a866   0x0000000c   Code   RO         4937    i.nrf_atomic_u32_or  nrf_atomic.o
    0x0002a872   0x0002a872   0x0000000c   Code   RO         4939    i.nrf_atomic_u32_sub  nrf_atomic.o
    0x0002a87e   0x0002a87e   0x00000044   Code   RO         5058    i.nrf_balloc_alloc  nrf_balloc.o
    0x0002a8c2   0x0002a8c2   0x00000030   Code   RO         5059    i.nrf_balloc_free   nrf_balloc.o
    0x0002a8f2   0x0002a8f2   0x00000030   Code   RO         5060    i.nrf_balloc_init   nrf_balloc.o
    0x0002a922   0x0002a922   0x00000010   Code   RO         3236    i.nrf_bitmask_bit_is_set  nrfx_gpiote.o
    0x0002a932   0x0002a932   0x00000014   Code   RO         3237    i.nrf_bitmask_bit_set  nrfx_gpiote.o
    0x0002a946   0x0002a946   0x00000022   Code   RO         1682    i.nrf_ble_gatt_init  nrf_ble_gatt.o
    0x0002a968   0x0002a968   0x00000150   Code   RO         1683    i.nrf_ble_gatt_on_ble_evt  nrf_ble_gatt.o
    0x0002aab8   0x0002aab8   0x00000016   Code   RO         1777    i.nrf_ble_qwr_conn_handle_assign  nrf_ble_qwr.o
    0x0002aace   0x0002aace   0x00000024   Code   RO         1778    i.nrf_ble_qwr_init  nrf_ble_qwr.o
    0x0002aaf2   0x0002aaf2   0x000000b6   Code   RO         1779    i.nrf_ble_qwr_on_ble_evt  nrf_ble_qwr.o
    0x0002aba8   0x0002aba8   0x0000000e   Code   RO         3098    i.nrf_clock_event_check  nrfx_clock.o
    0x0002abb6   0x0002abb6   0x00000010   Code   RO         3099    i.nrf_clock_event_clear  nrfx_clock.o
    0x0002abc6   0x0002abc6   0x00000002   PAD
    0x0002abc8   0x0002abc8   0x00000038   Code   RO         2907    i.nrf_drv_clock_init  nrf_drv_clock.o
    0x0002ac00   0x0002ac00   0x00000030   Code   RO         2911    i.nrf_drv_clock_lfclk_release  nrf_drv_clock.o
    0x0002ac30   0x0002ac30   0x00000068   Code   RO         3045    i.nrf_drv_uart_init  nrf_drv_uart.o
    0x0002ac98   0x0002ac98   0x0000001a   Code   RO         5095    i.nrf_fprintf       nrf_fprintf.o
    0x0002acb2   0x0002acb2   0x00000018   Code   RO         5096    i.nrf_fprintf_buffer_flush  nrf_fprintf.o
    0x0002acca   0x0002acca   0x000001da   Code   RO         5136    i.nrf_fprintf_fmt   nrf_fprintf_format.o
    0x0002aea4   0x0002aea4   0x00000138   Code   RO         5176    i.nrf_fstorage_erase  nrf_fstorage.o
    0x0002afdc   0x0002afdc   0x00000094   Code   RO         5177    i.nrf_fstorage_init  nrf_fstorage.o
    0x0002b070   0x0002b070   0x00000018   Code   RO         5265    i.nrf_fstorage_sdh_req_handler  nrf_fstorage_sd.o
    0x0002b088   0x0002b088   0x00000020   Code   RO         5266    i.nrf_fstorage_sdh_state_handler  nrf_fstorage_sd.o
    0x0002b0a8   0x0002b0a8   0x000000a4   Code   RO         5267    i.nrf_fstorage_sys_evt_handler  nrf_fstorage_sd.o
    0x0002b14c   0x0002b14c   0x000001dc   Code   RO         5183    i.nrf_fstorage_write  nrf_fstorage.o
    0x0002b328   0x0002b328   0x00000024   Code   RO          405    i.nrf_gpio_cfg      boards.o
    0x0002b34c   0x0002b34c   0x00000024   Code   RO         3238    i.nrf_gpio_cfg      nrfx_gpiote.o
    0x0002b370   0x0002b370   0x00000024   Code   RO         3589    i.nrf_gpio_cfg      nrfx_uart.o
    0x0002b394   0x0002b394   0x00000024   Code   RO         3781    i.nrf_gpio_cfg      nrfx_uarte.o
    0x0002b3b8   0x0002b3b8   0x00000012   Code   RO         3590    i.nrf_gpio_cfg_default  nrfx_uart.o
    0x0002b3ca   0x0002b3ca   0x00000012   Code   RO         3782    i.nrf_gpio_cfg_default  nrfx_uarte.o
    0x0002b3dc   0x0002b3dc   0x00000012   Code   RO         3591    i.nrf_gpio_cfg_input  nrfx_uart.o
    0x0002b3ee   0x0002b3ee   0x00000012   Code   RO         3783    i.nrf_gpio_cfg_input  nrfx_uarte.o
    0x0002b400   0x0002b400   0x00000014   Code   RO         3592    i.nrf_gpio_cfg_output  nrfx_uart.o
    0x0002b414   0x0002b414   0x00000014   Code   RO         3784    i.nrf_gpio_cfg_output  nrfx_uarte.o
    0x0002b428   0x0002b428   0x00000022   Code   RO         3240    i.nrf_gpio_cfg_sense_set  nrfx_gpiote.o
    0x0002b44a   0x0002b44a   0x00000016   Code   RO          406    i.nrf_gpio_pin_write  boards.o
    0x0002b460   0x0002b460   0x00000028   Code   RO         3241    i.nrf_gpio_ports_read  nrfx_gpiote.o
    0x0002b488   0x0002b488   0x00000014   Code   RO         3242    i.nrf_gpiote_event_clear  nrfx_gpiote.o
    0x0002b49c   0x0002b49c   0x00000010   Code   RO         3243    i.nrf_gpiote_event_is_set  nrfx_gpiote.o
    0x0002b4ac   0x0002b4ac   0x0000005c   Code   RO         5860    i.nrf_log_backend_add  nrf_log_frontend.o
    0x0002b508   0x0002b508   0x000000c8   Code   RO         5699    i.nrf_log_backend_serial_put  nrf_log_backend_serial.o
    0x0002b5d0   0x0002b5d0   0x00000002   Code   RO         5739    i.nrf_log_backend_uart_flush  nrf_log_backend_uart.o
    0x0002b5d2   0x0002b5d2   0x00000006   Code   RO         5740    i.nrf_log_backend_uart_init  nrf_log_backend_uart.o
    0x0002b5d8   0x0002b5d8   0x0000002c   Code   RO         5741    i.nrf_log_backend_uart_panic_set  nrf_log_backend_uart.o
    0x0002b604   0x0002b604   0x00000018   Code   RO         5742    i.nrf_log_backend_uart_put  nrf_log_backend_uart.o
    0x0002b61c   0x0002b61c   0x00000030   Code   RO         5862    i.nrf_log_color_id_get  nrf_log_frontend.o
    0x0002b64c   0x0002b64c   0x0000001c   Code   RO         5818    i.nrf_log_default_backends_init  nrf_log_default_backends.o
    0x0002b668   0x0002b668   0x00000234   Code   RO         5863    i.nrf_log_frontend_dequeue  nrf_log_frontend.o
    0x0002b89c   0x0002b89c   0x00000008   Code   RO         5865    i.nrf_log_frontend_std_0  nrf_log_frontend.o
    0x0002b8a4   0x0002b8a4   0x0000000e   Code   RO         5866    i.nrf_log_frontend_std_1  nrf_log_frontend.o
    0x0002b8b2   0x0002b8b2   0x00000010   Code   RO         5867    i.nrf_log_frontend_std_2  nrf_log_frontend.o
    0x0002b8c2   0x0002b8c2   0x00000012   Code   RO         5868    i.nrf_log_frontend_std_3  nrf_log_frontend.o
    0x0002b8d4   0x0002b8d4   0x00000014   Code   RO         5869    i.nrf_log_frontend_std_4  nrf_log_frontend.o
    0x0002b8e8   0x0002b8e8   0x000000ac   Code   RO         6040    i.nrf_log_hexdump_entry_process  nrf_log_str_formatter.o
    0x0002b994   0x0002b994   0x0000003c   Code   RO         5872    i.nrf_log_init      nrf_log_frontend.o
    0x0002b9d0   0x0002b9d0   0x00000014   Code   RO         5873    i.nrf_log_module_cnt_get  nrf_log_frontend.o
    0x0002b9e4   0x0002b9e4   0x0000001c   Code   RO         5876    i.nrf_log_module_name_get  nrf_log_frontend.o
    0x0002ba00   0x0002ba00   0x0000002c   Code   RO         5877    i.nrf_log_panic     nrf_log_frontend.o
    0x0002ba2c   0x0002ba2c   0x000000b6   Code   RO         6041    i.nrf_log_std_entry_process  nrf_log_str_formatter.o
    0x0002bae2   0x0002bae2   0x00000060   Code   RO         5374    i.nrf_memobj_alloc  nrf_memobj.o
    0x0002bb42   0x0002bb42   0x00000032   Code   RO         5375    i.nrf_memobj_free   nrf_memobj.o
    0x0002bb74   0x0002bb74   0x00000008   Code   RO         5376    i.nrf_memobj_get    nrf_memobj.o
    0x0002bb7c   0x0002bb7c   0x00000004   Code   RO         5377    i.nrf_memobj_pool_init  nrf_memobj.o
    0x0002bb80   0x0002bb80   0x0000001e   Code   RO         5378    i.nrf_memobj_put    nrf_memobj.o
    0x0002bb9e   0x0002bb9e   0x00000010   Code   RO         5379    i.nrf_memobj_read   nrf_memobj.o
    0x0002bbae   0x0002bbae   0x00000010   Code   RO         5380    i.nrf_memobj_write  nrf_memobj.o
    0x0002bbbe   0x0002bbbe   0x00000002   PAD
    0x0002bbc0   0x0002bbc0   0x00000028   Code   RO         5452    i.nrf_pwr_mgmt_init  nrf_pwr_mgmt.o
    0x0002bbe8   0x0002bbe8   0x00000044   Code   RO         5453    i.nrf_pwr_mgmt_run  nrf_pwr_mgmt.o
    0x0002bc2c   0x0002bc2c   0x00000004   Code   RO           10    i.nrf_qwr_error_handler  main.o
    0x0002bc30   0x0002bc30   0x0000001c   Code   RO         5526    i.nrf_ringbuf_init  nrf_ringbuf.o
    0x0002bc4c   0x0002bc4c   0x00000014   Code   RO         6575    i.nrf_sdh_ble_app_ram_start_get  nrf_sdh_ble.o
    0x0002bc60   0x0002bc60   0x00000100   Code   RO         6576    i.nrf_sdh_ble_default_cfg_set  nrf_sdh_ble.o
    0x0002bd60   0x0002bd60   0x00000130   Code   RO         6577    i.nrf_sdh_ble_enable  nrf_sdh_ble.o
    0x0002be90   0x0002be90   0x0000005c   Code   RO         6578    i.nrf_sdh_ble_evts_poll  nrf_sdh_ble.o
    0x0002beec   0x0002beec   0x00000054   Code   RO         6456    i.nrf_sdh_disable_request  nrf_sdh.o
    0x0002bf40   0x0002bf40   0x00000074   Code   RO         6457    i.nrf_sdh_enable_request  nrf_sdh.o
    0x0002bfb4   0x0002bfb4   0x00000024   Code   RO         6458    i.nrf_sdh_evts_poll  nrf_sdh.o
    0x0002bfd8   0x0002bfd8   0x0000000c   Code   RO         6459    i.nrf_sdh_is_enabled  nrf_sdh.o
    0x0002bfe4   0x0002bfe4   0x0000001c   Code   RO         6461    i.nrf_sdh_request_continue  nrf_sdh.o
    0x0002c000   0x0002c000   0x0000003c   Code   RO         6629    i.nrf_sdh_soc_evts_poll  nrf_sdh_soc.o
    0x0002c03c   0x0002c03c   0x0000000a   Code   RO         5584    i.nrf_section_iter_init  nrf_section_iter.o
    0x0002c046   0x0002c046   0x00000024   Code   RO         5585    i.nrf_section_iter_item_set  nrf_section_iter.o
    0x0002c06a   0x0002c06a   0x00000020   Code   RO         5586    i.nrf_section_iter_next  nrf_section_iter.o
    0x0002c08a   0x0002c08a   0x00000002   PAD
    0x0002c08c   0x0002c08c   0x00000038   Code   RO         5619    i.nrf_strerror_find  nrf_strerror.o
    0x0002c0c4   0x0002c0c4   0x00000014   Code   RO         5620    i.nrf_strerror_get  nrf_strerror.o
    0x0002c0d8   0x0002c0d8   0x0000000a   Code   RO         3593    i.nrf_uart_event_check  nrfx_uart.o
    0x0002c0e2   0x0002c0e2   0x0000000c   Code   RO         3594    i.nrf_uart_event_clear  nrfx_uart.o
    0x0002c0ee   0x0002c0ee   0x0000000c   Code   RO         3595    i.nrf_uart_int_enable_check  nrfx_uart.o
    0x0002c0fa   0x0002c0fa   0x0000000a   Code   RO         3785    i.nrf_uarte_event_check  nrfx_uarte.o
    0x0002c104   0x0002c104   0x0000000c   Code   RO         3786    i.nrf_uarte_event_clear  nrfx_uarte.o
    0x0002c110   0x0002c110   0x00000030   Code   RO         3104    i.nrfx_clock_enable  nrfx_clock.o
    0x0002c140   0x0002c140   0x00000020   Code   RO         3107    i.nrfx_clock_init   nrfx_clock.o
    0x0002c160   0x0002c160   0x0000001c   Code   RO         3110    i.nrfx_clock_lfclk_stop  nrfx_clock.o
    0x0002c17c   0x0002c17c   0x00000010   Code   RO         4171    i.nrfx_coredep_delay_us  app_timer.o
    0x0002c18c   0x0002c18c   0x000000a4   Code   RO         3248    i.nrfx_gpiote_in_event_enable  nrfx_gpiote.o
    0x0002c230   0x0002c230   0x000000d0   Code   RO         3249    i.nrfx_gpiote_in_init  nrfx_gpiote.o
    0x0002c300   0x0002c300   0x00000014   Code   RO         3250    i.nrfx_gpiote_in_is_set  nrfx_gpiote.o
    0x0002c314   0x0002c314   0x00000070   Code   RO         3252    i.nrfx_gpiote_init  nrfx_gpiote.o
    0x0002c384   0x0002c384   0x00000014   Code   RO         3253    i.nrfx_gpiote_is_init  nrfx_gpiote.o
    0x0002c398   0x0002c398   0x00000010   Code   RO         3787    i.nrfx_is_in_ram    nrfx_uarte.o
    0x0002c3a8   0x0002c3a8   0x0000003a   Code   RO         3535    i.nrfx_prs_acquire  nrfx_prs.o
    0x0002c3e2   0x0002c3e2   0x00000012   Code   RO         3536    i.nrfx_prs_release  nrfx_prs.o
    0x0002c3f4   0x0002c3f4   0x00000010   Code   RO         3596    i.nrfx_uart_0_irq_handler  nrfx_uart.o
    0x0002c404   0x0002c404   0x000000d4   Code   RO         3598    i.nrfx_uart_init    nrfx_uart.o
    0x0002c4d8   0x0002c4d8   0x000000a4   Code   RO         3604    i.nrfx_uart_tx      nrfx_uart.o
    0x0002c57c   0x0002c57c   0x00000020   Code   RO         3606    i.nrfx_uart_tx_in_progress  nrfx_uart.o
    0x0002c59c   0x0002c59c   0x000000b4   Code   RO         3607    i.nrfx_uart_uninit  nrfx_uart.o
    0x0002c650   0x0002c650   0x00000010   Code   RO         3788    i.nrfx_uarte_0_irq_handler  nrfx_uarte.o
    0x0002c660   0x0002c660   0x0000006c   Code   RO         3790    i.nrfx_uarte_init   nrfx_uarte.o
    0x0002c6cc   0x0002c6cc   0x00000090   Code   RO         3794    i.nrfx_uarte_tx     nrfx_uarte.o
    0x0002c75c   0x0002c75c   0x0000001c   Code   RO         3796    i.nrfx_uarte_tx_in_progress  nrfx_uarte.o
    0x0002c778   0x0002c778   0x000000b0   Code   RO         3797    i.nrfx_uarte_uninit  nrfx_uarte.o
    0x0002c828   0x0002c828   0x00000054   Code   RO           11    i.on_adv_evt        main.o
    0x0002c87c   0x0002c87c   0x0000001c   Code   RO           12    i.on_conn_params_evt  main.o
    0x0002c898   0x0002c898   0x000000a8   Code   RO         1684    i.on_connected_evt  nrf_ble_gatt.o
    0x0002c940   0x0002c940   0x000000ac   Code   RO         1685    i.on_exchange_mtu_request_evt  nrf_ble_gatt.o
    0x0002c9ec   0x0002c9ec   0x00000024   Code   RO         4454    i.page_identify     fds.o
    0x0002ca10   0x0002ca10   0x0000001c   Code   RO         4455    i.page_offsets_update  fds.o
    0x0002ca2c   0x0002ca2c   0x0000006c   Code   RO         4456    i.page_scan         fds.o
    0x0002ca98   0x0002ca98   0x0000001c   Code   RO         4457    i.page_tag_write_data  fds.o
    0x0002cab4   0x0002cab4   0x00000024   Code   RO         4458    i.page_tag_write_swap  fds.o
    0x0002cad8   0x0002cad8   0x0000011c   Code   RO         4459    i.pages_init        fds.o
    0x0002cbf4   0x0002cbf4   0x0000000c   Code   RO         2612    i.pairing           security_dispatcher.o
    0x0002cc00   0x0002cc00   0x00000074   Code   RO         2613    i.pairing_failure   security_dispatcher.o
    0x0002cc74   0x0002cc74   0x0000002e   Code   RO         2614    i.pairing_success_evt_send  security_dispatcher.o
    0x0002cca2   0x0002cca2   0x00000006   Code   RO         2753    i.params_reply_pending_handle  security_manager.o
    0x0002cca8   0x0002cca8   0x00000028   Code   RO         2754    i.params_req_send   security_manager.o
    0x0002ccd0   0x0002ccd0   0x0000001c   Code   RO         1961    i.pdb_evt_send      peer_database.o
    0x0002ccec   0x0002ccec   0x00000090   Code   RO         1962    i.pdb_init          peer_database.o
    0x0002cd7c   0x0002cd7c   0x0000007c   Code   RO         1963    i.pdb_pds_evt_handler  peer_database.o
    0x0002cdf8   0x0002cdf8   0x00000006   Code   RO         1964    i.pdb_peer_data_ptr_get  peer_database.o
    0x0002cdfe   0x0002cdfe   0x00000002   PAD
    0x0002ce00   0x0002ce00   0x0000008c   Code   RO         1965    i.pdb_peer_free     peer_database.o
    0x0002ce8c   0x0002ce8c   0x000000dc   Code   RO         1966    i.pdb_write_buf_get  peer_database.o
    0x0002cf68   0x0002cf68   0x00000014   Code   RO         1967    i.pdb_write_buf_release  peer_database.o
    0x0002cf7c   0x0002cf7c   0x00000036   Code   RO         1968    i.pdb_write_buf_store  peer_database.o
    0x0002cfb2   0x0002cfb2   0x00000002   PAD
    0x0002cfb4   0x0002cfb4   0x00000010   Code   RO         1820    i.pds_evt_send      peer_data_storage.o
    0x0002cfc4   0x0002cfc4   0x000000dc   Code   RO         1821    i.pds_init          peer_data_storage.o
    0x0002d0a0   0x0002d0a0   0x00000004   Code   RO         1822    i.pds_next_deleted_peer_id_get  peer_data_storage.o
    0x0002d0a4   0x0002d0a4   0x00000004   Code   RO         1823    i.pds_next_peer_id_get  peer_data_storage.o
    0x0002d0a8   0x0002d0a8   0x00000058   Code   RO         1826    i.pds_peer_data_iterate  peer_data_storage.o
    0x0002d100   0x0002d100   0x00000010   Code   RO         1827    i.pds_peer_data_iterate_prepare  peer_data_storage.o
    0x0002d110   0x0002d110   0x00000072   Code   RO         1828    i.pds_peer_data_read  peer_data_storage.o
    0x0002d182   0x0002d182   0x00000002   PAD
    0x0002d184   0x0002d184   0x000000a0   Code   RO         1829    i.pds_peer_data_store  peer_data_storage.o
    0x0002d224   0x0002d224   0x00000008   Code   RO         1830    i.pds_peer_id_allocate  peer_data_storage.o
    0x0002d22c   0x0002d22c   0x00000016   Code   RO         1831    i.pds_peer_id_free  peer_data_storage.o
    0x0002d242   0x0002d242   0x00000004   Code   RO         1832    i.pds_peer_id_is_allocated  peer_data_storage.o
    0x0002d246   0x0002d246   0x00000002   PAD
    0x0002d248   0x0002d248   0x0000009c   Code   RO         1834    i.peer_data_delete_process  peer_data_storage.o
    0x0002d2e4   0x0002d2e4   0x00000030   Code   RO         1835    i.peer_data_find    peer_data_storage.o
    0x0002d314   0x0002d314   0x00000024   Code   RO         1836    i.peer_data_id_is_valid  peer_data_storage.o
    0x0002d338   0x0002d338   0x0000001a   Code   RO         1969    i.peer_data_point_to_buffer  peer_database.o
    0x0002d352   0x0002d352   0x00000002   PAD
    0x0002d354   0x0002d354   0x0000000c   Code   RO         2082    i.peer_id_allocate  peer_id.o
    0x0002d360   0x0002d360   0x00000024   Code   RO         2083    i.peer_id_delete    peer_id.o
    0x0002d384   0x0002d384   0x0000001c   Code   RO         2084    i.peer_id_free      peer_id.o
    0x0002d3a0   0x0002d3a0   0x0000000c   Code   RO         2085    i.peer_id_get_next_deleted  peer_id.o
    0x0002d3ac   0x0002d3ac   0x00000030   Code   RO         2086    i.peer_id_get_next_used  peer_id.o
    0x0002d3dc   0x0002d3dc   0x0000000c   Code   RO         2087    i.peer_id_init      peer_id.o
    0x0002d3e8   0x0002d3e8   0x00000014   Code   RO         2088    i.peer_id_is_allocated  peer_id.o
    0x0002d3fc   0x0002d3fc   0x00000014   Code   RO         2089    i.peer_id_is_deleted  peer_id.o
    0x0002d410   0x0002d410   0x0000006c   Code   RO           13    i.peer_manager_init  main.o
    0x0002d47c   0x0002d47c   0x00000012   Code   RO          885    i.phy_is_valid      ble_advertising.o
    0x0002d48e   0x0002d48e   0x00000002   PAD
    0x0002d490   0x0002d490   0x00000018   Code   RO         3269    i.pin_in_use_by_port  nrfx_gpiote.o
    0x0002d4a8   0x0002d4a8   0x00000018   Code   RO         3270    i.pin_in_use_by_te  nrfx_gpiote.o
    0x0002d4c0   0x0002d4c0   0x00000064   Code   RO         2559    i.pm_buffer_block_acquire  pm_buffer.o
    0x0002d524   0x0002d524   0x00000024   Code   RO         2560    i.pm_buffer_init    pm_buffer.o
    0x0002d548   0x0002d548   0x00000028   Code   RO         2561    i.pm_buffer_ptr_get  pm_buffer.o
    0x0002d570   0x0002d570   0x00000032   Code   RO         2562    i.pm_buffer_release  pm_buffer.o
    0x0002d5a2   0x0002d5a2   0x00000002   PAD
    0x0002d5a4   0x0002d5a4   0x00000078   Code   RO         2176    i.pm_conn_sec_status_get  peer_manager.o
    0x0002d61c   0x0002d61c   0x0000001c   Code   RO         2177    i.pm_conn_secure    peer_manager.o
    0x0002d638   0x0002d638   0x00000020   Code   RO           14    i.pm_evt_handler    main.o
    0x0002d658   0x0002d658   0x00000004   Code   RO         2179    i.pm_gcm_evt_handler  peer_manager.o
    0x0002d65c   0x0002d65c   0x00000210   Code   RO         2467    i.pm_handler_flash_clean  peer_manager_handler.o
    0x0002d86c   0x0002d86c   0x0000001c   Code   RO         2468    i.pm_handler_flash_clean_on_return  peer_manager_handler.o
    0x0002d888   0x0002d888   0x00000054   Code   RO         2469    i.pm_handler_on_pm_evt  peer_manager_handler.o
    0x0002d8dc   0x0002d8dc   0x000002dc   Code   RO         2470    i.pm_handler_pm_evt_log  peer_manager_handler.o
    0x0002dbb8   0x0002dbb8   0x00000004   Code   RO         2182    i.pm_im_evt_handler  peer_manager.o
    0x0002dbbc   0x0002dbbc   0x000001bc   Code   RO         2183    i.pm_init           peer_manager.o
    0x0002dd78   0x0002dd78   0x00000120   Code   RO         2187    i.pm_pdb_evt_handler  peer_manager.o
    0x0002de98   0x0002de98   0x00000014   Code   RO         2198    i.pm_peer_delete    peer_manager.o
    0x0002deac   0x0002deac   0x0000011c   Code   RO         2202    i.pm_peer_rank_highest  peer_manager.o
    0x0002dfc8   0x0002dfc8   0x000000ec   Code   RO         2203    i.pm_peer_ranks_get  peer_manager.o
    0x0002e0b4   0x0002e0b4   0x00000094   Code   RO         2204    i.pm_peers_delete   peer_manager.o
    0x0002e148   0x0002e148   0x0000002c   Code   RO         2207    i.pm_register       peer_manager.o
    0x0002e174   0x0002e174   0x00000014   Code   RO         2208    i.pm_sec_params_set  peer_manager.o
    0x0002e188   0x0002e188   0x0000000a   Code   RO         2209    i.pm_sm_evt_handler  peer_manager.o
    0x0002e192   0x0002e192   0x00000002   PAD
    0x0002e194   0x0002e194   0x0000003c   Code   RO         6043    i.postfix_process   nrf_log_str_formatter.o
    0x0002e1d0   0x0002e1d0   0x00000098   Code   RO         6044    i.prefix_process    nrf_log_str_formatter.o
    0x0002e268   0x0002e268   0x00000018   Code   RO         3537    i.prs_box_get       nrfx_prs.o
    0x0002e280   0x0002e280   0x0000001c   Code   RO         4460    i.queue_buf_get     fds.o
    0x0002e29c   0x0002e29c   0x00000010   Code   RO         4461    i.queue_buf_store   fds.o
    0x0002e2ac   0x0002e2ac   0x00000014   Code   RO         5268    i.queue_free        nrf_fstorage_sd.o
    0x0002e2c0   0x0002e2c0   0x000000a0   Code   RO         4462    i.queue_process     fds.o
    0x0002e360   0x0002e360   0x000000a0   Code   RO         5269    i.queue_process     nrf_fstorage_sd.o
    0x0002e400   0x0002e400   0x0000001c   Code   RO         4463    i.queue_start       fds.o
    0x0002e41c   0x0002e41c   0x00000024   Code   RO         5270    i.queue_start       nrf_fstorage_sd.o
    0x0002e440   0x0002e440   0x0000001c   Code   RO         2473    i.rank_highest      peer_manager_handler.o
    0x0002e45c   0x0002e45c   0x00000028   Code   RO         2212    i.rank_vars_update  peer_manager.o
    0x0002e484   0x0002e484   0x0000000e   Code   RO         5271    i.read              nrf_fstorage_sd.o
    0x0002e492   0x0002e492   0x00000002   PAD
    0x0002e494   0x0002e494   0x000000b0   Code   RO         1970    i.reattempt_previous_operations  peer_database.o
    0x0002e544   0x0002e544   0x00000088   Code   RO         4464    i.record_find       fds.o
    0x0002e5cc   0x0002e5cc   0x000000a0   Code   RO         4465    i.record_find_by_desc  fds.o
    0x0002e66c   0x0002e66c   0x0000005c   Code   RO         4466    i.record_find_next  fds.o
    0x0002e6c8   0x0002e6c8   0x00000038   Code   RO         4467    i.record_header_flag_dirty  fds.o
    0x0002e700   0x0002e700   0x00000010   Code   RO         2091    i.release           peer_id.o
    0x0002e710   0x0002e710   0x00000004   Code   RO         5272    i.rmap              nrf_fstorage_sd.o
    0x0002e714   0x0002e714   0x0000003c   Code   RO         4172    i.rtc1_stop         app_timer.o
    0x0002e750   0x0002e750   0x00000032   Code   RO         3608    i.rx_byte           nrfx_uart.o
    0x0002e782   0x0002e782   0x00000016   Code   RO         3609    i.rx_done_event     nrfx_uart.o
    0x0002e798   0x0002e798   0x00000018   Code   RO         3798    i.rx_done_event     nrfx_uarte.o
    0x0002e7b0   0x0002e7b0   0x00000024   Code   RO         1276    i.sc_send_pending_handle  gatt_cache_manager.o
    0x0002e7d4   0x0002e7d4   0x00000050   Code   RO         2914    i.sd_state_evt_handler  nrf_drv_clock.o
    0x0002e824   0x0002e824   0x00000030   Code   RO         6464    i.sdh_request_observer_notify  nrf_sdh.o
    0x0002e854   0x0002e854   0x0000002c   Code   RO         6465    i.sdh_state_observer_notify  nrf_sdh.o
    0x0002e880   0x0002e880   0x000000b4   Code   RO         2615    i.sec_info_request_process  security_dispatcher.o
    0x0002e934   0x0002e934   0x000000f4   Code   RO         2616    i.sec_keyset_fill   security_dispatcher.o
    0x0002ea28   0x0002ea28   0x00000076   Code   RO         2755    i.sec_params_verify  security_manager.o
    0x0002ea9e   0x0002ea9e   0x00000002   PAD
    0x0002eaa0   0x0002eaa0   0x00000060   Code   RO         2617    i.sec_proc_start    security_dispatcher.o
    0x0002eb00   0x0002eb00   0x00000022   Code   RO         2618    i.send_config_req   security_dispatcher.o
    0x0002eb22   0x0002eb22   0x00000002   PAD
    0x0002eb24   0x0002eb24   0x00000010   Code   RO          974    i.send_error_evt    ble_conn_params.o
    0x0002eb34   0x0002eb34   0x00000028   Code   RO         1277    i.send_unexpected_error  gatt_cache_manager.o
    0x0002eb5c   0x0002eb5c   0x00000028   Code   RO         2619    i.send_unexpected_error  security_dispatcher.o
    0x0002eb84   0x0002eb84   0x00000040   Code   RO         5743    i.serial_tx         nrf_log_backend_uart.o
    0x0002ebc4   0x0002ebc4   0x00000014   Code   RO         1278    i.service_changed_pending_flags_check  gatt_cache_manager.o
    0x0002ebd8   0x0002ebd8   0x00000044   Code   RO         1430    i.service_changed_pending_set  gatts_cache_manager.o
    0x0002ec1c   0x0002ec1c   0x000000f4   Code   RO         1279    i.service_changed_send_in_evt  gatt_cache_manager.o
    0x0002ed10   0x0002ed10   0x00000088   Code   RO          778    i.service_data_encode  ble_advdata.o
    0x0002ed98   0x0002ed98   0x00000028   Code   RO           15    i.sleep_mode_enter  main.o
    0x0002edc0   0x0002edc0   0x0000002c   Code   RO         2756    i.sm_ble_evt_handler  security_manager.o
    0x0002edec   0x0002edec   0x00000058   Code   RO         2758    i.sm_init           security_manager.o
    0x0002ee44   0x0002ee44   0x0000000a   Code   RO         2760    i.sm_link_secure    security_manager.o
    0x0002ee4e   0x0002ee4e   0x00000002   PAD
    0x0002ee50   0x0002ee50   0x00000044   Code   RO         2761    i.sm_pdb_evt_handler  security_manager.o
    0x0002ee94   0x0002ee94   0x00000034   Code   RO         2763    i.sm_sec_params_set  security_manager.o
    0x0002eec8   0x0002eec8   0x00000060   Code   RO         2764    i.sm_smd_evt_handler  security_manager.o
    0x0002ef28   0x0002ef28   0x000000f4   Code   RO         2620    i.smd_ble_evt_handler  security_dispatcher.o
    0x0002f01c   0x0002f01c   0x00000068   Code   RO         2622    i.smd_init          security_dispatcher.o
    0x0002f084   0x0002f084   0x00000028   Code   RO         2623    i.smd_link_secure   security_dispatcher.o
    0x0002f0ac   0x0002f0ac   0x000000b0   Code   RO         2624    i.smd_params_reply  security_dispatcher.o
    0x0002f15c   0x0002f15c   0x00000040   Code   RO         2765    i.smd_params_reply_perform  security_manager.o
    0x0002f19c   0x0002f19c   0x00000018   Code   RO         2915    i.soc_evt_handler   nrf_drv_clock.o
    0x0002f1b4   0x0002f1b4   0x00000038   Code   RO         6466    i.softdevice_evt_irq_disable  nrf_sdh.o
    0x0002f1ec   0x0002f1ec   0x00000058   Code   RO         6467    i.softdevices_evt_irq_enable  nrf_sdh.o
    0x0002f244   0x0002f244   0x0000008c   Code   RO         5879    i.std_n             nrf_log_frontend.o
    0x0002f2d0   0x0002f2d0   0x00000058   Code   RO         1280    i.store_car_value   gatt_cache_manager.o
    0x0002f328   0x0002f328   0x00000080   Code   RO         4173    i.timer_list_handler  app_timer.o
    0x0002f3a8   0x0002f3a8   0x0000003c   Code   RO         4174    i.timer_list_insert  app_timer.o
    0x0002f3e4   0x0002f3e4   0x00000060   Code   RO         4175    i.timer_list_remove  app_timer.o
    0x0002f444   0x0002f444   0x00000048   Code   RO         4176    i.timer_stop_op_schedule  app_timer.o
    0x0002f48c   0x0002f48c   0x00000074   Code   RO         4177    i.timer_timeouts_check  app_timer.o
    0x0002f500   0x0002f500   0x00000020   Code   RO         3611    i.tx_byte           nrfx_uart.o
    0x0002f520   0x0002f520   0x0000001a   Code   RO         3612    i.tx_done_event     nrfx_uart.o
    0x0002f53a   0x0002f53a   0x00000002   PAD
    0x0002f53c   0x0002f53c   0x00000030   Code   RO         3046    i.uart_evt_handler  nrf_drv_uart.o
    0x0002f56c   0x0002f56c   0x0000000c   Code   RO         5744    i.uart_evt_handler  nrf_log_backend_uart.o
    0x0002f578   0x0002f578   0x00000050   Code   RO         5745    i.uart_init         nrf_log_backend_uart.o
    0x0002f5c8   0x0002f5c8   0x00000128   Code   RO         3613    i.uart_irq_handler  nrfx_uart.o
    0x0002f6f0   0x0002f6f0   0x00000030   Code   RO         3047    i.uarte_evt_handler  nrf_drv_uart.o
    0x0002f720   0x0002f720   0x000000f4   Code   RO         3799    i.uarte_irq_handler  nrfx_uarte.o
    0x0002f814   0x0002f814   0x0000000a   Code   RO          779    i.uint16_encode     ble_advdata.o
    0x0002f81e   0x0002f81e   0x00000002   PAD
    0x0002f820   0x0002f820   0x00000020   Code   RO         5273    i.uninit            nrf_fstorage_sd.o
    0x0002f840   0x0002f840   0x000000b4   Code   RO         5137    i.unsigned_print    nrf_fprintf_format.o
    0x0002f8f4   0x0002f8f4   0x00000030   Code   RO         1281    i.update_pending_flags_check  gatt_cache_manager.o
    0x0002f924   0x0002f924   0x00000068   Code   RO          975    i.update_timeout_handler  ble_conn_params.o
    0x0002f98c   0x0002f98c   0x00000018   Code   RO          886    i.use_whitelist     ble_advertising.o
    0x0002f9a4   0x0002f9a4   0x0000000c   Code   RO         1060    i.user_flag_is_acquired  ble_conn_state.o
    0x0002f9b0   0x0002f9b0   0x00000024   Code   RO         1780    i.user_mem_reply    nrf_ble_qwr.o
    0x0002f9d4   0x0002f9d4   0x00000030   Code   RO         4178    i.user_op_alloc     app_timer.o
    0x0002fa04   0x0002fa04   0x00000030   Code   RO          780    i.uuid_list_encode  ble_advdata.o
    0x0002fa34   0x0002fa34   0x0000009e   Code   RO          781    i.uuid_list_sized_encode  ble_advdata.o
    0x0002fad2   0x0002fad2   0x0000003a   Code   RO          540    i.wakeup_button_cfg  bsp.o
    0x0002fb0c   0x0002fb0c   0x00000004   Code   RO         5274    i.wmap              nrf_fstorage_sd.o
    0x0002fb10   0x0002fb10   0x00000050   Code   RO         5275    i.write             nrf_fstorage_sd.o
    0x0002fb60   0x0002fb60   0x0000014c   Code   RO         1971    i.write_buf_store   peer_database.o
    0x0002fcac   0x0002fcac   0x00000034   Code   RO         1972    i.write_buffer_record_find  peer_database.o
    0x0002fce0   0x0002fce0   0x00000030   Code   RO         1973    i.write_buffer_record_find_next  peer_database.o
    0x0002fd10   0x0002fd10   0x0000001c   Code   RO         1974    i.write_buffer_record_invalidate  peer_database.o
    0x0002fd2c   0x0002fd2c   0x0000002c   Code   RO         1975    i.write_buffer_record_release  peer_database.o
    0x0002fd58   0x0002fd58   0x000000e8   Code   RO         4469    i.write_enqueue     fds.o
    0x0002fe40   0x0002fe40   0x000000f4   Code   RO         4470    i.write_execute     fds.o
    0x0002ff34   0x0002ff34   0x00000018   Code   RO         4471    i.write_space_free  fds.o
    0x0002ff4c   0x0002ff4c   0x0000005c   Code   RO         4472    i.write_space_reserve  fds.o
    0x0002ffa8   0x0002ffa8   0x00000008   Data   RO          407    .constdata          boards.o
    0x0002ffb0   0x0002ffb0   0x0000002c   Data   RO          545    .constdata          bsp.o
    0x0002ffdc   0x0002ffdc   0x00000074   Data   RO         1282    .constdata          gatt_cache_manager.o
    0x00030050   0x00030050   0x00000004   Data   RO         1431    .constdata          gatts_cache_manager.o
    0x00030054   0x00030054   0x00000010   Data   RO         1432    .constdata          gatts_cache_manager.o
    0x00030064   0x00030064   0x00000004   Data   RO         1433    .constdata          gatts_cache_manager.o
    0x00030068   0x00030068   0x00000008   Data   RO         1533    .constdata          id_manager.o
    0x00030070   0x00030070   0x00000016   Data   RO         1686    .constdata          nrf_ble_gatt.o
    0x00030086   0x00030086   0x00000002   PAD
    0x00030088   0x00030088   0x0000001c   Data   RO         1837    .constdata          peer_data_storage.o
    0x000300a4   0x000300a4   0x00000010   Data   RO         1977    .constdata          peer_database.o
    0x000300b4   0x000300b4   0x0000002c   Data   RO         2214    .constdata          peer_manager.o
    0x000300e0   0x000300e0   0x00000018   Data   RO         2474    .constdata          peer_manager_handler.o
    0x000300f8   0x000300f8   0x0000008c   Data   RO         2626    .constdata          security_dispatcher.o
    0x00030184   0x00030184   0x00000004   Data   RO         2766    .constdata          security_manager.o
    0x00030188   0x00030188   0x00000004   Data   RO         3272    .constdata          nrfx_gpiote.o
    0x0003018c   0x0003018c   0x00000004   Data   RO         3616    .constdata          nrfx_uart.o
    0x00030190   0x00030190   0x00000004   Data   RO         3802    .constdata          nrfx_uarte.o
    0x00030194   0x00030194   0x00000008   Data   RO         3941    .constdata          app_button.o
    0x0003019c   0x0003019c   0x00000004   PAD
    0x000301a0   0x000301a0   0x00000006   Data   RO         4180    .constdata          app_timer.o
    0x000301a6   0x000301a6   0x00000002   PAD
    0x000301a8   0x000301a8   0x00000018   Data   RO         4475    .constdata          fds.o
    0x000301c0   0x000301c0   0x00000010   Data   RO         5138    .constdata          nrf_fprintf_format.o
    0x000301d0   0x000301d0   0x0000005e   Data   RO         5184    .constdata          nrf_fstorage.o
    0x0003022e   0x0003022e   0x00000002   PAD
    0x00030230   0x00030230   0x00000010   Data   RO         5278    .constdata          nrf_fstorage_sd.o
    0x00030240   0x00030240   0x00000020   Data   RO         5279    .constdata          nrf_fstorage_sd.o
    0x00030260   0x00030260   0x00000018   Data   RO         5457    .constdata          nrf_pwr_mgmt.o
    0x00030278   0x00030278   0x0000000c   Data   RO         5458    .constdata          nrf_pwr_mgmt.o
    0x00030284   0x00030284   0x0000013c   Data   RO         5621    .constdata          nrf_strerror.o
    0x000303c0   0x000303c0   0x0000000c   Data   RO         5747    .constdata          nrf_log_backend_uart.o
    0x000303cc   0x000303cc   0x00000020   Data   RO         5748    .constdata          nrf_log_backend_uart.o
    0x000303ec   0x000303ec   0x0000000c   Data   RO         5884    .constdata          nrf_log_frontend.o
    0x000303f8   0x000303f8   0x00000010   Data   RO         6468    .constdata          nrf_sdh.o
    0x00030408   0x00030408   0x00000028   Data   RO         6469    .constdata          nrf_sdh.o
    0x00030430   0x00030430   0x00000010   Data   RO         6470    .constdata          nrf_sdh.o
    0x00030440   0x00030440   0x00000010   Data   RO         6471    .constdata          nrf_sdh.o
    0x00030450   0x00030450   0x00000020   Data   RO         6579    .constdata          nrf_sdh_ble.o
    0x00030470   0x00030470   0x00000010   Data   RO         6580    .constdata          nrf_sdh_ble.o
    0x00030480   0x00030480   0x00000010   Data   RO         6630    .constdata          nrf_sdh_soc.o
    0x00030490   0x00030490   0x0000000c   Data   RO         6631    .constdata          nrf_sdh_soc.o
    0x0003049c   0x0003049c   0x00000081   Data   RO         6717    .constdata          mc_w.l(ctype_o.o)
    0x0003051d   0x0003051d   0x00000003   PAD
    0x00030520   0x00030520   0x00000004   Data   RO         6718    .constdata          mc_w.l(ctype_o.o)
    0x00030524   0x00030524   0x000001a4   Data   RO         1283    .conststring        gatt_cache_manager.o
    0x000306c8   0x000306c8   0x00000144   Data   RO         1434    .conststring        gatts_cache_manager.o
    0x0003080c   0x0003080c   0x000000a2   Data   RO         1687    .conststring        nrf_ble_gatt.o
    0x000308ae   0x000308ae   0x00000002   PAD
    0x000308b0   0x000308b0   0x000000e8   Data   RO         1838    .conststring        peer_data_storage.o
    0x00030998   0x00030998   0x00000180   Data   RO         1978    .conststring        peer_database.o
    0x00030b18   0x00030b18   0x00000090   Data   RO         2215    .conststring        peer_manager.o
    0x00030ba8   0x00030ba8   0x000002ca   Data   RO         2475    .conststring        peer_manager_handler.o
    0x00030e72   0x00030e72   0x00000002   PAD
    0x00030e74   0x00030e74   0x00000242   Data   RO         2627    .conststring        security_dispatcher.o
    0x000310b6   0x000310b6   0x00000002   PAD
    0x000310b8   0x000310b8   0x0000017b   Data   RO         2767    .conststring        security_manager.o
    0x00031233   0x00031233   0x00000001   PAD
    0x00031234   0x00031234   0x0000004f   Data   RO         5185    .conststring        nrf_fstorage.o
    0x00031283   0x00031283   0x00000001   PAD
    0x00031284   0x00031284   0x000003eb   Data   RO         5622    .conststring        nrf_strerror.o
    0x0003166f   0x0003166f   0x00000001   PAD
    0x00031670   0x00031670   0x00000066   Data   RO         6045    .conststring        nrf_log_str_formatter.o
    0x000316d6   0x000316d6   0x00000002   PAD
    0x000316d8   0x000316d8   0x00000188   Data   RO         6581    .conststring        nrf_sdh_ble.o
    0x00031860   0x00031860   0x00000011   Data   RO         1284    .conststrlit        gatt_cache_manager.o
    0x00031871   0x00031871   0x00000003   PAD
    0x00031874   0x00031874   0x00000012   Data   RO         1435    .conststrlit        gatts_cache_manager.o
    0x00031886   0x00031886   0x00000002   PAD
    0x00031888   0x00031888   0x00000010   Data   RO         1535    .conststrlit        id_manager.o
    0x00031898   0x00031898   0x0000000d   Data   RO         1688    .conststrlit        nrf_ble_gatt.o
    0x000318a5   0x000318a5   0x00000003   PAD
    0x000318a8   0x000318a8   0x00000011   Data   RO         1839    .conststrlit        peer_data_storage.o
    0x000318b9   0x000318b9   0x00000003   PAD
    0x000318bc   0x000318bc   0x00000011   Data   RO         1979    .conststrlit        peer_database.o
    0x000318cd   0x000318cd   0x00000003   PAD
    0x000318d0   0x000318d0   0x0000000d   Data   RO         2216    .conststrlit        peer_manager.o
    0x000318dd   0x000318dd   0x00000003   PAD
    0x000318e0   0x000318e0   0x00000015   Data   RO         2477    .conststrlit        peer_manager_handler.o
    0x000318f5   0x000318f5   0x00000003   PAD
    0x000318f8   0x000318f8   0x00000011   Data   RO         2628    .conststrlit        security_dispatcher.o
    0x00031909   0x00031909   0x00000003   PAD
    0x0003190c   0x0003190c   0x00000010   Data   RO         2768    .conststrlit        security_manager.o
    0x0003191c   0x0003191c   0x00000006   Data   RO         2921    .conststrlit        nrf_drv_clock.o
    0x00031922   0x00031922   0x00000002   PAD
    0x00031924   0x00031924   0x00000006   Data   RO         3114    .conststrlit        nrfx_clock.o
    0x0003192a   0x0003192a   0x00000002   PAD
    0x0003192c   0x0003192c   0x00000007   Data   RO         3276    .conststrlit        nrfx_gpiote.o
    0x00031933   0x00031933   0x00000001   PAD
    0x00031934   0x00031934   0x00000004   Data   RO         3539    .conststrlit        nrfx_prs.o
    0x00031938   0x00031938   0x00000005   Data   RO         3619    .conststrlit        nrfx_uart.o
    0x0003193d   0x0003193d   0x00000003   PAD
    0x00031940   0x00031940   0x00000006   Data   RO         3805    .conststrlit        nrfx_uarte.o
    0x00031946   0x00031946   0x00000002   PAD
    0x00031948   0x00031948   0x0000000d   Data   RO         5186    .conststrlit        nrf_fstorage.o
    0x00031955   0x00031955   0x00000003   PAD
    0x00031958   0x00031958   0x00000009   Data   RO         5459    .conststrlit        nrf_pwr_mgmt.o
    0x00031961   0x00031961   0x00000003   PAD
    0x00031964   0x00031964   0x00000011   Data   RO         5819    .conststrlit        nrf_log_default_backends.o
    0x00031975   0x00031975   0x00000003   PAD
    0x00031978   0x00031978   0x00000004   Data   RO         5885    .conststrlit        nrf_log_frontend.o
    0x0003197c   0x0003197c   0x00000008   Data   RO         6472    .conststrlit        nrf_sdh.o
    0x00031984   0x00031984   0x0000000c   Data   RO         6582    .conststrlit        nrf_sdh_ble.o
    0x00031990   0x00031990   0x0000000c   Data   RO         6632    .conststrlit        nrf_sdh_soc.o
    0x0003199c   0x0003199c   0x00000020   Data   RO         6778    Region$$Table       anon$$obj.o
    0x000319bc   0x000319bc   0x00000010   Data   RO         5821    log_backends        nrf_log_default_backends.o
    0x000319cc   0x000319cc   0x00000008   Data   RO         1286    log_const_data      gatt_cache_manager.o
    0x000319d4   0x000319d4   0x00000008   Data   RO         1437    log_const_data      gatts_cache_manager.o
    0x000319dc   0x000319dc   0x00000008   Data   RO         1537    log_const_data      id_manager.o
    0x000319e4   0x000319e4   0x00000008   Data   RO         1689    log_const_data      nrf_ble_gatt.o
    0x000319ec   0x000319ec   0x00000008   Data   RO         1841    log_const_data      peer_data_storage.o
    0x000319f4   0x000319f4   0x00000008   Data   RO         1981    log_const_data      peer_database.o
    0x000319fc   0x000319fc   0x00000008   Data   RO         2218    log_const_data      peer_manager.o
    0x00031a04   0x00031a04   0x00000008   Data   RO         2480    log_const_data      peer_manager_handler.o
    0x00031a0c   0x00031a0c   0x00000008   Data   RO         2630    log_const_data      security_dispatcher.o
    0x00031a14   0x00031a14   0x00000008   Data   RO         2770    log_const_data      security_manager.o
    0x00031a1c   0x00031a1c   0x00000008   Data   RO         2922    log_const_data      nrf_drv_clock.o
    0x00031a24   0x00031a24   0x00000008   Data   RO         3116    log_const_data      nrfx_clock.o
    0x00031a2c   0x00031a2c   0x00000008   Data   RO         3277    log_const_data      nrfx_gpiote.o
    0x00031a34   0x00031a34   0x00000008   Data   RO         3541    log_const_data      nrfx_prs.o
    0x00031a3c   0x00031a3c   0x00000008   Data   RO         3620    log_const_data      nrfx_uart.o
    0x00031a44   0x00031a44   0x00000008   Data   RO         3806    log_const_data      nrfx_uarte.o
    0x00031a4c   0x00031a4c   0x00000008   Data   RO         5187    log_const_data      nrf_fstorage.o
    0x00031a54   0x00031a54   0x00000008   Data   RO         5461    log_const_data      nrf_pwr_mgmt.o
    0x00031a5c   0x00031a5c   0x00000008   Data   RO         5888    log_const_data      nrf_log_frontend.o
    0x00031a64   0x00031a64   0x00000008   Data   RO         6474    log_const_data      nrf_sdh.o
    0x00031a6c   0x00031a6c   0x00000008   Data   RO         6584    log_const_data      nrf_sdh_ble.o
    0x00031a74   0x00031a74   0x00000008   Data   RO         6633    log_const_data      nrf_sdh_soc.o
    0x00031a7c   0x00031a7c   0x00000014   Data   RO         5889    nrf_balloc          nrf_log_frontend.o
    0x00031a90   0x00031a90   0x00000008   Data   RO         1062    sdh_ble_observers0  ble_conn_state.o
    0x00031a98   0x00031a98   0x00000010   Data   RO           18    sdh_ble_observers1  main.o
    0x00031aa8   0x00031aa8   0x00000008   Data   RO          648    sdh_ble_observers1  bsp_btn_ble.o
    0x00031ab0   0x00031ab0   0x00000008   Data   RO          978    sdh_ble_observers1  ble_conn_params.o
    0x00031ab8   0x00031ab8   0x00000008   Data   RO         2219    sdh_ble_observers1  peer_manager.o
    0x00031ac0   0x00031ac0   0x00000008   Data   RO           19    sdh_ble_observers2  main.o
    0x00031ac8   0x00031ac8   0x00000008   Data   RO           20    sdh_ble_observers3  main.o
    0x00031ad0   0x00031ad0   0x00000008   Data   RO         5281    sdh_req_observers0  nrf_fstorage_sd.o
    0x00031ad8   0x00031ad8   0x00000008   Data   RO         2923    sdh_soc_observers0  nrf_drv_clock.o
    0x00031ae0   0x00031ae0   0x00000008   Data   RO         5282    sdh_soc_observers0  nrf_fstorage_sd.o
    0x00031ae8   0x00031ae8   0x00000008   Data   RO           21    sdh_soc_observers1  main.o
    0x00031af0   0x00031af0   0x00000008   Data   RO         6585    sdh_stack_observers0  nrf_sdh_ble.o
    0x00031af8   0x00031af8   0x00000008   Data   RO         6634    sdh_stack_observers0  nrf_sdh_soc.o
    0x00031b00   0x00031b00   0x00000008   Data   RO         2924    sdh_state_observers0  nrf_drv_clock.o
    0x00031b08   0x00031b08   0x00000008   Data   RO         5283    sdh_state_observers0  nrf_fstorage_sd.o


    Execution Region RW_IRAM1 (Exec base: 0x20002218, Load base: 0x00031b10, Size: 0x000031f0, Max: 0x0000dde8, ABSOLUTE, COMPRESSED[0x0000008c])

    Exec Addr    Load Addr    Size         Type   Attr      Idx    E Section Name        Object

    0x20002218   COMPRESSED   0x00000006   Data   RW           17    .data               main.o
    0x2000221e   COMPRESSED   0x00000002   PAD
    0x20002220   COMPRESSED   0x00000010   Data   RW          546    .data               bsp.o
    0x20002230   COMPRESSED   0x00000008   Data   RW          647    .data               bsp_btn_ble.o
    0x20002238   COMPRESSED   0x00000008   Data   RW          977    .data               ble_conn_params.o
    0x20002240   COMPRESSED   0x00000010   Data   RW         1285    .data               gatt_cache_manager.o
    0x20002250   COMPRESSED   0x00000006   Data   RW         1436    .data               gatts_cache_manager.o
    0x20002256   COMPRESSED   0x00000002   PAD
    0x20002258   COMPRESSED   0x0000000c   Data   RW         1840    .data               peer_data_storage.o
    0x20002264   COMPRESSED   0x00000008   Data   RW         1980    .data               peer_database.o
    0x2000226c   COMPRESSED   0x00000010   Data   RW         2217    .data               peer_manager.o
    0x2000227c   COMPRESSED   0x00000060   Data   RW         2478    .data               peer_manager_handler.o
    0x200022dc   COMPRESSED   0x00000005   Data   RW         2629    .data               security_dispatcher.o
    0x200022e1   COMPRESSED   0x00000003   PAD
    0x200022e4   COMPRESSED   0x00000015   Data   RW         2769    .data               security_manager.o
    0x200022f9   COMPRESSED   0x00000003   PAD
    0x200022fc   COMPRESSED   0x0000000c   Data   RW         3048    .data               nrf_drv_uart.o
    0x20002308   COMPRESSED   0x00000008   Data   RW         3115    .data               nrfx_clock.o
    0x20002310   COMPRESSED   0x00000008   Data   RW         3540    .data               nrfx_prs.o
    0x20002318   COMPRESSED   0x00000020   Data   RW         3942    .data               app_button.o
    0x20002338   COMPRESSED   0x00000014   Data   RW         4181    .data               app_timer.o
    0x2000234c   COMPRESSED   0x00000030   Data   RW         4476    .data               fds.o
    0x2000237c   COMPRESSED   0x00000008   Data   RW         5280    .data               nrf_fstorage_sd.o
    0x20002384   COMPRESSED   0x00000008   Data   RW         5460    .data               nrf_pwr_mgmt.o
    0x2000238c   COMPRESSED   0x00000018   Data   RW         5749    .data               nrf_log_backend_uart.o
    0x200023a4   COMPRESSED   0x00000008   Data   RW         5820    .data               nrf_log_default_backends.o
    0x200023ac   COMPRESSED   0x00000008   Data   RW         5886    .data               nrf_log_frontend.o
    0x200023b4   COMPRESSED   0x00000008   Data   RW         5887    .data               nrf_log_frontend.o
    0x200023bc   COMPRESSED   0x00000040   Data   RW         6046    .data               nrf_log_str_formatter.o
    0x200023fc   COMPRESSED   0x00000003   Data   RW         6473    .data               nrf_sdh.o
    0x200023ff   COMPRESSED   0x00000001   Data   RW         6583    .data               nrf_sdh_ble.o
    0x20002400   COMPRESSED   0x00000004   Data   RW         6673    .data               system_nrf52.o
    0x20002404   COMPRESSED   0x00000014   Data   RW         4477    fs_data             fds.o
    0x20002418        -       0x00000278   Zero   RW           16    .bss                main.o
    0x20002690        -       0x00000020   Zero   RW          541    .bss                bsp.o
    0x200026b0        -       0x00000020   Zero   RW          542    .bss                bsp.o
    0x200026d0        -       0x0000000c   Zero   RW          543    .bss                bsp.o
    0x200026dc        -       0x00000020   Zero   RW          544    .bss                bsp.o
    0x200026fc        -       0x00000050   Zero   RW          976    .bss                ble_conn_params.o
    0x2000274c        -       0x00000078   Zero   RW         1061    .bss                ble_conn_state.o
    0x200027c4        -       0x000000d8   Zero   RW         1532    .bss                id_manager.o
    0x2000289c        -       0x00000180   Zero   RW         1976    .bss                peer_database.o
    0x20002a1c        -       0x00000040   Zero   RW         2092    .bss                peer_id.o
    0x20002a5c        -       0x0000000c   Zero   RW         2213    .bss                peer_manager.o
    0x20002a68        -       0x00000040   Zero   RW         2625    .bss                security_dispatcher.o
    0x20002aa8        -       0x00000014   Zero   RW         2916    .bss                nrf_drv_clock.o
    0x20002abc        -       0x0000005c   Zero   RW         3271    .bss                nrfx_gpiote.o
    0x20002b18        -       0x0000002c   Zero   RW         3614    .bss                nrfx_uart.o
    0x20002b44        -       0x00000024   Zero   RW         3800    .bss                nrfx_uarte.o
    0x20002b68        -       0x00000020   Zero   RW         3940    .bss                app_button.o
    0x20002b88        -       0x0000010c   Zero   RW         4179    .bss                app_timer.o
    0x20002c94        -       0x0000000c   Zero   RW         4332    .bss                app_util_platform.o
    0x20002ca0        -       0x00000010   Zero   RW         4473    .bss                fds.o
    0x20002cb0        -       0x000000e0   Zero   RW         4474    .bss                fds.o
    0x20002d90        -       0x00000010   Zero   RW         5276    .bss                nrf_fstorage_sd.o
    0x20002da0        -       0x000000a0   Zero   RW         5277    .bss                nrf_fstorage_sd.o
    0x20002e40        -       0x0000000c   Zero   RW         5456    .bss                nrf_pwr_mgmt.o
    0x20002e4c        -       0x00000040   Zero   RW         5746    .bss                nrf_log_backend_uart.o
    0x20002e8c        -       0x000000c0   Zero   RW         5880    .bss                nrf_log_frontend.o
    0x20002f4c        -       0x00000080   Zero   RW         5881    .bss                nrf_log_frontend.o
    0x20002fcc        -       0x00000018   Zero   RW         5882    .bss                nrf_log_frontend.o
    0x20002fe4        -       0x00000424   Zero   RW         5883    .bss                nrf_log_frontend.o
    0x20003408        -       0x00002000   Zero   RW         6661    STACK               arm_startup_nrf52.o


==============================================================================

Image component sizes


      Code (inc. data)   RO Data    RW Data    ZI Data      Debug   Object Name

       440         36          8         32         32      13398   app_button.o
        22          0          0          0          0       2529   app_error.o
       132         46          0          0          0      30653   app_error_weak.o
         0          0          0          0          0      36722   app_scheduler.o
      1510        118          6         20        268      49379   app_timer.o
       124         14          0          0         12       9786   app_util_platform.o
        36          8        512          0       8192        964   arm_startup_nrf52.o
      1324          0          0          0          0      53376   ble_advdata.o
      1094          6          0          0          0      11376   ble_advertising.o
       636         44          8          8         80       9587   ble_conn_params.o
       718         56          8          0        120      14771   ble_conn_state.o
         8          0          0          0          0       1534   ble_srv_common.o
       358         40          8          0          0      48623   boards.o
       998         84         44         16        108      16075   bsp.o
       252         10          8          8          0       5032   bsp_btn_ble.o
      3426        314         24         68        240      51847   fds.o
      1848        544        561         16          0      25507   gatt_cache_manager.o
       578         70        374          6          0      11451   gatts_cache_manager.o
       946         34         32          0        216      15708   id_manager.o
      1132        200         40          6        632     188610   main.o
       342          0          0          0          0       7022   nrf_atfifo.o
       170          0          0          0          0       4980   nrf_atflags.o
       332          0          0          0          0      10630   nrf_atomic.o
       164          0          0          0          0       3784   nrf_balloc.o
       922        272        205          0          0      36883   nrf_ble_gatt.o
       276          0          0          0          0       4893   nrf_ble_qwr.o
       276         34         30          0         20      38124   nrf_drv_clock.o
       200         26          0         12          0      18244   nrf_drv_uart.o
        50          0          0          0          0       3685   nrf_fprintf.o
       850          4         16          0          0       5670   nrf_fprintf_format.o
       972        432        194          0          0       8372   nrf_fstorage.o
       798         82         72          8        176      16699   nrf_fstorage_sd.o
       200          0          0          0          0      11737   nrf_log_backend_serial.o
       232         44         44         24         64      21618   nrf_log_backend_uart.o
        28          4         33          8          0       3453   nrf_log_default_backends.o
      1512        114         44         16       1404      32232   nrf_log_frontend.o
       566        108        102         64          0       5852   nrf_log_str_formatter.o
       346          0          0          0          0       9911   nrf_memobj.o
       108         16         53          8         12      35638   nrf_pwr_mgmt.o
        28          0          0          0          0       2483   nrf_ringbuf.o
       552         60        104          3          0      42308   nrf_sdh.o
       672        232        468          1          0       6093   nrf_sdh_ble.o
        60          4         56          0          0       2584   nrf_sdh_soc.o
        78          0          0          0          0       2932   nrf_section_iter.o
        76         10       1319          0          0       2895   nrf_strerror.o
       226         30         14          8          0      41850   nrfx_clock.o
      1226         92         19          0         92      59579   nrfx_gpiote.o
       112         16         12          8          0       4724   nrfx_prs.o
      1292         40         17          0         44      32217   nrfx_uart.o
      1134         44         18          0         36      25147   nrfx_uarte.o
      1152        144        285         12          0      18962   peer_data_storage.o
      1442        260        425          8        384      20166   peer_database.o
       314         38          0          0         64       9655   peer_id.o
      1774        456        217         16         12      20225   peer_manager.o
      1720        822        767         96          0      13704   peer_manager_handler.o
       234          0          0          0          0       5675   pm_buffer.o
      1912        260        743          5         64      27667   security_dispatcher.o
      1108        114        407         21          0      50546   security_manager.o
       796         70          0          4          0       3059   system_nrf52.o

    ----------------------------------------------------------------------
     39904       5452       7392        512      12272    1268826   Object Totals
         0          0         32          0          0          0   (incl. Generated)
        70          0         63         10          0          0   (incl. Padding)

    ----------------------------------------------------------------------

      Code (inc. data)   RO Data    RW Data    ZI Data      Debug   Library Member Name

        86          0          0          0          0          0   __dczerorl2.o
         8          4        133          0          0         68   ctype_o.o
         0          0          0          0          0          0   entry.o
         0          0          0          0          0          0   entry10a.o
         0          0          0          0          0          0   entry11a.o
         8          4          0          0          0          0   entry2.o
         4          0          0          0          0          0   entry5.o
         0          0          0          0          0          0   entry7b.o
         0          0          0          0          0          0   entry8b.o
         8          4          0          0          0          0   entry9a.o
        30          0          0          0          0          0   handlers.o
        36          8          0          0          0         68   init.o
        30          0          0          0          0         68   llshl.o
        32          0          0          0          0         68   llushr.o
        26          0          0          0          0         80   memcmp.o
        36          0          0          0          0         68   memcpya.o
        36          0          0          0          0        108   memseta.o
        14          0          0          0          0         68   strlen.o
        98          0          0          0          0         92   uldiv.o

    ----------------------------------------------------------------------
       456         20        136          0          0        688   Library Totals
         4          0          3          0          0          0   (incl. Padding)

    ----------------------------------------------------------------------

      Code (inc. data)   RO Data    RW Data    ZI Data      Debug   Library Name

       452         20        133          0          0        688   mc_w.l

    ----------------------------------------------------------------------
       456         20        136          0          0        688   Library Totals

    ----------------------------------------------------------------------

==============================================================================


      Code (inc. data)   RO Data    RW Data    ZI Data      Debug   

     40360       5472       7528        512      12272    1220290   Grand Totals
     40360       5472       7528        140      12272    1220290   ELF Image Totals (compressed)
     40360       5472       7528        140          0          0   ROM Totals

==============================================================================

    Total RO  Size (Code + RO Data)                47888 (  46.77kB)
    Total RW  Size (RW Data + ZI Data)             12784 (  12.48kB)
    Total ROM Size (Code + RO Data + RW Data)      48028 (  46.90kB)

==============================================================================

