<html>
<body>
<pre>
<h1>µVision Build Log</h1>
<h2>Tool Versions:</h2>
IDE-Version: ¦ÌVision V5.26.2.0
Copyright (C) 2018 ARM Ltd and ARM Germany GmbH. All rights reserved.
License Information: li lfwen, ingeek, LIC=D0DWF-6S57F-SYSVA-1CFSP-95MI1-94TP5
 
Tool Versions:
Toolchain:       MDK-ARM Plus  Version: 5.26.2.0
Toolchain Path:  C:\Keil_v5\ARM\ARMCC\Bin
C Compiler:      Armcc.exe V5.06 update 6 (build 750)
Assembler:       Armasm.exe V5.06 update 6 (build 750)
Linker/Locator:  ArmLink.exe V5.06 update 6 (build 750)
Library Manager: ArmAr.exe V5.06 update 6 (build 750)
Hex Converter:   FromElf.exe V5.06 update 6 (build 750)
CPU DLL:         
Dialog DLL:      
Target DLL:      Segger\JL2CM3.dll V2.99.31.0
Dialog DLL:      TCM.DLL V1.36.1.0
 
<h2>Project:</h2>
C:\Users\lfwen\OneDrive\shanghaijinxing\github\ble_services\nRF5_SDK_15.2.0_9412b96\examples\ble_peripheral\ble_app_uart_sdk\pca10040\s132\arm5_no_packs\ble_app_uart_pca10040_s132.uvprojx
Project File Date:  10/29/2018

<h2>Output:</h2>
*** Using Compiler 'V5.06 update 6 (build 750)', folder: 'C:\Keil_v5\ARM\ARMCC\Bin'
Build target 'nrf52832_xxaa'
compiling ble_sdk.c...
..\..\..\..\..\..\components\ble\ble_services\ble_sdk\ble_sdk.c(242): warning:  #177-D: function "info_char_add"  was declared but never referenced
  static uint32_t info_char_add(ble_sdk_t * p_lbs, const ble_sdk_init_t * p_lbs_init)
..\..\..\..\..\..\components\ble\ble_services\ble_sdk\ble_sdk.c(288): warning:  #177-D: function "auth_char_add"  was declared but never referenced
  static uint32_t auth_char_add(ble_sdk_t * p_lbs, const ble_sdk_init_t * p_lbs_init)
..\..\..\..\..\..\components\ble\ble_services\ble_sdk\ble_sdk.c(334): warning:  #177-D: function "session_char_add"  was declared but never referenced
  static uint32_t session_char_add(ble_sdk_t * p_lbs, const ble_sdk_init_t * p_lbs_init)
..\..\..\..\..\..\components\ble\ble_services\ble_sdk\ble_sdk.c(380): warning:  #177-D: function "cmd_char_add"  was declared but never referenced
  static uint32_t cmd_char_add(ble_sdk_t * p_lbs, const ble_sdk_init_t * p_lbs_init)
..\..\..\..\..\..\components\ble\ble_services\ble_sdk\ble_sdk.c(426): warning:  #177-D: function "rssi_char_add"  was declared but never referenced
  static uint32_t rssi_char_add(ble_sdk_t * p_lbs, const ble_sdk_init_t * p_lbs_init)
..\..\..\..\..\..\components\ble\ble_services\ble_sdk\ble_sdk.c: 5 warnings, 0 errors
compiling main.c...
..\..\..\main.c(226): warning:  #177-D: function "nus_data_handler"  was declared but never referenced
  static void nus_data_handler(ble_nus_evt_t * p_evt)
..\..\..\main.c: 1 warning, 0 errors
linking...
Program Size: Code=25092 RO-data=3556 RW-data=320 ZI-data=20824  
FromELF: creating hex file...
".\_build\nrf52832_xxaa.axf" - 0 Error(s), 6 Warning(s).

<h2>Software Packages used:</h2>

Package Vendor: ARM
                http://www.keil.com/pack/ARM.CMSIS.4.5.0.pack
                ARM.CMSIS.4.5.0
                CMSIS (Cortex Microcontroller Software Interface Standard)
   * Component: CORE Version: 4.3.0

Package Vendor: NordicSemiconductor
                http://developer.nordicsemi.com/nRF5_SDK/pieces/nRF_DeviceFamilyPack/NordicSemiconductor.nRF_DeviceFamilyPack.8.17.0.pack
                NordicSemiconductor.nRF_DeviceFamilyPack.8.17.0
                Nordic Semiconductor nRF ARM devices Device Family Pack.
   * Component: Startup Version: 8.17.0

<h2>Collection of Component include folders:</h2>
  .\RTE\_nrf52832_xxaa
  C:\Keil_v5\ARM\PACK\ARM\CMSIS\4.5.0\CMSIS\Include
  C:\Keil_v5\ARM\PACK\NordicSemiconductor\nRF_DeviceFamilyPack\8.17.0\Device\Include

<h2>Collection of Component Files used:</h2>

   * Component: ARM::CMSIS:CORE:4.3.0

   * Component: NordicSemiconductor::Device:Startup:8.17.0
      Source file:   Device\Source\system_nrf52.c
      Include file:  Device\Include\system_nrf52.h
      Source file:   Device\Source\arm\arm_startup_nrf52.s
Build Time Elapsed:  00:00:05
</pre>
</body>
</html>
