<!doctype html public "-//w3c//dtd html 4.0 transitional//en">
<html><head>
<title>Static Call Graph - [.\_build\nrf52832_xxaa_mbr.axf]</title></head>
<body><HR>
<H1>Static Call Graph for image .\_build\nrf52832_xxaa_mbr.axf</H1><HR>
<BR><P>#&#060CALLGRAPH&#062# ARM Linker, 5060750: Last Updated: Mon Jan 14 10:49:24 2019
<BR><P>
<H3>Maximum Stack Usage =       3312 bytes + Unknown(Cycles, Untraceable Function Pointers)</H3><H3>
Call chain for Maximum Stack Depth:</H3>
main &rArr; nrf_bootloader_init &rArr; nrf_dfu_init &rArr; nrf_dfu_req_handler_init &rArr; nrf_dfu_validation_init_cmd_execute &rArr; signature_check &rArr; nrf_crypto_ecdsa_verify &rArr; nrf_crypto_backend_micro_ecc_verify &rArr; uECC_verify &rArr; uECC_vli_modMult &rArr; uECC_vli_mult
<P>
<H3>
Mutually Recursive functions
</H3> <LI><a href="#[1]">NMI_Handler</a>&nbsp;&nbsp;&nbsp;&rArr;&nbsp;&nbsp;&nbsp;<a href="#[1]">NMI_Handler</a><BR>
 <LI><a href="#[2]">HardFault_Handler</a>&nbsp;&nbsp;&nbsp;&rArr;&nbsp;&nbsp;&nbsp;<a href="#[2]">HardFault_Handler</a><BR>
 <LI><a href="#[3]">MemoryManagement_Handler</a>&nbsp;&nbsp;&nbsp;&rArr;&nbsp;&nbsp;&nbsp;<a href="#[3]">MemoryManagement_Handler</a><BR>
 <LI><a href="#[4]">BusFault_Handler</a>&nbsp;&nbsp;&nbsp;&rArr;&nbsp;&nbsp;&nbsp;<a href="#[4]">BusFault_Handler</a><BR>
 <LI><a href="#[5]">UsageFault_Handler</a>&nbsp;&nbsp;&nbsp;&rArr;&nbsp;&nbsp;&nbsp;<a href="#[5]">UsageFault_Handler</a><BR>
 <LI><a href="#[6]">SVC_Handler</a>&nbsp;&nbsp;&nbsp;&rArr;&nbsp;&nbsp;&nbsp;<a href="#[6]">SVC_Handler</a><BR>
 <LI><a href="#[7]">DebugMon_Handler</a>&nbsp;&nbsp;&nbsp;&rArr;&nbsp;&nbsp;&nbsp;<a href="#[7]">DebugMon_Handler</a><BR>
 <LI><a href="#[8]">PendSV_Handler</a>&nbsp;&nbsp;&nbsp;&rArr;&nbsp;&nbsp;&nbsp;<a href="#[8]">PendSV_Handler</a><BR>
 <LI><a href="#[9]">SysTick_Handler</a>&nbsp;&nbsp;&nbsp;&rArr;&nbsp;&nbsp;&nbsp;<a href="#[9]">SysTick_Handler</a><BR>
 <LI><a href="#[19]">CCM_AAR_IRQHandler</a>&nbsp;&nbsp;&nbsp;&rArr;&nbsp;&nbsp;&nbsp;<a href="#[19]">CCM_AAR_IRQHandler</a><BR>
 <LI><a href="#[14a]">std_n</a>&nbsp;&nbsp;&nbsp;&rArr;&nbsp;&nbsp;&nbsp;<a href="#[8a]">nrf_log_frontend_dequeue</a><BR>
 <LI><a href="#[164]">pb_read</a>&nbsp;&nbsp;&nbsp;&rArr;&nbsp;&nbsp;&nbsp;<a href="#[164]">pb_read</a><BR>
 <LI><a href="#[170]">pb_field_set_to_default</a>&nbsp;&nbsp;&nbsp;&rArr;&nbsp;&nbsp;&nbsp;<a href="#[b9]">pb_message_set_to_defaults</a><BR>
</UL>
<P>
<H3>
Function Pointers
</H3><UL>
 <LI><a href="#[4]">BusFault_Handler</a> from arm_startup_nrf52.o(.text) referenced from arm_startup_nrf52.o(RESET)
 <LI><a href="#[19]">CCM_AAR_IRQHandler</a> from arm_startup_nrf52.o(.text) referenced from arm_startup_nrf52.o(RESET)
 <LI><a href="#[1d]">COMP_LPCOMP_IRQHandler</a> from arm_startup_nrf52.o(.text) referenced from arm_startup_nrf52.o(RESET)
 <LI><a href="#[7]">DebugMon_Handler</a> from arm_startup_nrf52.o(.text) referenced from arm_startup_nrf52.o(RESET)
 <LI><a href="#[18]">ECB_IRQHandler</a> from arm_startup_nrf52.o(.text) referenced from arm_startup_nrf52.o(RESET)
 <LI><a href="#[2e]">FPU_IRQHandler</a> from arm_startup_nrf52.o(.text) referenced from arm_startup_nrf52.o(RESET)
 <LI><a href="#[10]">GPIOTE_IRQHandler</a> from arm_startup_nrf52.o(.text) referenced from arm_startup_nrf52.o(RESET)
 <LI><a href="#[2]">HardFault_Handler</a> from arm_startup_nrf52.o(.text) referenced from arm_startup_nrf52.o(RESET)
 <LI><a href="#[2d]">I2S_IRQHandler</a> from arm_startup_nrf52.o(.text) referenced from arm_startup_nrf52.o(RESET)
 <LI><a href="#[28]">MWU_IRQHandler</a> from arm_startup_nrf52.o(.text) referenced from arm_startup_nrf52.o(RESET)
 <LI><a href="#[3]">MemoryManagement_Handler</a> from arm_startup_nrf52.o(.text) referenced from arm_startup_nrf52.o(RESET)
 <LI><a href="#[f]">NFCT_IRQHandler</a> from arm_startup_nrf52.o(.text) referenced from arm_startup_nrf52.o(RESET)
 <LI><a href="#[1]">NMI_Handler</a> from arm_startup_nrf52.o(.text) referenced from arm_startup_nrf52.o(RESET)
 <LI><a href="#[27]">PDM_IRQHandler</a> from arm_startup_nrf52.o(.text) referenced from arm_startup_nrf52.o(RESET)
 <LI><a href="#[a]">POWER_CLOCK_IRQHandler</a> from arm_startup_nrf52.o(.text) referenced from arm_startup_nrf52.o(RESET)
 <LI><a href="#[26]">PWM0_IRQHandler</a> from arm_startup_nrf52.o(.text) referenced from arm_startup_nrf52.o(RESET)
 <LI><a href="#[29]">PWM1_IRQHandler</a> from arm_startup_nrf52.o(.text) referenced from arm_startup_nrf52.o(RESET)
 <LI><a href="#[2a]">PWM2_IRQHandler</a> from arm_startup_nrf52.o(.text) referenced from arm_startup_nrf52.o(RESET)
 <LI><a href="#[8]">PendSV_Handler</a> from arm_startup_nrf52.o(.text) referenced from arm_startup_nrf52.o(RESET)
 <LI><a href="#[1c]">QDEC_IRQHandler</a> from arm_startup_nrf52.o(.text) referenced from arm_startup_nrf52.o(RESET)
 <LI><a href="#[b]">RADIO_IRQHandler</a> from arm_startup_nrf52.o(.text) referenced from arm_startup_nrf52.o(RESET)
 <LI><a href="#[17]">RNG_IRQHandler</a> from arm_startup_nrf52.o(.text) referenced from arm_startup_nrf52.o(RESET)
 <LI><a href="#[15]">RTC0_IRQHandler</a> from arm_startup_nrf52.o(.text) referenced from arm_startup_nrf52.o(RESET)
 <LI><a href="#[1b]">RTC1_IRQHandler</a> from arm_startup_nrf52.o(.text) referenced from arm_startup_nrf52.o(RESET)
 <LI><a href="#[2c]">RTC2_IRQHandler</a> from nrf_bootloader_dfu_timers.o(i.RTC2_IRQHandler) referenced from arm_startup_nrf52.o(RESET)
 <LI><a href="#[0]">Reset_Handler</a> from arm_startup_nrf52.o(.text) referenced from arm_startup_nrf52.o(RESET)
 <LI><a href="#[11]">SAADC_IRQHandler</a> from arm_startup_nrf52.o(.text) referenced from arm_startup_nrf52.o(RESET)
 <LI><a href="#[d]">SPIM0_SPIS0_TWIM0_TWIS0_SPI0_TWI0_IRQHandler</a> from arm_startup_nrf52.o(.text) referenced from arm_startup_nrf52.o(RESET)
 <LI><a href="#[e]">SPIM1_SPIS1_TWIM1_TWIS1_SPI1_TWI1_IRQHandler</a> from arm_startup_nrf52.o(.text) referenced from arm_startup_nrf52.o(RESET)
 <LI><a href="#[2b]">SPIM2_SPIS2_SPI2_IRQHandler</a> from arm_startup_nrf52.o(.text) referenced from arm_startup_nrf52.o(RESET)
 <LI><a href="#[6]">SVC_Handler</a> from arm_startup_nrf52.o(.text) referenced from arm_startup_nrf52.o(RESET)
 <LI><a href="#[1e]">SWI0_EGU0_IRQHandler</a> from arm_startup_nrf52.o(.text) referenced from arm_startup_nrf52.o(RESET)
 <LI><a href="#[1f]">SWI1_EGU1_IRQHandler</a> from arm_startup_nrf52.o(.text) referenced from arm_startup_nrf52.o(RESET)
 <LI><a href="#[20]">SWI2_EGU2_IRQHandler</a> from arm_startup_nrf52.o(.text) referenced from arm_startup_nrf52.o(RESET)
 <LI><a href="#[21]">SWI3_EGU3_IRQHandler</a> from arm_startup_nrf52.o(.text) referenced from arm_startup_nrf52.o(RESET)
 <LI><a href="#[22]">SWI4_EGU4_IRQHandler</a> from arm_startup_nrf52.o(.text) referenced from arm_startup_nrf52.o(RESET)
 <LI><a href="#[23]">SWI5_EGU5_IRQHandler</a> from arm_startup_nrf52.o(.text) referenced from arm_startup_nrf52.o(RESET)
 <LI><a href="#[9]">SysTick_Handler</a> from arm_startup_nrf52.o(.text) referenced from arm_startup_nrf52.o(RESET)
 <LI><a href="#[30]">SystemInit</a> from system_nrf52.o(i.SystemInit) referenced from arm_startup_nrf52.o(.text)
 <LI><a href="#[16]">TEMP_IRQHandler</a> from arm_startup_nrf52.o(.text) referenced from arm_startup_nrf52.o(RESET)
 <LI><a href="#[12]">TIMER0_IRQHandler</a> from arm_startup_nrf52.o(.text) referenced from arm_startup_nrf52.o(RESET)
 <LI><a href="#[13]">TIMER1_IRQHandler</a> from arm_startup_nrf52.o(.text) referenced from arm_startup_nrf52.o(RESET)
 <LI><a href="#[14]">TIMER2_IRQHandler</a> from arm_startup_nrf52.o(.text) referenced from arm_startup_nrf52.o(RESET)
 <LI><a href="#[24]">TIMER3_IRQHandler</a> from arm_startup_nrf52.o(.text) referenced from arm_startup_nrf52.o(RESET)
 <LI><a href="#[25]">TIMER4_IRQHandler</a> from arm_startup_nrf52.o(.text) referenced from arm_startup_nrf52.o(RESET)
 <LI><a href="#[c]">UARTE0_UART0_IRQHandler</a> from nrfx_prs.o(i.UARTE0_UART0_IRQHandler) referenced from arm_startup_nrf52.o(RESET)
 <LI><a href="#[5]">UsageFault_Handler</a> from arm_startup_nrf52.o(.text) referenced from arm_startup_nrf52.o(RESET)
 <LI><a href="#[1a]">WDT_IRQHandler</a> from nrf_bootloader_wdt.o(i.WDT_IRQHandler) referenced from arm_startup_nrf52.o(RESET)
 <LI><a href="#[31]">__main</a> from entry.o(.ARM.Collect$$$$00000000) referenced from arm_startup_nrf52.o(.text)
 <LI><a href="#[40]">buf_read</a> from pb_decode.o(i.buf_read) referenced from pb_decode.o(i.pb_istream_from_buffer)
 <LI><a href="#[40]">buf_read</a> from pb_decode.o(i.buf_read) referenced from pb_decode.o(i.pb_read)
 <LI><a href="#[63]">dfu_fstorage_evt_handler</a> from nrf_dfu_flash.o(i.dfu_fstorage_evt_handler) referenced from nrf_dfu_flash.o(fs_data)
 <LI><a href="#[35]">dfu_observer</a> from main.o(i.dfu_observer) referenced from main.o(i.main)
 <LI><a href="#[37]">dfu_observer</a> from nrf_bootloader.o(i.dfu_observer) referenced from nrf_bootloader.o(i.nrf_bootloader_init)
 <LI><a href="#[3a]">dfu_observer</a> from nrf_dfu.o(i.dfu_observer) referenced from nrf_dfu.o(i.nrf_dfu_init)
 <LI><a href="#[55]">dfu_req_handler_rsp_clbk</a> from nrf_dfu_serial.o(i.dfu_req_handler_rsp_clbk) referenced from nrf_dfu_serial.o(.constdata)
 <LI><a href="#[5e]">double_jacobian_default</a> from uECC.c.o(.text.double_jacobian_default) referenced from uECC.c.o(.rodata.curve_secp256r1)
 <LI><a href="#[4e]">erase</a> from nrf_fstorage_nvmc.o(i.erase) referenced from nrf_fstorage_nvmc.o(.constdata)
 <LI><a href="#[36]">flash_write_callback</a> from nrf_bootloader_fw_activation.o(i.flash_write_callback) referenced from nrf_bootloader_fw_activation.o(i.nrf_bootloader_fw_activate)
 <LI><a href="#[38]">flash_write_callback</a> from nrf_bootloader.o(i.flash_write_callback) referenced from nrf_bootloader.o(i.nrf_bootloader_init)
 <LI><a href="#[33]">inactivity_timeout</a> from nrf_bootloader.o(i.inactivity_timeout) referenced from nrf_bootloader.o(i.dfu_observer)
 <LI><a href="#[33]">inactivity_timeout</a> from nrf_bootloader.o(i.inactivity_timeout) referenced from nrf_bootloader.o(i.nrf_bootloader_init)
 <LI><a href="#[4a]">init</a> from nrf_fstorage_nvmc.o(i.init) referenced from nrf_fstorage_nvmc.o(.constdata)
 <LI><a href="#[51]">is_busy</a> from nrf_fstorage_nvmc.o(i.is_busy) referenced from nrf_fstorage_nvmc.o(.constdata)
 <LI><a href="#[2f]">main</a> from main.o(i.main) referenced from entry9a.o(.ARM.Collect$$$$0000000B)
 <LI><a href="#[34]">nrf_bootloader_dfu_timer_counter_get</a> from nrf_bootloader_dfu_timers.o(i.nrf_bootloader_dfu_timer_counter_get) referenced from main.o(i.main)
 <LI><a href="#[3b]">nrf_dfu_req_handler_req</a> from nrf_dfu_req_handler.o(i.nrf_dfu_req_handler_req) referenced from nrf_dfu_req_handler.o(i.nrf_dfu_req_handler_on_req)
 <LI><a href="#[54]">nrf_log_backend_rtt_flush</a> from nrf_log_backend_rtt.o(i.nrf_log_backend_rtt_flush) referenced from nrf_log_backend_rtt.o(.constdata)
 <LI><a href="#[53]">nrf_log_backend_rtt_panic_set</a> from nrf_log_backend_rtt.o(i.nrf_log_backend_rtt_panic_set) referenced from nrf_log_backend_rtt.o(.constdata)
 <LI><a href="#[52]">nrf_log_backend_rtt_put</a> from nrf_log_backend_rtt.o(i.nrf_log_backend_rtt_put) referenced from nrf_log_backend_rtt.o(.constdata)
 <LI><a href="#[47]">nrf_sw_backend_hash_sha256_finalize</a> from nrf_sw_backend_hash.o(i.nrf_sw_backend_hash_sha256_finalize) referenced from nrf_sw_backend_hash.o(.constdata)
 <LI><a href="#[45]">nrf_sw_backend_hash_sha256_init</a> from nrf_sw_backend_hash.o(i.nrf_sw_backend_hash_sha256_init) referenced from nrf_sw_backend_hash.o(.constdata)
 <LI><a href="#[46]">nrf_sw_backend_hash_sha256_update</a> from nrf_sw_backend_hash.o(i.nrf_sw_backend_hash_sha256_update) referenced from nrf_sw_backend_hash.o(.constdata)
 <LI><a href="#[49]">nrfx_uarte_0_irq_handler</a> from nrfx_uarte.o(i.nrfx_uarte_0_irq_handler) referenced from nrfx_uarte.o(.constdata)
 <LI><a href="#[3e]">on_data_obj_execute_request_sched</a> from nrf_dfu_req_handler.o(i.on_data_obj_execute_request_sched) referenced from nrf_dfu_req_handler.o(i.on_data_obj_execute_request_sched)
 <LI><a href="#[3f]">on_dfu_complete</a> from nrf_dfu_req_handler.o(i.on_dfu_complete) referenced from nrf_dfu_req_handler.o(i.on_data_obj_execute_request_sched)
 <LI><a href="#[43]">payload_free</a> from nrf_dfu_serial_uart.o(i.payload_free) referenced from nrf_dfu_serial_uart.o(i.uart_dfu_transport_init)
 <LI><a href="#[5b]">pb_dec_bytes</a> from pb_decode.o(i.pb_dec_bytes) referenced from pb_decode.o(.constdata)
 <LI><a href="#[59]">pb_dec_fixed32</a> from pb_decode.o(i.pb_dec_fixed32) referenced from pb_decode.o(.constdata)
 <LI><a href="#[5a]">pb_dec_fixed64</a> from pb_decode.o(i.pb_dec_fixed64) referenced from pb_decode.o(.constdata)
 <LI><a href="#[5c]">pb_dec_string</a> from pb_decode.o(i.pb_dec_string) referenced from pb_decode.o(.constdata)
 <LI><a href="#[5d]">pb_dec_submessage</a> from pb_decode.o(i.pb_dec_submessage) referenced from pb_decode.o(.constdata)
 <LI><a href="#[58]">pb_dec_svarint</a> from pb_decode.o(i.pb_dec_svarint) referenced from pb_decode.o(.constdata)
 <LI><a href="#[57]">pb_dec_uvarint</a> from pb_decode.o(i.pb_dec_uvarint) referenced from pb_decode.o(.constdata)
 <LI><a href="#[56]">pb_dec_varint</a> from pb_decode.o(i.pb_dec_varint) referenced from pb_decode.o(.constdata)
 <LI><a href="#[41]">pb_decoding_callback</a> from nrf_dfu_validation.o(i.pb_decoding_callback) referenced from nrf_dfu_validation.o(i.stored_init_cmd_decode)
 <LI><a href="#[4c]">read</a> from nrf_fstorage_nvmc.o(i.read) referenced from nrf_fstorage_nvmc.o(.constdata)
 <LI><a href="#[32]">reset_after_flash_write</a> from nrf_bootloader.o(i.reset_after_flash_write) referenced from nrf_bootloader.o(i.bootloader_reset)
 <LI><a href="#[4f]">rmap</a> from nrf_fstorage_nvmc.o(i.rmap) referenced from nrf_fstorage_nvmc.o(.constdata)
 <LI><a href="#[42]">rsp_send</a> from nrf_dfu_serial_uart.o(i.rsp_send) referenced from nrf_dfu_serial_uart.o(i.uart_dfu_transport_init)
 <LI><a href="#[3d]">serial_tx</a> from nrf_log_backend_rtt.o(i.serial_tx) referenced from nrf_log_backend_rtt.o(i.nrf_log_backend_rtt_put)
 <LI><a href="#[48]">uECC_secp256r1</a> from uECC.c.o(.text.uECC_secp256r1) referenced from micro_ecc_backend_ecc.o(.constdata)
 <LI><a href="#[62]">uart_dfu_transport_close</a> from nrf_dfu_serial_uart.o(i.uart_dfu_transport_close) referenced from nrf_dfu_serial_uart.o(dfu_trans)
 <LI><a href="#[61]">uart_dfu_transport_init</a> from nrf_dfu_serial_uart.o(i.uart_dfu_transport_init) referenced from nrf_dfu_serial_uart.o(dfu_trans)
 <LI><a href="#[44]">uart_event_handler</a> from nrf_dfu_serial_uart.o(i.uart_event_handler) referenced from nrf_dfu_serial_uart.o(i.uart_dfu_transport_init)
 <LI><a href="#[3c]">uarte_evt_handler</a> from nrf_drv_uart.o(i.uarte_evt_handler) referenced from nrf_drv_uart.o(i.nrf_drv_uart_init)
 <LI><a href="#[4b]">uninit</a> from nrf_fstorage_nvmc.o(i.uninit) referenced from nrf_fstorage_nvmc.o(.constdata)
 <LI><a href="#[60]">vli_mmod_fast_secp256r1</a> from uECC.c.o(.text.vli_mmod_fast_secp256r1) referenced from uECC.c.o(.rodata.curve_secp256r1)
 <LI><a href="#[39]">wdt_feed_timer_handler</a> from nrf_bootloader_wdt.o(i.wdt_feed_timer_handler) referenced from nrf_bootloader_wdt.o(i.nrf_bootloader_wdt_init)
 <LI><a href="#[50]">wmap</a> from nrf_fstorage_nvmc.o(i.wmap) referenced from nrf_fstorage_nvmc.o(.constdata)
 <LI><a href="#[4d]">write</a> from nrf_fstorage_nvmc.o(i.write) referenced from nrf_fstorage_nvmc.o(.constdata)
 <LI><a href="#[5f]">x_side_default</a> from uECC.c.o(.text.x_side_default) referenced from uECC.c.o(.rodata.curve_secp256r1)
</UL>
<P>
<H3>
Global Symbols
</H3>
<P><STRONG><a name="[31]"></a>__main</STRONG> (Thumb, 0 bytes, Stack size unknown bytes, entry.o(.ARM.Collect$$$$00000000))
<BR>[Address Reference Count : 1]<UL><LI> arm_startup_nrf52.o(.text)
</UL>
<P><STRONG><a name="[17a]"></a>_main_stk</STRONG> (Thumb, 0 bytes, Stack size unknown bytes, entry2.o(.ARM.Collect$$$$00000001))

<P><STRONG><a name="[64]"></a>_main_scatterload</STRONG> (Thumb, 0 bytes, Stack size unknown bytes, entry5.o(.ARM.Collect$$$$00000004))
<BR><BR>[Calls]<UL><LI><a href="#[65]">&gt;&gt;</a>&nbsp;&nbsp;&nbsp;__scatterload
</UL>

<P><STRONG><a name="[69]"></a>__main_after_scatterload</STRONG> (Thumb, 0 bytes, Stack size unknown bytes, entry5.o(.ARM.Collect$$$$00000004))
<BR><BR>[Called By]<UL><LI><a href="#[65]">&gt;&gt;</a>&nbsp;&nbsp;&nbsp;__scatterload
</UL>

<P><STRONG><a name="[17b]"></a>_main_clock</STRONG> (Thumb, 0 bytes, Stack size unknown bytes, entry7b.o(.ARM.Collect$$$$00000008))

<P><STRONG><a name="[17c]"></a>_main_cpp_init</STRONG> (Thumb, 0 bytes, Stack size unknown bytes, entry8b.o(.ARM.Collect$$$$0000000A))

<P><STRONG><a name="[17d]"></a>_main_init</STRONG> (Thumb, 0 bytes, Stack size unknown bytes, entry9a.o(.ARM.Collect$$$$0000000B))

<P><STRONG><a name="[17e]"></a>__rt_final_cpp</STRONG> (Thumb, 0 bytes, Stack size unknown bytes, entry10a.o(.ARM.Collect$$$$0000000D))

<P><STRONG><a name="[17f]"></a>__rt_final_exit</STRONG> (Thumb, 0 bytes, Stack size unknown bytes, entry11a.o(.ARM.Collect$$$$0000000F))

<P><STRONG><a name="[ef]"></a>__asm___32_nrf_bootloader_app_start_final_c_c9922886__jump_to_addr</STRONG> (Thumb, 8 bytes, Stack size 0 bytes, nrf_bootloader_app_start_final.o(.emb_text))
<BR><BR>[Called By]<UL><LI><a href="#[ed]">&gt;&gt;</a>&nbsp;&nbsp;&nbsp;nrf_bootloader_app_start_final
</UL>

<P><STRONG><a name="[e7]"></a>__asm___12_nrf_atomic_c_85ca2469__nrf_atomic_internal_mov</STRONG> (Thumb, 24 bytes, Stack size 0 bytes, nrf_atomic.o(.emb_text))
<BR><BR>[Called By]<UL><LI><a href="#[be]">&gt;&gt;</a>&nbsp;&nbsp;&nbsp;nrf_atomic_u32_fetch_store
</UL>

<P><STRONG><a name="[e6]"></a>__asm___12_nrf_atomic_c_85ca2469__nrf_atomic_internal_orr</STRONG> (Thumb, 26 bytes, Stack size 0 bytes, nrf_atomic.o(.emb_text))
<BR><BR>[Called By]<UL><LI><a href="#[e2]">&gt;&gt;</a>&nbsp;&nbsp;&nbsp;nrf_atomic_u32_or
<LI><a href="#[e3]">&gt;&gt;</a>&nbsp;&nbsp;&nbsp;nrf_atomic_u32_fetch_or
</UL>

<P><STRONG><a name="[e5]"></a>__asm___12_nrf_atomic_c_85ca2469__nrf_atomic_internal_and</STRONG> (Thumb, 26 bytes, Stack size 0 bytes, nrf_atomic.o(.emb_text))
<BR><BR>[Called By]<UL><LI><a href="#[e1]">&gt;&gt;</a>&nbsp;&nbsp;&nbsp;nrf_atomic_u32_fetch_and
<LI><a href="#[e0]">&gt;&gt;</a>&nbsp;&nbsp;&nbsp;nrf_atomic_u32_and
</UL>

<P><STRONG><a name="[180]"></a>__asm___12_nrf_atomic_c_85ca2469__nrf_atomic_internal_eor</STRONG> (Thumb, 26 bytes, Stack size 0 bytes, nrf_atomic.o(.emb_text), UNUSED)

<P><STRONG><a name="[e4]"></a>__asm___12_nrf_atomic_c_85ca2469__nrf_atomic_internal_add</STRONG> (Thumb, 26 bytes, Stack size 0 bytes, nrf_atomic.o(.emb_text))
<BR><BR>[Called By]<UL><LI><a href="#[ac]">&gt;&gt;</a>&nbsp;&nbsp;&nbsp;nrf_atomic_u32_add
</UL>

<P><STRONG><a name="[e9]"></a>__asm___12_nrf_atomic_c_85ca2469__nrf_atomic_internal_sub</STRONG> (Thumb, 26 bytes, Stack size 0 bytes, nrf_atomic.o(.emb_text))
<BR><BR>[Called By]<UL><LI><a href="#[e8]">&gt;&gt;</a>&nbsp;&nbsp;&nbsp;nrf_atomic_u32_sub
</UL>

<P><STRONG><a name="[181]"></a>__asm___12_nrf_atomic_c_85ca2469__nrf_atomic_internal_cmp_exch</STRONG> (Thumb, 42 bytes, Stack size 0 bytes, nrf_atomic.o(.emb_text), UNUSED)

<P><STRONG><a name="[182]"></a>__asm___12_nrf_atomic_c_85ca2469__nrf_atomic_internal_sub_hs</STRONG> (Thumb, 30 bytes, Stack size 0 bytes, nrf_atomic.o(.emb_text), UNUSED)

<P><STRONG><a name="[0]"></a>Reset_Handler</STRONG> (Thumb, 8 bytes, Stack size 0 bytes, arm_startup_nrf52.o(.text))
<BR>[Address Reference Count : 1]<UL><LI> arm_startup_nrf52.o(RESET)
</UL>
<P><STRONG><a name="[1]"></a>NMI_Handler</STRONG> (Thumb, 2 bytes, Stack size 0 bytes, arm_startup_nrf52.o(.text))
<BR><BR>[Calls]<UL><LI><a href="#[1]">&gt;&gt;</a>&nbsp;&nbsp;&nbsp;NMI_Handler
</UL>
<BR>[Called By]<UL><LI><a href="#[1]">&gt;&gt;</a>&nbsp;&nbsp;&nbsp;NMI_Handler
</UL>
<BR>[Address Reference Count : 1]<UL><LI> arm_startup_nrf52.o(RESET)
</UL>
<P><STRONG><a name="[2]"></a>HardFault_Handler</STRONG> (Thumb, 2 bytes, Stack size 0 bytes, arm_startup_nrf52.o(.text))
<BR><BR>[Calls]<UL><LI><a href="#[2]">&gt;&gt;</a>&nbsp;&nbsp;&nbsp;HardFault_Handler
</UL>
<BR>[Called By]<UL><LI><a href="#[2]">&gt;&gt;</a>&nbsp;&nbsp;&nbsp;HardFault_Handler
</UL>
<BR>[Address Reference Count : 1]<UL><LI> arm_startup_nrf52.o(RESET)
</UL>
<P><STRONG><a name="[3]"></a>MemoryManagement_Handler</STRONG> (Thumb, 2 bytes, Stack size 0 bytes, arm_startup_nrf52.o(.text))
<BR><BR>[Calls]<UL><LI><a href="#[3]">&gt;&gt;</a>&nbsp;&nbsp;&nbsp;MemoryManagement_Handler
</UL>
<BR>[Called By]<UL><LI><a href="#[3]">&gt;&gt;</a>&nbsp;&nbsp;&nbsp;MemoryManagement_Handler
</UL>
<BR>[Address Reference Count : 1]<UL><LI> arm_startup_nrf52.o(RESET)
</UL>
<P><STRONG><a name="[4]"></a>BusFault_Handler</STRONG> (Thumb, 2 bytes, Stack size 0 bytes, arm_startup_nrf52.o(.text))
<BR><BR>[Calls]<UL><LI><a href="#[4]">&gt;&gt;</a>&nbsp;&nbsp;&nbsp;BusFault_Handler
</UL>
<BR>[Called By]<UL><LI><a href="#[4]">&gt;&gt;</a>&nbsp;&nbsp;&nbsp;BusFault_Handler
</UL>
<BR>[Address Reference Count : 1]<UL><LI> arm_startup_nrf52.o(RESET)
</UL>
<P><STRONG><a name="[5]"></a>UsageFault_Handler</STRONG> (Thumb, 2 bytes, Stack size 0 bytes, arm_startup_nrf52.o(.text))
<BR><BR>[Calls]<UL><LI><a href="#[5]">&gt;&gt;</a>&nbsp;&nbsp;&nbsp;UsageFault_Handler
</UL>
<BR>[Called By]<UL><LI><a href="#[5]">&gt;&gt;</a>&nbsp;&nbsp;&nbsp;UsageFault_Handler
</UL>
<BR>[Address Reference Count : 1]<UL><LI> arm_startup_nrf52.o(RESET)
</UL>
<P><STRONG><a name="[6]"></a>SVC_Handler</STRONG> (Thumb, 2 bytes, Stack size 0 bytes, arm_startup_nrf52.o(.text))
<BR><BR>[Calls]<UL><LI><a href="#[6]">&gt;&gt;</a>&nbsp;&nbsp;&nbsp;SVC_Handler
</UL>
<BR>[Called By]<UL><LI><a href="#[6]">&gt;&gt;</a>&nbsp;&nbsp;&nbsp;SVC_Handler
</UL>
<BR>[Address Reference Count : 1]<UL><LI> arm_startup_nrf52.o(RESET)
</UL>
<P><STRONG><a name="[7]"></a>DebugMon_Handler</STRONG> (Thumb, 2 bytes, Stack size 0 bytes, arm_startup_nrf52.o(.text))
<BR><BR>[Calls]<UL><LI><a href="#[7]">&gt;&gt;</a>&nbsp;&nbsp;&nbsp;DebugMon_Handler
</UL>
<BR>[Called By]<UL><LI><a href="#[7]">&gt;&gt;</a>&nbsp;&nbsp;&nbsp;DebugMon_Handler
</UL>
<BR>[Address Reference Count : 1]<UL><LI> arm_startup_nrf52.o(RESET)
</UL>
<P><STRONG><a name="[8]"></a>PendSV_Handler</STRONG> (Thumb, 2 bytes, Stack size 0 bytes, arm_startup_nrf52.o(.text))
<BR><BR>[Calls]<UL><LI><a href="#[8]">&gt;&gt;</a>&nbsp;&nbsp;&nbsp;PendSV_Handler
</UL>
<BR>[Called By]<UL><LI><a href="#[8]">&gt;&gt;</a>&nbsp;&nbsp;&nbsp;PendSV_Handler
</UL>
<BR>[Address Reference Count : 1]<UL><LI> arm_startup_nrf52.o(RESET)
</UL>
<P><STRONG><a name="[9]"></a>SysTick_Handler</STRONG> (Thumb, 2 bytes, Stack size 0 bytes, arm_startup_nrf52.o(.text))
<BR><BR>[Calls]<UL><LI><a href="#[9]">&gt;&gt;</a>&nbsp;&nbsp;&nbsp;SysTick_Handler
</UL>
<BR>[Called By]<UL><LI><a href="#[9]">&gt;&gt;</a>&nbsp;&nbsp;&nbsp;SysTick_Handler
</UL>
<BR>[Address Reference Count : 1]<UL><LI> arm_startup_nrf52.o(RESET)
</UL>
<P><STRONG><a name="[19]"></a>CCM_AAR_IRQHandler</STRONG> (Thumb, 0 bytes, Stack size 0 bytes, arm_startup_nrf52.o(.text))
<BR><BR>[Calls]<UL><LI><a href="#[19]">&gt;&gt;</a>&nbsp;&nbsp;&nbsp;CCM_AAR_IRQHandler
</UL>
<BR>[Called By]<UL><LI><a href="#[19]">&gt;&gt;</a>&nbsp;&nbsp;&nbsp;CCM_AAR_IRQHandler
</UL>
<BR>[Address Reference Count : 1]<UL><LI> arm_startup_nrf52.o(RESET)
</UL>
<P><STRONG><a name="[1d]"></a>COMP_LPCOMP_IRQHandler</STRONG> (Thumb, 0 bytes, Stack size 0 bytes, arm_startup_nrf52.o(.text))
<BR>[Address Reference Count : 1]<UL><LI> arm_startup_nrf52.o(RESET)
</UL>
<P><STRONG><a name="[18]"></a>ECB_IRQHandler</STRONG> (Thumb, 0 bytes, Stack size 0 bytes, arm_startup_nrf52.o(.text))
<BR>[Address Reference Count : 1]<UL><LI> arm_startup_nrf52.o(RESET)
</UL>
<P><STRONG><a name="[2e]"></a>FPU_IRQHandler</STRONG> (Thumb, 0 bytes, Stack size 0 bytes, arm_startup_nrf52.o(.text))
<BR>[Address Reference Count : 1]<UL><LI> arm_startup_nrf52.o(RESET)
</UL>
<P><STRONG><a name="[10]"></a>GPIOTE_IRQHandler</STRONG> (Thumb, 0 bytes, Stack size 0 bytes, arm_startup_nrf52.o(.text))
<BR>[Address Reference Count : 1]<UL><LI> arm_startup_nrf52.o(RESET)
</UL>
<P><STRONG><a name="[2d]"></a>I2S_IRQHandler</STRONG> (Thumb, 0 bytes, Stack size 0 bytes, arm_startup_nrf52.o(.text))
<BR>[Address Reference Count : 1]<UL><LI> arm_startup_nrf52.o(RESET)
</UL>
<P><STRONG><a name="[28]"></a>MWU_IRQHandler</STRONG> (Thumb, 0 bytes, Stack size 0 bytes, arm_startup_nrf52.o(.text))
<BR>[Address Reference Count : 1]<UL><LI> arm_startup_nrf52.o(RESET)
</UL>
<P><STRONG><a name="[f]"></a>NFCT_IRQHandler</STRONG> (Thumb, 0 bytes, Stack size 0 bytes, arm_startup_nrf52.o(.text))
<BR>[Address Reference Count : 1]<UL><LI> arm_startup_nrf52.o(RESET)
</UL>
<P><STRONG><a name="[27]"></a>PDM_IRQHandler</STRONG> (Thumb, 0 bytes, Stack size 0 bytes, arm_startup_nrf52.o(.text))
<BR>[Address Reference Count : 1]<UL><LI> arm_startup_nrf52.o(RESET)
</UL>
<P><STRONG><a name="[a]"></a>POWER_CLOCK_IRQHandler</STRONG> (Thumb, 0 bytes, Stack size 0 bytes, arm_startup_nrf52.o(.text))
<BR>[Address Reference Count : 1]<UL><LI> arm_startup_nrf52.o(RESET)
</UL>
<P><STRONG><a name="[26]"></a>PWM0_IRQHandler</STRONG> (Thumb, 0 bytes, Stack size 0 bytes, arm_startup_nrf52.o(.text))
<BR>[Address Reference Count : 1]<UL><LI> arm_startup_nrf52.o(RESET)
</UL>
<P><STRONG><a name="[29]"></a>PWM1_IRQHandler</STRONG> (Thumb, 0 bytes, Stack size 0 bytes, arm_startup_nrf52.o(.text))
<BR>[Address Reference Count : 1]<UL><LI> arm_startup_nrf52.o(RESET)
</UL>
<P><STRONG><a name="[2a]"></a>PWM2_IRQHandler</STRONG> (Thumb, 0 bytes, Stack size 0 bytes, arm_startup_nrf52.o(.text))
<BR>[Address Reference Count : 1]<UL><LI> arm_startup_nrf52.o(RESET)
</UL>
<P><STRONG><a name="[1c]"></a>QDEC_IRQHandler</STRONG> (Thumb, 0 bytes, Stack size 0 bytes, arm_startup_nrf52.o(.text))
<BR>[Address Reference Count : 1]<UL><LI> arm_startup_nrf52.o(RESET)
</UL>
<P><STRONG><a name="[b]"></a>RADIO_IRQHandler</STRONG> (Thumb, 0 bytes, Stack size 0 bytes, arm_startup_nrf52.o(.text))
<BR>[Address Reference Count : 1]<UL><LI> arm_startup_nrf52.o(RESET)
</UL>
<P><STRONG><a name="[17]"></a>RNG_IRQHandler</STRONG> (Thumb, 0 bytes, Stack size 0 bytes, arm_startup_nrf52.o(.text))
<BR>[Address Reference Count : 1]<UL><LI> arm_startup_nrf52.o(RESET)
</UL>
<P><STRONG><a name="[15]"></a>RTC0_IRQHandler</STRONG> (Thumb, 0 bytes, Stack size 0 bytes, arm_startup_nrf52.o(.text))
<BR>[Address Reference Count : 1]<UL><LI> arm_startup_nrf52.o(RESET)
</UL>
<P><STRONG><a name="[1b]"></a>RTC1_IRQHandler</STRONG> (Thumb, 0 bytes, Stack size 0 bytes, arm_startup_nrf52.o(.text))
<BR>[Address Reference Count : 1]<UL><LI> arm_startup_nrf52.o(RESET)
</UL>
<P><STRONG><a name="[11]"></a>SAADC_IRQHandler</STRONG> (Thumb, 0 bytes, Stack size 0 bytes, arm_startup_nrf52.o(.text))
<BR>[Address Reference Count : 1]<UL><LI> arm_startup_nrf52.o(RESET)
</UL>
<P><STRONG><a name="[d]"></a>SPIM0_SPIS0_TWIM0_TWIS0_SPI0_TWI0_IRQHandler</STRONG> (Thumb, 0 bytes, Stack size 0 bytes, arm_startup_nrf52.o(.text))
<BR>[Address Reference Count : 1]<UL><LI> arm_startup_nrf52.o(RESET)
</UL>
<P><STRONG><a name="[e]"></a>SPIM1_SPIS1_TWIM1_TWIS1_SPI1_TWI1_IRQHandler</STRONG> (Thumb, 0 bytes, Stack size 0 bytes, arm_startup_nrf52.o(.text))
<BR>[Address Reference Count : 1]<UL><LI> arm_startup_nrf52.o(RESET)
</UL>
<P><STRONG><a name="[2b]"></a>SPIM2_SPIS2_SPI2_IRQHandler</STRONG> (Thumb, 0 bytes, Stack size 0 bytes, arm_startup_nrf52.o(.text))
<BR>[Address Reference Count : 1]<UL><LI> arm_startup_nrf52.o(RESET)
</UL>
<P><STRONG><a name="[1e]"></a>SWI0_EGU0_IRQHandler</STRONG> (Thumb, 0 bytes, Stack size 0 bytes, arm_startup_nrf52.o(.text))
<BR>[Address Reference Count : 1]<UL><LI> arm_startup_nrf52.o(RESET)
</UL>
<P><STRONG><a name="[1f]"></a>SWI1_EGU1_IRQHandler</STRONG> (Thumb, 0 bytes, Stack size 0 bytes, arm_startup_nrf52.o(.text))
<BR>[Address Reference Count : 1]<UL><LI> arm_startup_nrf52.o(RESET)
</UL>
<P><STRONG><a name="[20]"></a>SWI2_EGU2_IRQHandler</STRONG> (Thumb, 0 bytes, Stack size 0 bytes, arm_startup_nrf52.o(.text))
<BR>[Address Reference Count : 1]<UL><LI> arm_startup_nrf52.o(RESET)
</UL>
<P><STRONG><a name="[21]"></a>SWI3_EGU3_IRQHandler</STRONG> (Thumb, 0 bytes, Stack size 0 bytes, arm_startup_nrf52.o(.text))
<BR>[Address Reference Count : 1]<UL><LI> arm_startup_nrf52.o(RESET)
</UL>
<P><STRONG><a name="[22]"></a>SWI4_EGU4_IRQHandler</STRONG> (Thumb, 0 bytes, Stack size 0 bytes, arm_startup_nrf52.o(.text))
<BR>[Address Reference Count : 1]<UL><LI> arm_startup_nrf52.o(RESET)
</UL>
<P><STRONG><a name="[23]"></a>SWI5_EGU5_IRQHandler</STRONG> (Thumb, 0 bytes, Stack size 0 bytes, arm_startup_nrf52.o(.text))
<BR>[Address Reference Count : 1]<UL><LI> arm_startup_nrf52.o(RESET)
</UL>
<P><STRONG><a name="[16]"></a>TEMP_IRQHandler</STRONG> (Thumb, 0 bytes, Stack size 0 bytes, arm_startup_nrf52.o(.text))
<BR>[Address Reference Count : 1]<UL><LI> arm_startup_nrf52.o(RESET)
</UL>
<P><STRONG><a name="[12]"></a>TIMER0_IRQHandler</STRONG> (Thumb, 0 bytes, Stack size 0 bytes, arm_startup_nrf52.o(.text))
<BR>[Address Reference Count : 1]<UL><LI> arm_startup_nrf52.o(RESET)
</UL>
<P><STRONG><a name="[13]"></a>TIMER1_IRQHandler</STRONG> (Thumb, 0 bytes, Stack size 0 bytes, arm_startup_nrf52.o(.text))
<BR>[Address Reference Count : 1]<UL><LI> arm_startup_nrf52.o(RESET)
</UL>
<P><STRONG><a name="[14]"></a>TIMER2_IRQHandler</STRONG> (Thumb, 0 bytes, Stack size 0 bytes, arm_startup_nrf52.o(.text))
<BR>[Address Reference Count : 1]<UL><LI> arm_startup_nrf52.o(RESET)
</UL>
<P><STRONG><a name="[24]"></a>TIMER3_IRQHandler</STRONG> (Thumb, 0 bytes, Stack size 0 bytes, arm_startup_nrf52.o(.text))
<BR>[Address Reference Count : 1]<UL><LI> arm_startup_nrf52.o(RESET)
</UL>
<P><STRONG><a name="[25]"></a>TIMER4_IRQHandler</STRONG> (Thumb, 0 bytes, Stack size 0 bytes, arm_startup_nrf52.o(.text))
<BR>[Address Reference Count : 1]<UL><LI> arm_startup_nrf52.o(RESET)
</UL>
<P><STRONG><a name="[16f]"></a>__aeabi_llsl</STRONG> (Thumb, 30 bytes, Stack size 0 bytes, llshl.o(.text))
<BR><BR>[Called By]<UL><LI><a href="#[16a]">&gt;&gt;</a>&nbsp;&nbsp;&nbsp;pb_decode_varint
</UL>

<P><STRONG><a name="[183]"></a>_ll_shift_l</STRONG> (Thumb, 0 bytes, Stack size 0 bytes, llshl.o(.text), UNUSED)

<P><STRONG><a name="[14c]"></a>__rt_ctype_table</STRONG> (Thumb, 4 bytes, Stack size 0 bytes, ctype_o.o(.text))
<BR><BR>[Called By]<UL><LI><a href="#[144]">&gt;&gt;</a>&nbsp;&nbsp;&nbsp;nrf_log_hexdump_entry_process
</UL>

<P><STRONG><a name="[8c]"></a>__aeabi_memcpy</STRONG> (Thumb, 36 bytes, Stack size 0 bytes, memcpya.o(.text))
<BR><BR>[Called By]<UL><LI><a href="#[f6]">&gt;&gt;</a>&nbsp;&nbsp;&nbsp;nrf_dfu_settings_init
<LI><a href="#[12c]">&gt;&gt;</a>&nbsp;&nbsp;&nbsp;signature_check
<LI><a href="#[129]">&gt;&gt;</a>&nbsp;&nbsp;&nbsp;settings_write
<LI><a href="#[112]">&gt;&gt;</a>&nbsp;&nbsp;&nbsp;nrf_dfu_validation_init_cmd_append
<LI><a href="#[96]">&gt;&gt;</a>&nbsp;&nbsp;&nbsp;app_sched_event_put
<LI><a href="#[dd]">&gt;&gt;</a>&nbsp;&nbsp;&nbsp;memobj_op
<LI><a href="#[4c]">&gt;&gt;</a>&nbsp;&nbsp;&nbsp;read
<LI><a href="#[87]">&gt;&gt;</a>&nbsp;&nbsp;&nbsp;_WriteNoCheck
<LI><a href="#[88]">&gt;&gt;</a>&nbsp;&nbsp;&nbsp;_WriteBlocking
<LI><a href="#[170]">&gt;&gt;</a>&nbsp;&nbsp;&nbsp;pb_field_set_to_default
</UL>

<P><STRONG><a name="[ee]"></a>__aeabi_memcpy4</STRONG> (Thumb, 0 bytes, Stack size 0 bytes, memcpya.o(.text))
<BR><BR>[Called By]<UL><LI><a href="#[ed]">&gt;&gt;</a>&nbsp;&nbsp;&nbsp;nrf_bootloader_app_start_final
<LI><a href="#[134]">&gt;&gt;</a>&nbsp;&nbsp;&nbsp;nrf_drv_uart_init
<LI><a href="#[125]">&gt;&gt;</a>&nbsp;&nbsp;&nbsp;nrf_dfu_serial_on_packet_received
<LI><a href="#[61]">&gt;&gt;</a>&nbsp;&nbsp;&nbsp;uart_dfu_transport_init
<LI><a href="#[3e]">&gt;&gt;</a>&nbsp;&nbsp;&nbsp;on_data_obj_execute_request_sched
<LI><a href="#[123]">&gt;&gt;</a>&nbsp;&nbsp;&nbsp;nrf_dfu_req_handler_req_process
</UL>

<P><STRONG><a name="[184]"></a>__aeabi_memcpy8</STRONG> (Thumb, 0 bytes, Stack size 0 bytes, memcpya.o(.text), UNUSED)

<P><STRONG><a name="[67]"></a>__aeabi_memset</STRONG> (Thumb, 14 bytes, Stack size 0 bytes, memseta.o(.text))
<BR><BR>[Called By]<UL><LI><a href="#[130]">&gt;&gt;</a>&nbsp;&nbsp;&nbsp;nrf_dfu_validation_post_data_execute
<LI><a href="#[68]">&gt;&gt;</a>&nbsp;&nbsp;&nbsp;memset
<LI><a href="#[66]">&gt;&gt;</a>&nbsp;&nbsp;&nbsp;__aeabi_memclr
</UL>

<P><STRONG><a name="[185]"></a>__aeabi_memset4</STRONG> (Thumb, 0 bytes, Stack size 0 bytes, memseta.o(.text), UNUSED)

<P><STRONG><a name="[186]"></a>__aeabi_memset8</STRONG> (Thumb, 0 bytes, Stack size 0 bytes, memseta.o(.text), UNUSED)

<P><STRONG><a name="[66]"></a>__aeabi_memclr</STRONG> (Thumb, 4 bytes, Stack size 0 bytes, memseta.o(.text))
<BR><BR>[Calls]<UL><LI><a href="#[67]">&gt;&gt;</a>&nbsp;&nbsp;&nbsp;__aeabi_memset
</UL>
<BR>[Called By]<UL><LI><a href="#[170]">&gt;&gt;</a>&nbsp;&nbsp;&nbsp;pb_field_set_to_default
<LI><a href="#[b8]">&gt;&gt;</a>&nbsp;&nbsp;&nbsp;decode_static_field
</UL>

<P><STRONG><a name="[c3]"></a>__aeabi_memclr4</STRONG> (Thumb, 0 bytes, Stack size 0 bytes, memseta.o(.text))
<BR><BR>[Called By]<UL><LI><a href="#[f6]">&gt;&gt;</a>&nbsp;&nbsp;&nbsp;nrf_dfu_settings_init
<LI><a href="#[153]">&gt;&gt;</a>&nbsp;&nbsp;&nbsp;sha256_final
<LI><a href="#[130]">&gt;&gt;</a>&nbsp;&nbsp;&nbsp;nrf_dfu_validation_post_data_execute
<LI><a href="#[111]">&gt;&gt;</a>&nbsp;&nbsp;&nbsp;nrf_dfu_validation_init_cmd_create
<LI><a href="#[c2]">&gt;&gt;</a>&nbsp;&nbsp;&nbsp;event_send
<LI><a href="#[140]">&gt;&gt;</a>&nbsp;&nbsp;&nbsp;nrf_log_backend_serial_put
</UL>

<P><STRONG><a name="[187]"></a>__aeabi_memclr8</STRONG> (Thumb, 0 bytes, Stack size 0 bytes, memseta.o(.text), UNUSED)

<P><STRONG><a name="[68]"></a>memset</STRONG> (Thumb, 18 bytes, Stack size 8 bytes, memseta.o(.text))
<BR><BR>[Stack]<UL><LI>Max Depth = 8<LI>Call Chain = memset
</UL>
<BR>[Calls]<UL><LI><a href="#[67]">&gt;&gt;</a>&nbsp;&nbsp;&nbsp;__aeabi_memset
</UL>
<BR>[Called By]<UL><LI><a href="#[5f]">&gt;&gt;</a>&nbsp;&nbsp;&nbsp;x_side_default
</UL>

<P><STRONG><a name="[13a]"></a>strlen</STRONG> (Thumb, 14 bytes, Stack size 0 bytes, strlen.o(.text))
<BR><BR>[Called By]<UL><LI><a href="#[139]">&gt;&gt;</a>&nbsp;&nbsp;&nbsp;nrf_fprintf_fmt
</UL>

<P><STRONG><a name="[a0]"></a>memcmp</STRONG> (Thumb, 26 bytes, Stack size 12 bytes, memcmp.o(.text))
<BR><BR>[Stack]<UL><LI>Max Depth = 12<LI>Call Chain = memcmp
</UL>
<BR>[Called By]<UL><LI><a href="#[9e]">&gt;&gt;</a>&nbsp;&nbsp;&nbsp;bl_activate
<LI><a href="#[c6]">&gt;&gt;</a>&nbsp;&nbsp;&nbsp;fw_hash_ok
<LI><a href="#[129]">&gt;&gt;</a>&nbsp;&nbsp;&nbsp;settings_write
<LI><a href="#[127]">&gt;&gt;</a>&nbsp;&nbsp;&nbsp;settings_region_compare_to_backup
</UL>

<P><STRONG><a name="[8b]"></a>strcpy</STRONG> (Thumb, 18 bytes, Stack size 0 bytes, strcpy.o(.text))
<BR><BR>[Called By]<UL><LI><a href="#[84]">&gt;&gt;</a>&nbsp;&nbsp;&nbsp;_DoInit
</UL>

<P><STRONG><a name="[65]"></a>__scatterload</STRONG> (Thumb, 28 bytes, Stack size 0 bytes, init.o(.text))
<BR><BR>[Calls]<UL><LI><a href="#[69]">&gt;&gt;</a>&nbsp;&nbsp;&nbsp;__main_after_scatterload
</UL>
<BR>[Called By]<UL><LI><a href="#[64]">&gt;&gt;</a>&nbsp;&nbsp;&nbsp;_main_scatterload
</UL>

<P><STRONG><a name="[188]"></a>__scatterload_rt2</STRONG> (Thumb, 0 bytes, Stack size 0 bytes, init.o(.text), UNUSED)

<P><STRONG><a name="[48]"></a>uECC_secp256r1</STRONG> (Thumb, 8 bytes, Stack size 0 bytes, uECC.c.o(.text.uECC_secp256r1))
<BR>[Address Reference Count : 1]<UL><LI> micro_ecc_backend_ecc.o(.constdata)
</UL>
<P><STRONG><a name="[79]"></a>uECC_verify</STRONG> (Thumb, 718 bytes, Stack size 1888 bytes, uECC.c.o(.text.uECC_verify))
<BR><BR>[Stack]<UL><LI>Max Depth = 3024<LI>Call Chain = uECC_verify &rArr; uECC_vli_modMult &rArr; uECC_vli_mult
</UL>
<BR>[Calls]<UL><LI><a href="#[7a]">&gt;&gt;</a>&nbsp;&nbsp;&nbsp;uECC_vli_modInv
<LI><a href="#[70]">&gt;&gt;</a>&nbsp;&nbsp;&nbsp;bits2int
<LI><a href="#[6a]">&gt;&gt;</a>&nbsp;&nbsp;&nbsp;XYcZ_add
<LI><a href="#[6f]">&gt;&gt;</a>&nbsp;&nbsp;&nbsp;apply_z
<LI><a href="#[6d]">&gt;&gt;</a>&nbsp;&nbsp;&nbsp;uECC_vli_modMult_fast
<LI><a href="#[7b]">&gt;&gt;</a>&nbsp;&nbsp;&nbsp;uECC_vli_modMult
<LI><a href="#[6b]">&gt;&gt;</a>&nbsp;&nbsp;&nbsp;uECC_vli_modSub
<LI><a href="#[73]">&gt;&gt;</a>&nbsp;&nbsp;&nbsp;uECC_vli_cmp_unsafe
<LI><a href="#[6e]">&gt;&gt;</a>&nbsp;&nbsp;&nbsp;uECC_vli_set
<LI><a href="#[7c]">&gt;&gt;</a>&nbsp;&nbsp;&nbsp;uECC_vli_numBits
<LI><a href="#[7d]">&gt;&gt;</a>&nbsp;&nbsp;&nbsp;uECC_vli_testBit
<LI><a href="#[75]">&gt;&gt;</a>&nbsp;&nbsp;&nbsp;uECC_vli_isZero
<LI><a href="#[71]">&gt;&gt;</a>&nbsp;&nbsp;&nbsp;uECC_vli_clear
<LI><a href="#[74]">&gt;&gt;</a>&nbsp;&nbsp;&nbsp;uECC_vli_sub
<LI><a href="#[72]">&gt;&gt;</a>&nbsp;&nbsp;&nbsp;bcopy
</UL>
<BR>[Called By]<UL><LI><a href="#[101]">&gt;&gt;</a>&nbsp;&nbsp;&nbsp;nrf_crypto_backend_micro_ecc_verify
</UL>

<P><STRONG><a name="[2c]"></a>RTC2_IRQHandler</STRONG> (Thumb, 106 bytes, Stack size 24 bytes, nrf_bootloader_dfu_timers.o(i.RTC2_IRQHandler))
<BR><BR>[Stack]<UL><LI>Max Depth = 48<LI>Call Chain = RTC2_IRQHandler &rArr; timer_activate &rArr; nrf_rtc_event_clear
</UL>
<BR>[Calls]<UL><LI><a href="#[81]">&gt;&gt;</a>&nbsp;&nbsp;&nbsp;timer_stop
<LI><a href="#[82]">&gt;&gt;</a>&nbsp;&nbsp;&nbsp;timer_activate
<LI><a href="#[80]">&gt;&gt;</a>&nbsp;&nbsp;&nbsp;nrf_rtc_event_clear
</UL>
<BR>[Address Reference Count : 1]<UL><LI> arm_startup_nrf52.o(RESET)
</UL>
<P><STRONG><a name="[83]"></a>SEGGER_RTT_Init</STRONG> (Thumb, 4 bytes, Stack size 0 bytes, segger_rtt.o(i.SEGGER_RTT_Init))
<BR><BR>[Stack]<UL><LI>Max Depth = 8<LI>Call Chain = SEGGER_RTT_Init &rArr; _DoInit
</UL>
<BR>[Calls]<UL><LI><a href="#[84]">&gt;&gt;</a>&nbsp;&nbsp;&nbsp;_DoInit
</UL>
<BR>[Called By]<UL><LI><a href="#[13f]">&gt;&gt;</a>&nbsp;&nbsp;&nbsp;nrf_log_backend_rtt_init
</UL>

<P><STRONG><a name="[85]"></a>SEGGER_RTT_WriteNoLock</STRONG> (Thumb, 86 bytes, Stack size 16 bytes, segger_rtt.o(i.SEGGER_RTT_WriteNoLock))
<BR><BR>[Stack]<UL><LI>Max Depth = 48<LI>Call Chain = SEGGER_RTT_WriteNoLock &rArr; _WriteBlocking
</UL>
<BR>[Calls]<UL><LI><a href="#[87]">&gt;&gt;</a>&nbsp;&nbsp;&nbsp;_WriteNoCheck
<LI><a href="#[88]">&gt;&gt;</a>&nbsp;&nbsp;&nbsp;_WriteBlocking
<LI><a href="#[86]">&gt;&gt;</a>&nbsp;&nbsp;&nbsp;_GetAvailWriteSpace
</UL>
<BR>[Called By]<UL><LI><a href="#[3d]">&gt;&gt;</a>&nbsp;&nbsp;&nbsp;serial_tx
</UL>

<P><STRONG><a name="[30]"></a>SystemInit</STRONG> (Thumb, 726 bytes, Stack size 20 bytes, system_nrf52.o(i.SystemInit))
<BR><BR>[Stack]<UL><LI>Max Depth = 20<LI>Call Chain = SystemInit
</UL>
<BR>[Address Reference Count : 1]<UL><LI> arm_startup_nrf52.o(.text)
</UL>
<P><STRONG><a name="[c]"></a>UARTE0_UART0_IRQHandler</STRONG> (Thumb, 6 bytes, Stack size 0 bytes, nrfx_prs.o(i.UARTE0_UART0_IRQHandler))
<BR>[Address Reference Count : 1]<UL><LI> arm_startup_nrf52.o(RESET)
</UL>
<P><STRONG><a name="[1a]"></a>WDT_IRQHandler</STRONG> (Thumb, 26 bytes, Stack size 8 bytes, nrf_bootloader_wdt.o(i.WDT_IRQHandler))
<BR><BR>[Stack]<UL><LI>Max Depth = 208<LI>Call Chain = WDT_IRQHandler &rArr; nrf_log_frontend_dequeue &rArr; nrf_log_frontend_std_0 &rArr; std_n &rArr;  nrf_log_frontend_dequeue (Cycle)
</UL>
<BR>[Calls]<UL><LI><a href="#[89]">&gt;&gt;</a>&nbsp;&nbsp;&nbsp;nrf_log_panic
<LI><a href="#[8a]">&gt;&gt;</a>&nbsp;&nbsp;&nbsp;nrf_log_frontend_dequeue
</UL>
<BR>[Address Reference Count : 1]<UL><LI> arm_startup_nrf52.o(RESET)
</UL>
<P><STRONG><a name="[189]"></a>__scatterload_copy</STRONG> (Thumb, 14 bytes, Stack size unknown bytes, handlers.o(i.__scatterload_copy), UNUSED)

<P><STRONG><a name="[18a]"></a>__scatterload_null</STRONG> (Thumb, 2 bytes, Stack size unknown bytes, handlers.o(i.__scatterload_null), UNUSED)

<P><STRONG><a name="[18b]"></a>__scatterload_zeroinit</STRONG> (Thumb, 14 bytes, Stack size unknown bytes, handlers.o(i.__scatterload_zeroinit), UNUSED)

<P><STRONG><a name="[93]"></a>app_error_handler_bare</STRONG> (Thumb, 26 bytes, Stack size 0 bytes, main.o(i.app_error_handler_bare))
<BR><BR>[Stack]<UL><LI>Max Depth = 200<LI>Call Chain = app_error_handler_bare &rArr; on_error &rArr; nrf_log_frontend_dequeue &rArr; nrf_log_frontend_std_0 &rArr; std_n &rArr;  nrf_log_frontend_dequeue (Cycle)
</UL>
<BR>[Calls]<UL><LI><a href="#[94]">&gt;&gt;</a>&nbsp;&nbsp;&nbsp;nrf_log_frontend_std_1
<LI><a href="#[95]">&gt;&gt;</a>&nbsp;&nbsp;&nbsp;on_error
</UL>
<BR>[Called By]<UL><LI><a href="#[db]">&gt;&gt;</a>&nbsp;&nbsp;&nbsp;nrf_bootloader_init
<LI><a href="#[2f]">&gt;&gt;</a>&nbsp;&nbsp;&nbsp;main
<LI><a href="#[44]">&gt;&gt;</a>&nbsp;&nbsp;&nbsp;uart_event_handler
</UL>

<P><STRONG><a name="[96]"></a>app_sched_event_put</STRONG> (Thumb, 150 bytes, Stack size 32 bytes, app_scheduler.o(i.app_sched_event_put))
<BR><BR>[Stack]<UL><LI>Max Depth = 32<LI>Call Chain = app_sched_event_put
</UL>
<BR>[Calls]<UL><LI><a href="#[98]">&gt;&gt;</a>&nbsp;&nbsp;&nbsp;app_util_critical_region_exit
<LI><a href="#[97]">&gt;&gt;</a>&nbsp;&nbsp;&nbsp;app_util_critical_region_enter
<LI><a href="#[8c]">&gt;&gt;</a>&nbsp;&nbsp;&nbsp;__aeabi_memcpy
</UL>
<BR>[Called By]<UL><LI><a href="#[122]">&gt;&gt;</a>&nbsp;&nbsp;&nbsp;nrf_dfu_req_handler_on_req
<LI><a href="#[3e]">&gt;&gt;</a>&nbsp;&nbsp;&nbsp;on_data_obj_execute_request_sched
</UL>

<P><STRONG><a name="[fb]"></a>app_sched_execute</STRONG> (Thumb, 58 bytes, Stack size 8 bytes, app_scheduler.o(i.app_sched_execute))
<BR><BR>[Stack]<UL><LI>Max Depth = 8<LI>Call Chain = app_sched_execute
</UL>
<BR>[Called By]<UL><LI><a href="#[db]">&gt;&gt;</a>&nbsp;&nbsp;&nbsp;nrf_bootloader_init
</UL>

<P><STRONG><a name="[f8]"></a>app_sched_init</STRONG> (Thumb, 40 bytes, Stack size 12 bytes, app_scheduler.o(i.app_sched_init))
<BR><BR>[Stack]<UL><LI>Max Depth = 12<LI>Call Chain = app_sched_init
</UL>
<BR>[Called By]<UL><LI><a href="#[db]">&gt;&gt;</a>&nbsp;&nbsp;&nbsp;nrf_bootloader_init
</UL>

<P><STRONG><a name="[97]"></a>app_util_critical_region_enter</STRONG> (Thumb, 4 bytes, Stack size 0 bytes, app_util_platform.o(i.app_util_critical_region_enter))
<BR><BR>[Calls]<UL><LI><a href="#[99]">&gt;&gt;</a>&nbsp;&nbsp;&nbsp;app_util_disable_irq
</UL>
<BR>[Called By]<UL><LI><a href="#[8a]">&gt;&gt;</a>&nbsp;&nbsp;&nbsp;nrf_log_frontend_dequeue
<LI><a href="#[eb]">&gt;&gt;</a>&nbsp;&nbsp;&nbsp;nrf_balloc_free
<LI><a href="#[ea]">&gt;&gt;</a>&nbsp;&nbsp;&nbsp;nrf_balloc_alloc
<LI><a href="#[96]">&gt;&gt;</a>&nbsp;&nbsp;&nbsp;app_sched_event_put
<LI><a href="#[156]">&gt;&gt;</a>&nbsp;&nbsp;&nbsp;nrfx_prs_acquire
<LI><a href="#[ab]">&gt;&gt;</a>&nbsp;&nbsp;&nbsp;buf_prealloc
</UL>

<P><STRONG><a name="[98]"></a>app_util_critical_region_exit</STRONG> (Thumb, 4 bytes, Stack size 0 bytes, app_util_platform.o(i.app_util_critical_region_exit))
<BR><BR>[Calls]<UL><LI><a href="#[9a]">&gt;&gt;</a>&nbsp;&nbsp;&nbsp;app_util_enable_irq
</UL>
<BR>[Called By]<UL><LI><a href="#[8a]">&gt;&gt;</a>&nbsp;&nbsp;&nbsp;nrf_log_frontend_dequeue
<LI><a href="#[eb]">&gt;&gt;</a>&nbsp;&nbsp;&nbsp;nrf_balloc_free
<LI><a href="#[ea]">&gt;&gt;</a>&nbsp;&nbsp;&nbsp;nrf_balloc_alloc
<LI><a href="#[96]">&gt;&gt;</a>&nbsp;&nbsp;&nbsp;app_sched_event_put
<LI><a href="#[156]">&gt;&gt;</a>&nbsp;&nbsp;&nbsp;nrfx_prs_acquire
<LI><a href="#[ab]">&gt;&gt;</a>&nbsp;&nbsp;&nbsp;buf_prealloc
</UL>

<P><STRONG><a name="[99]"></a>app_util_disable_irq</STRONG> (Thumb, 12 bytes, Stack size 0 bytes, app_util_platform.o(i.app_util_disable_irq))
<BR><BR>[Called By]<UL><LI><a href="#[97]">&gt;&gt;</a>&nbsp;&nbsp;&nbsp;app_util_critical_region_enter
</UL>

<P><STRONG><a name="[9a]"></a>app_util_enable_irq</STRONG> (Thumb, 14 bytes, Stack size 0 bytes, app_util_platform.o(i.app_util_enable_irq))
<BR><BR>[Called By]<UL><LI><a href="#[98]">&gt;&gt;</a>&nbsp;&nbsp;&nbsp;app_util_critical_region_exit
</UL>

<P><STRONG><a name="[a5]"></a>bsp_board_init</STRONG> (Thumb, 80 bytes, Stack size 32 bytes, boards.o(i.bsp_board_init))
<BR><BR>[Stack]<UL><LI>Max Depth = 48<LI>Call Chain = bsp_board_init &rArr; nrf_gpio_cfg
</UL>
<BR>[Calls]<UL><LI><a href="#[a7]">&gt;&gt;</a>&nbsp;&nbsp;&nbsp;bsp_board_leds_off
<LI><a href="#[a6]">&gt;&gt;</a>&nbsp;&nbsp;&nbsp;nrf_gpio_cfg
</UL>
<BR>[Called By]<UL><LI><a href="#[35]">&gt;&gt;</a>&nbsp;&nbsp;&nbsp;dfu_observer
</UL>

<P><STRONG><a name="[a8]"></a>bsp_board_led_off</STRONG> (Thumb, 10 bytes, Stack size 0 bytes, boards.o(i.bsp_board_led_off))
<BR><BR>[Calls]<UL><LI><a href="#[a9]">&gt;&gt;</a>&nbsp;&nbsp;&nbsp;nrf_gpio_pin_write
</UL>
<BR>[Called By]<UL><LI><a href="#[a7]">&gt;&gt;</a>&nbsp;&nbsp;&nbsp;bsp_board_leds_off
<LI><a href="#[35]">&gt;&gt;</a>&nbsp;&nbsp;&nbsp;dfu_observer
</UL>

<P><STRONG><a name="[aa]"></a>bsp_board_led_on</STRONG> (Thumb, 10 bytes, Stack size 0 bytes, boards.o(i.bsp_board_led_on))
<BR><BR>[Calls]<UL><LI><a href="#[a9]">&gt;&gt;</a>&nbsp;&nbsp;&nbsp;nrf_gpio_pin_write
</UL>
<BR>[Called By]<UL><LI><a href="#[35]">&gt;&gt;</a>&nbsp;&nbsp;&nbsp;dfu_observer
</UL>

<P><STRONG><a name="[a7]"></a>bsp_board_leds_off</STRONG> (Thumb, 18 bytes, Stack size 8 bytes, boards.o(i.bsp_board_leds_off))
<BR><BR>[Stack]<UL><LI>Max Depth = 8<LI>Call Chain = bsp_board_leds_off
</UL>
<BR>[Calls]<UL><LI><a href="#[a8]">&gt;&gt;</a>&nbsp;&nbsp;&nbsp;bsp_board_led_off
</UL>
<BR>[Called By]<UL><LI><a href="#[a5]">&gt;&gt;</a>&nbsp;&nbsp;&nbsp;bsp_board_init
</UL>

<P><STRONG><a name="[147]"></a>buffer_is_empty</STRONG> (Thumb, 16 bytes, Stack size 0 bytes, nrf_log_frontend.o(i.buffer_is_empty))
<BR><BR>[Called By]<UL><LI><a href="#[8a]">&gt;&gt;</a>&nbsp;&nbsp;&nbsp;nrf_log_frontend_dequeue
</UL>

<P><STRONG><a name="[91]"></a>crc32_compute</STRONG> (Thumb, 54 bytes, Stack size 20 bytes, crc32.o(i.crc32_compute))
<BR><BR>[Stack]<UL><LI>Max Depth = 20<LI>Call Chain = crc32_compute
</UL>
<BR>[Called By]<UL><LI><a href="#[8d]">&gt;&gt;</a>&nbsp;&nbsp;&nbsp;app_activate
<LI><a href="#[f5]">&gt;&gt;</a>&nbsp;&nbsp;&nbsp;nrf_dfu_app_is_valid
<LI><a href="#[b1]">&gt;&gt;</a>&nbsp;&nbsp;&nbsp;settings_crc_get
<LI><a href="#[112]">&gt;&gt;</a>&nbsp;&nbsp;&nbsp;nrf_dfu_validation_init_cmd_append
<LI><a href="#[117]">&gt;&gt;</a>&nbsp;&nbsp;&nbsp;on_data_obj_write_request
</UL>

<P><STRONG><a name="[63]"></a>dfu_fstorage_evt_handler</STRONG> (Thumb, 22 bytes, Stack size 0 bytes, nrf_dfu_flash.o(i.dfu_fstorage_evt_handler))
<BR>[Address Reference Count : 1]<UL><LI> nrf_dfu_flash.o(fs_data)
</UL>
<P><STRONG><a name="[55]"></a>dfu_req_handler_rsp_clbk</STRONG> (Thumb, 76 bytes, Stack size 16 bytes, nrf_dfu_serial.o(i.dfu_req_handler_rsp_clbk))
<BR><BR>[Stack]<UL><LI>Max Depth = 160<LI>Call Chain = dfu_req_handler_rsp_clbk &rArr; response_send &rArr; nrf_log_frontend_std_0 &rArr; std_n &rArr;  nrf_log_frontend_dequeue (Cycle)
</UL>
<BR>[Calls]<UL><LI><a href="#[94]">&gt;&gt;</a>&nbsp;&nbsp;&nbsp;nrf_log_frontend_std_1
<LI><a href="#[bc]">&gt;&gt;</a>&nbsp;&nbsp;&nbsp;response_send
</UL>
<BR>[Address Reference Count : 1]<UL><LI> nrf_dfu_serial.o(.constdata)
</UL>
<P><STRONG><a name="[173]"></a>ext_error_get</STRONG> (Thumb, 10 bytes, Stack size 0 bytes, nrf_dfu_handling_error.o(i.ext_error_get))
<BR><BR>[Called By]<UL><LI><a href="#[bc]">&gt;&gt;</a>&nbsp;&nbsp;&nbsp;response_send
</UL>

<P><STRONG><a name="[c5]"></a>ext_error_set</STRONG> (Thumb, 8 bytes, Stack size 0 bytes, nrf_dfu_handling_error.o(i.ext_error_set))
<BR><BR>[Called By]<UL><LI><a href="#[c4]">&gt;&gt;</a>&nbsp;&nbsp;&nbsp;ext_err_code_handle
<LI><a href="#[11e]">&gt;&gt;</a>&nbsp;&nbsp;&nbsp;nrf_dfu_req_handler_init
<LI><a href="#[bc]">&gt;&gt;</a>&nbsp;&nbsp;&nbsp;response_send
</UL>

<P><STRONG><a name="[2f]"></a>main</STRONG> (Thumb, 100 bytes, Stack size 8 bytes, main.o(i.main))
<BR><BR>[Stack]<UL><LI>Max Depth = 3312<LI>Call Chain = main &rArr; nrf_bootloader_init &rArr; nrf_dfu_init &rArr; nrf_dfu_req_handler_init &rArr; nrf_dfu_validation_init_cmd_execute &rArr; signature_check &rArr; nrf_crypto_ecdsa_verify &rArr; nrf_crypto_backend_micro_ecc_verify &rArr; uECC_verify &rArr; uECC_vli_modMult &rArr; uECC_vli_mult
</UL>
<BR>[Calls]<UL><LI><a href="#[d9]">&gt;&gt;</a>&nbsp;&nbsp;&nbsp;nrf_log_init
<LI><a href="#[90]">&gt;&gt;</a>&nbsp;&nbsp;&nbsp;nrf_log_frontend_std_0
<LI><a href="#[da]">&gt;&gt;</a>&nbsp;&nbsp;&nbsp;nrf_log_default_backends_init
<LI><a href="#[db]">&gt;&gt;</a>&nbsp;&nbsp;&nbsp;nrf_bootloader_init
<LI><a href="#[d8]">&gt;&gt;</a>&nbsp;&nbsp;&nbsp;nrf_bootloader_flash_protect
<LI><a href="#[dc]">&gt;&gt;</a>&nbsp;&nbsp;&nbsp;nrf_bootloader_app_start
<LI><a href="#[93]">&gt;&gt;</a>&nbsp;&nbsp;&nbsp;app_error_handler_bare
</UL>
<BR>[Address Reference Count : 1]<UL><LI> entry9a.o(.ARM.Collect$$$$0000000B)
</UL>
<P><STRONG><a name="[c1]"></a>nrf_atomic_flag_clear</STRONG> (Thumb, 6 bytes, Stack size 0 bytes, nrf_atomic.o(i.nrf_atomic_flag_clear))
<BR><BR>[Stack]<UL><LI>Max Depth = 8<LI>Call Chain = nrf_atomic_flag_clear &rArr; nrf_atomic_u32_and
</UL>
<BR>[Calls]<UL><LI><a href="#[e0]">&gt;&gt;</a>&nbsp;&nbsp;&nbsp;nrf_atomic_u32_and
</UL>
<BR>[Called By]<UL><LI><a href="#[4d]">&gt;&gt;</a>&nbsp;&nbsp;&nbsp;write
<LI><a href="#[4b]">&gt;&gt;</a>&nbsp;&nbsp;&nbsp;uninit
<LI><a href="#[4e]">&gt;&gt;</a>&nbsp;&nbsp;&nbsp;erase
</UL>

<P><STRONG><a name="[d7]"></a>nrf_atomic_flag_clear_fetch</STRONG> (Thumb, 6 bytes, Stack size 0 bytes, nrf_atomic.o(i.nrf_atomic_flag_clear_fetch))
<BR><BR>[Stack]<UL><LI>Max Depth = 8<LI>Call Chain = nrf_atomic_flag_clear_fetch &rArr; nrf_atomic_u32_fetch_and
</UL>
<BR>[Calls]<UL><LI><a href="#[e1]">&gt;&gt;</a>&nbsp;&nbsp;&nbsp;nrf_atomic_u32_fetch_and
</UL>
<BR>[Called By]<UL><LI><a href="#[ad]">&gt;&gt;</a>&nbsp;&nbsp;&nbsp;log_skip
</UL>

<P><STRONG><a name="[d5]"></a>nrf_atomic_flag_set</STRONG> (Thumb, 6 bytes, Stack size 0 bytes, nrf_atomic.o(i.nrf_atomic_flag_set))
<BR><BR>[Stack]<UL><LI>Max Depth = 8<LI>Call Chain = nrf_atomic_flag_set &rArr; nrf_atomic_u32_or
</UL>
<BR>[Calls]<UL><LI><a href="#[e2]">&gt;&gt;</a>&nbsp;&nbsp;&nbsp;nrf_atomic_u32_or
</UL>
<BR>[Called By]<UL><LI><a href="#[ad]">&gt;&gt;</a>&nbsp;&nbsp;&nbsp;log_skip
</UL>

<P><STRONG><a name="[bf]"></a>nrf_atomic_flag_set_fetch</STRONG> (Thumb, 6 bytes, Stack size 0 bytes, nrf_atomic.o(i.nrf_atomic_flag_set_fetch))
<BR><BR>[Stack]<UL><LI>Max Depth = 8<LI>Call Chain = nrf_atomic_flag_set_fetch &rArr; nrf_atomic_u32_fetch_or
</UL>
<BR>[Calls]<UL><LI><a href="#[e3]">&gt;&gt;</a>&nbsp;&nbsp;&nbsp;nrf_atomic_u32_fetch_or
</UL>
<BR>[Called By]<UL><LI><a href="#[4d]">&gt;&gt;</a>&nbsp;&nbsp;&nbsp;write
<LI><a href="#[4e]">&gt;&gt;</a>&nbsp;&nbsp;&nbsp;erase
</UL>

<P><STRONG><a name="[ac]"></a>nrf_atomic_u32_add</STRONG> (Thumb, 12 bytes, Stack size 8 bytes, nrf_atomic.o(i.nrf_atomic_u32_add))
<BR><BR>[Stack]<UL><LI>Max Depth = 8<LI>Call Chain = nrf_atomic_u32_add
</UL>
<BR>[Calls]<UL><LI><a href="#[e4]">&gt;&gt;</a>&nbsp;&nbsp;&nbsp;__asm___12_nrf_atomic_c_85ca2469__nrf_atomic_internal_add
</UL>
<BR>[Called By]<UL><LI><a href="#[141]">&gt;&gt;</a>&nbsp;&nbsp;&nbsp;nrf_memobj_get
<LI><a href="#[ab]">&gt;&gt;</a>&nbsp;&nbsp;&nbsp;buf_prealloc
</UL>

<P><STRONG><a name="[e0]"></a>nrf_atomic_u32_and</STRONG> (Thumb, 12 bytes, Stack size 8 bytes, nrf_atomic.o(i.nrf_atomic_u32_and))
<BR><BR>[Stack]<UL><LI>Max Depth = 8<LI>Call Chain = nrf_atomic_u32_and
</UL>
<BR>[Calls]<UL><LI><a href="#[e5]">&gt;&gt;</a>&nbsp;&nbsp;&nbsp;__asm___12_nrf_atomic_c_85ca2469__nrf_atomic_internal_and
</UL>
<BR>[Called By]<UL><LI><a href="#[c1]">&gt;&gt;</a>&nbsp;&nbsp;&nbsp;nrf_atomic_flag_clear
</UL>

<P><STRONG><a name="[e1]"></a>nrf_atomic_u32_fetch_and</STRONG> (Thumb, 10 bytes, Stack size 8 bytes, nrf_atomic.o(i.nrf_atomic_u32_fetch_and))
<BR><BR>[Stack]<UL><LI>Max Depth = 8<LI>Call Chain = nrf_atomic_u32_fetch_and
</UL>
<BR>[Calls]<UL><LI><a href="#[e5]">&gt;&gt;</a>&nbsp;&nbsp;&nbsp;__asm___12_nrf_atomic_c_85ca2469__nrf_atomic_internal_and
</UL>
<BR>[Called By]<UL><LI><a href="#[d7]">&gt;&gt;</a>&nbsp;&nbsp;&nbsp;nrf_atomic_flag_clear_fetch
</UL>

<P><STRONG><a name="[e3]"></a>nrf_atomic_u32_fetch_or</STRONG> (Thumb, 10 bytes, Stack size 8 bytes, nrf_atomic.o(i.nrf_atomic_u32_fetch_or))
<BR><BR>[Stack]<UL><LI>Max Depth = 8<LI>Call Chain = nrf_atomic_u32_fetch_or
</UL>
<BR>[Calls]<UL><LI><a href="#[e6]">&gt;&gt;</a>&nbsp;&nbsp;&nbsp;__asm___12_nrf_atomic_c_85ca2469__nrf_atomic_internal_orr
</UL>
<BR>[Called By]<UL><LI><a href="#[bf]">&gt;&gt;</a>&nbsp;&nbsp;&nbsp;nrf_atomic_flag_set_fetch
</UL>

<P><STRONG><a name="[be]"></a>nrf_atomic_u32_fetch_store</STRONG> (Thumb, 10 bytes, Stack size 8 bytes, nrf_atomic.o(i.nrf_atomic_u32_fetch_store))
<BR><BR>[Stack]<UL><LI>Max Depth = 8<LI>Call Chain = nrf_atomic_u32_fetch_store
</UL>
<BR>[Calls]<UL><LI><a href="#[e7]">&gt;&gt;</a>&nbsp;&nbsp;&nbsp;__asm___12_nrf_atomic_c_85ca2469__nrf_atomic_internal_mov
</UL>
<BR>[Called By]<UL><LI><a href="#[bd]">&gt;&gt;</a>&nbsp;&nbsp;&nbsp;dropped_sat16_get
</UL>

<P><STRONG><a name="[e2]"></a>nrf_atomic_u32_or</STRONG> (Thumb, 12 bytes, Stack size 8 bytes, nrf_atomic.o(i.nrf_atomic_u32_or))
<BR><BR>[Stack]<UL><LI>Max Depth = 8<LI>Call Chain = nrf_atomic_u32_or
</UL>
<BR>[Calls]<UL><LI><a href="#[e6]">&gt;&gt;</a>&nbsp;&nbsp;&nbsp;__asm___12_nrf_atomic_c_85ca2469__nrf_atomic_internal_orr
</UL>
<BR>[Called By]<UL><LI><a href="#[d5]">&gt;&gt;</a>&nbsp;&nbsp;&nbsp;nrf_atomic_flag_set
</UL>

<P><STRONG><a name="[e8]"></a>nrf_atomic_u32_sub</STRONG> (Thumb, 12 bytes, Stack size 8 bytes, nrf_atomic.o(i.nrf_atomic_u32_sub))
<BR><BR>[Stack]<UL><LI>Max Depth = 8<LI>Call Chain = nrf_atomic_u32_sub
</UL>
<BR>[Calls]<UL><LI><a href="#[e9]">&gt;&gt;</a>&nbsp;&nbsp;&nbsp;__asm___12_nrf_atomic_c_85ca2469__nrf_atomic_internal_sub
</UL>
<BR>[Called By]<UL><LI><a href="#[145]">&gt;&gt;</a>&nbsp;&nbsp;&nbsp;nrf_memobj_put
</UL>

<P><STRONG><a name="[ea]"></a>nrf_balloc_alloc</STRONG> (Thumb, 62 bytes, Stack size 16 bytes, nrf_balloc.o(i.nrf_balloc_alloc))
<BR><BR>[Stack]<UL><LI>Max Depth = 16<LI>Call Chain = nrf_balloc_alloc
</UL>
<BR>[Calls]<UL><LI><a href="#[98]">&gt;&gt;</a>&nbsp;&nbsp;&nbsp;app_util_critical_region_exit
<LI><a href="#[97]">&gt;&gt;</a>&nbsp;&nbsp;&nbsp;app_util_critical_region_enter
</UL>
<BR>[Called By]<UL><LI><a href="#[61]">&gt;&gt;</a>&nbsp;&nbsp;&nbsp;uart_dfu_transport_init
<LI><a href="#[161]">&gt;&gt;</a>&nbsp;&nbsp;&nbsp;on_rx_complete
<LI><a href="#[148]">&gt;&gt;</a>&nbsp;&nbsp;&nbsp;nrf_memobj_alloc
</UL>

<P><STRONG><a name="[eb]"></a>nrf_balloc_free</STRONG> (Thumb, 42 bytes, Stack size 16 bytes, nrf_balloc.o(i.nrf_balloc_free))
<BR><BR>[Stack]<UL><LI>Max Depth = 16<LI>Call Chain = nrf_balloc_free
</UL>
<BR>[Calls]<UL><LI><a href="#[98]">&gt;&gt;</a>&nbsp;&nbsp;&nbsp;app_util_critical_region_exit
<LI><a href="#[97]">&gt;&gt;</a>&nbsp;&nbsp;&nbsp;app_util_critical_region_enter
</UL>
<BR>[Called By]<UL><LI><a href="#[43]">&gt;&gt;</a>&nbsp;&nbsp;&nbsp;payload_free
<LI><a href="#[151]">&gt;&gt;</a>&nbsp;&nbsp;&nbsp;nrf_memobj_free
</UL>

<P><STRONG><a name="[152]"></a>nrf_balloc_init</STRONG> (Thumb, 48 bytes, Stack size 8 bytes, nrf_balloc.o(i.nrf_balloc_init))
<BR><BR>[Stack]<UL><LI>Max Depth = 8<LI>Call Chain = nrf_balloc_init
</UL>
<BR>[Called By]<UL><LI><a href="#[61]">&gt;&gt;</a>&nbsp;&nbsp;&nbsp;uart_dfu_transport_init
<LI><a href="#[14e]">&gt;&gt;</a>&nbsp;&nbsp;&nbsp;nrf_memobj_pool_init
</UL>

<P><STRONG><a name="[dc]"></a>nrf_bootloader_app_start</STRONG> (Thumb, 66 bytes, Stack size 8 bytes, nrf_bootloader_app_start.o(i.nrf_bootloader_app_start))
<BR><BR>[Stack]<UL><LI>Max Depth = 208<LI>Call Chain = nrf_bootloader_app_start &rArr; nrf_log_frontend_dequeue &rArr; nrf_log_frontend_std_0 &rArr; std_n &rArr;  nrf_log_frontend_dequeue (Cycle)
</UL>
<BR>[Calls]<UL><LI><a href="#[ec]">&gt;&gt;</a>&nbsp;&nbsp;&nbsp;nrf_dfu_mbr_irq_forward_address_set
<LI><a href="#[ed]">&gt;&gt;</a>&nbsp;&nbsp;&nbsp;nrf_bootloader_app_start_final
<LI><a href="#[90]">&gt;&gt;</a>&nbsp;&nbsp;&nbsp;nrf_log_frontend_std_0
<LI><a href="#[8a]">&gt;&gt;</a>&nbsp;&nbsp;&nbsp;nrf_log_frontend_dequeue
</UL>
<BR>[Called By]<UL><LI><a href="#[db]">&gt;&gt;</a>&nbsp;&nbsp;&nbsp;nrf_bootloader_init
<LI><a href="#[2f]">&gt;&gt;</a>&nbsp;&nbsp;&nbsp;main
</UL>

<P><STRONG><a name="[ed]"></a>nrf_bootloader_app_start_final</STRONG> (Thumb, 136 bytes, Stack size 48 bytes, nrf_bootloader_app_start_final.o(i.nrf_bootloader_app_start_final))
<BR><BR>[Stack]<UL><LI>Max Depth = 176<LI>Call Chain = nrf_bootloader_app_start_final &rArr; nrf_log_frontend_std_1 &rArr; std_n &rArr;  nrf_log_frontend_dequeue (Cycle)
</UL>
<BR>[Calls]<UL><LI><a href="#[ef]">&gt;&gt;</a>&nbsp;&nbsp;&nbsp;__asm___32_nrf_bootloader_app_start_final_c_c9922886__jump_to_addr
<LI><a href="#[94]">&gt;&gt;</a>&nbsp;&nbsp;&nbsp;nrf_log_frontend_std_1
<LI><a href="#[d8]">&gt;&gt;</a>&nbsp;&nbsp;&nbsp;nrf_bootloader_flash_protect
<LI><a href="#[ee]">&gt;&gt;</a>&nbsp;&nbsp;&nbsp;__aeabi_memcpy4
</UL>
<BR>[Called By]<UL><LI><a href="#[dc]">&gt;&gt;</a>&nbsp;&nbsp;&nbsp;nrf_bootloader_app_start
</UL>

<P><STRONG><a name="[ba]"></a>nrf_bootloader_dfu_inactivity_timer_restart</STRONG> (Thumb, 34 bytes, Stack size 16 bytes, nrf_bootloader_dfu_timers.o(i.nrf_bootloader_dfu_inactivity_timer_restart))
<BR><BR>[Stack]<UL><LI>Max Depth = 56<LI>Call Chain = nrf_bootloader_dfu_inactivity_timer_restart &rArr; timer_start &rArr; timer_init &rArr; nrf_rtc_event_clear
</UL>
<BR>[Calls]<UL><LI><a href="#[81]">&gt;&gt;</a>&nbsp;&nbsp;&nbsp;timer_stop
<LI><a href="#[f0]">&gt;&gt;</a>&nbsp;&nbsp;&nbsp;timer_start
</UL>
<BR>[Called By]<UL><LI><a href="#[37]">&gt;&gt;</a>&nbsp;&nbsp;&nbsp;dfu_observer
<LI><a href="#[db]">&gt;&gt;</a>&nbsp;&nbsp;&nbsp;nrf_bootloader_init
</UL>

<P><STRONG><a name="[34]"></a>nrf_bootloader_dfu_timer_counter_get</STRONG> (Thumb, 16 bytes, Stack size 0 bytes, nrf_bootloader_dfu_timers.o(i.nrf_bootloader_dfu_timer_counter_get))
<BR>[Address Reference Count : 1]<UL><LI> main.o(i.main)
</UL>
<P><STRONG><a name="[d8]"></a>nrf_bootloader_flash_protect</STRONG> (Thumb, 96 bytes, Stack size 20 bytes, nrf_bootloader_app_start_final.o(i.nrf_bootloader_flash_protect))
<BR><BR>[Stack]<UL><LI>Max Depth = 20<LI>Call Chain = nrf_bootloader_flash_protect
</UL>
<BR>[Called By]<UL><LI><a href="#[ed]">&gt;&gt;</a>&nbsp;&nbsp;&nbsp;nrf_bootloader_app_start_final
<LI><a href="#[2f]">&gt;&gt;</a>&nbsp;&nbsp;&nbsp;main
</UL>

<P><STRONG><a name="[f1]"></a>nrf_bootloader_fw_activate</STRONG> (Thumb, 158 bytes, Stack size 16 bytes, nrf_bootloader_fw_activation.o(i.nrf_bootloader_fw_activate))
<BR><BR>[Stack]<UL><LI>Max Depth = 304<LI>Call Chain = nrf_bootloader_fw_activate &rArr; sd_bl_activate &rArr; sd_activate &rArr; image_copy &rArr; nrf_dfu_settings_write_and_backup &rArr; settings_backup &rArr; settings_write &rArr; nrf_dfu_flash_store &rArr; nrf_log_frontend_std_1 &rArr; std_n &rArr;  nrf_log_frontend_dequeue (Cycle)
</UL>
<BR>[Calls]<UL><LI><a href="#[cc]">&gt;&gt;</a>&nbsp;&nbsp;&nbsp;nrf_dfu_settings_write_and_backup
<LI><a href="#[f4]">&gt;&gt;</a>&nbsp;&nbsp;&nbsp;nrf_dfu_bank_invalidate
<LI><a href="#[f3]">&gt;&gt;</a>&nbsp;&nbsp;&nbsp;sd_bl_activate
<LI><a href="#[f2]">&gt;&gt;</a>&nbsp;&nbsp;&nbsp;sd_activate
<LI><a href="#[9e]">&gt;&gt;</a>&nbsp;&nbsp;&nbsp;bl_activate
<LI><a href="#[8d]">&gt;&gt;</a>&nbsp;&nbsp;&nbsp;app_activate
<LI><a href="#[f5]">&gt;&gt;</a>&nbsp;&nbsp;&nbsp;nrf_dfu_app_is_valid
<LI><a href="#[92]">&gt;&gt;</a>&nbsp;&nbsp;&nbsp;nrf_log_frontend_std_2
<LI><a href="#[90]">&gt;&gt;</a>&nbsp;&nbsp;&nbsp;nrf_log_frontend_std_0
</UL>
<BR>[Called By]<UL><LI><a href="#[db]">&gt;&gt;</a>&nbsp;&nbsp;&nbsp;nrf_bootloader_init
</UL>

<P><STRONG><a name="[db]"></a>nrf_bootloader_init</STRONG> (Thumb, 244 bytes, Stack size 24 bytes, nrf_bootloader.o(i.nrf_bootloader_init))
<BR><BR>[Stack]<UL><LI>Max Depth = 3304<LI>Call Chain = nrf_bootloader_init &rArr; nrf_dfu_init &rArr; nrf_dfu_req_handler_init &rArr; nrf_dfu_validation_init_cmd_execute &rArr; signature_check &rArr; nrf_crypto_ecdsa_verify &rArr; nrf_crypto_backend_micro_ecc_verify &rArr; uECC_verify &rArr; uECC_vli_modMult &rArr; uECC_vli_mult
</UL>
<BR>[Calls]<UL><LI><a href="#[f9]">&gt;&gt;</a>&nbsp;&nbsp;&nbsp;nrf_dfu_init_user
<LI><a href="#[f6]">&gt;&gt;</a>&nbsp;&nbsp;&nbsp;nrf_dfu_settings_init
<LI><a href="#[a4]">&gt;&gt;</a>&nbsp;&nbsp;&nbsp;nrf_dfu_settings_backup
<LI><a href="#[f7]">&gt;&gt;</a>&nbsp;&nbsp;&nbsp;nrf_dfu_settings_additional_erase
<LI><a href="#[f5]">&gt;&gt;</a>&nbsp;&nbsp;&nbsp;nrf_dfu_app_is_valid
<LI><a href="#[c9]">&gt;&gt;</a>&nbsp;&nbsp;&nbsp;nrf_bootloader_wdt_init
<LI><a href="#[a1]">&gt;&gt;</a>&nbsp;&nbsp;&nbsp;nrf_bootloader_wdt_feed
<LI><a href="#[f1]">&gt;&gt;</a>&nbsp;&nbsp;&nbsp;nrf_bootloader_fw_activate
<LI><a href="#[ba]">&gt;&gt;</a>&nbsp;&nbsp;&nbsp;nrf_bootloader_dfu_inactivity_timer_restart
<LI><a href="#[f8]">&gt;&gt;</a>&nbsp;&nbsp;&nbsp;app_sched_init
<LI><a href="#[fb]">&gt;&gt;</a>&nbsp;&nbsp;&nbsp;app_sched_execute
<LI><a href="#[a3]">&gt;&gt;</a>&nbsp;&nbsp;&nbsp;bootloader_reset
<LI><a href="#[90]">&gt;&gt;</a>&nbsp;&nbsp;&nbsp;nrf_log_frontend_std_0
<LI><a href="#[8a]">&gt;&gt;</a>&nbsp;&nbsp;&nbsp;nrf_log_frontend_dequeue
<LI><a href="#[dc]">&gt;&gt;</a>&nbsp;&nbsp;&nbsp;nrf_bootloader_app_start
<LI><a href="#[93]">&gt;&gt;</a>&nbsp;&nbsp;&nbsp;app_error_handler_bare
<LI><a href="#[fa]">&gt;&gt;</a>&nbsp;&nbsp;&nbsp;nrf_dfu_init
</UL>
<BR>[Called By]<UL><LI><a href="#[2f]">&gt;&gt;</a>&nbsp;&nbsp;&nbsp;main
</UL>

<P><STRONG><a name="[a1]"></a>nrf_bootloader_wdt_feed</STRONG> (Thumb, 20 bytes, Stack size 8 bytes, nrf_bootloader_wdt.o(i.nrf_bootloader_wdt_feed))
<BR><BR>[Stack]<UL><LI>Max Depth = 24<LI>Call Chain = nrf_bootloader_wdt_feed &rArr; wdt_feed
</UL>
<BR>[Calls]<UL><LI><a href="#[fd]">&gt;&gt;</a>&nbsp;&nbsp;&nbsp;wdt_feed
<LI><a href="#[fc]">&gt;&gt;</a>&nbsp;&nbsp;&nbsp;nrf_wdt_started
</UL>
<BR>[Called By]<UL><LI><a href="#[9e]">&gt;&gt;</a>&nbsp;&nbsp;&nbsp;bl_activate
<LI><a href="#[db]">&gt;&gt;</a>&nbsp;&nbsp;&nbsp;nrf_bootloader_init
</UL>

<P><STRONG><a name="[fe]"></a>nrf_bootloader_wdt_feed_timer_start</STRONG> (Thumb, 16 bytes, Stack size 0 bytes, nrf_bootloader_dfu_timers.o(i.nrf_bootloader_wdt_feed_timer_start))
<BR><BR>[Stack]<UL><LI>Max Depth = 40<LI>Call Chain = nrf_bootloader_wdt_feed_timer_start &rArr; timer_start &rArr; timer_init &rArr; nrf_rtc_event_clear
</UL>
<BR>[Calls]<UL><LI><a href="#[f0]">&gt;&gt;</a>&nbsp;&nbsp;&nbsp;timer_start
</UL>
<BR>[Called By]<UL><LI><a href="#[c9]">&gt;&gt;</a>&nbsp;&nbsp;&nbsp;nrf_bootloader_wdt_init
</UL>

<P><STRONG><a name="[c9]"></a>nrf_bootloader_wdt_init</STRONG> (Thumb, 110 bytes, Stack size 24 bytes, nrf_bootloader_wdt.o(i.nrf_bootloader_wdt_init))
<BR><BR>[Stack]<UL><LI>Max Depth = 152<LI>Call Chain = nrf_bootloader_wdt_init &rArr; nrf_log_frontend_std_1 &rArr; std_n &rArr;  nrf_log_frontend_dequeue (Cycle)
</UL>
<BR>[Calls]<UL><LI><a href="#[fe]">&gt;&gt;</a>&nbsp;&nbsp;&nbsp;nrf_bootloader_wdt_feed_timer_start
<LI><a href="#[94]">&gt;&gt;</a>&nbsp;&nbsp;&nbsp;nrf_log_frontend_std_1
<LI><a href="#[90]">&gt;&gt;</a>&nbsp;&nbsp;&nbsp;nrf_log_frontend_std_0
<LI><a href="#[fd]">&gt;&gt;</a>&nbsp;&nbsp;&nbsp;wdt_feed
<LI><a href="#[fc]">&gt;&gt;</a>&nbsp;&nbsp;&nbsp;nrf_wdt_started
</UL>
<BR>[Called By]<UL><LI><a href="#[8f]">&gt;&gt;</a>&nbsp;&nbsp;&nbsp;image_copy
<LI><a href="#[db]">&gt;&gt;</a>&nbsp;&nbsp;&nbsp;nrf_bootloader_init
</UL>

<P><STRONG><a name="[102]"></a>nrf_crypto_backend_micro_ecc_curve_get</STRONG> (Thumb, 6 bytes, Stack size 0 bytes, micro_ecc_backend_ecc.o(i.nrf_crypto_backend_micro_ecc_curve_get))
<BR><BR>[Called By]<UL><LI><a href="#[101]">&gt;&gt;</a>&nbsp;&nbsp;&nbsp;nrf_crypto_backend_micro_ecc_verify
</UL>

<P><STRONG><a name="[ff]"></a>nrf_crypto_backend_micro_ecc_public_key_from_raw</STRONG> (Thumb, 16 bytes, Stack size 8 bytes, micro_ecc_backend_ecc.o(i.nrf_crypto_backend_micro_ecc_public_key_from_raw))
<BR><BR>[Stack]<UL><LI>Max Depth = 24<LI>Call Chain = nrf_crypto_backend_micro_ecc_public_key_from_raw &rArr; nrf_crypto_internal_double_swap_endian
</UL>
<BR>[Calls]<UL><LI><a href="#[100]">&gt;&gt;</a>&nbsp;&nbsp;&nbsp;nrf_crypto_internal_double_swap_endian
</UL>
<BR>[Called By]<UL><LI><a href="#[103]">&gt;&gt;</a>&nbsp;&nbsp;&nbsp;nrf_crypto_ecc_public_key_from_raw
</UL>

<P><STRONG><a name="[101]"></a>nrf_crypto_backend_micro_ecc_verify</STRONG> (Thumb, 86 bytes, Stack size 128 bytes, micro_ecc_backend_ecdsa.o(i.nrf_crypto_backend_micro_ecc_verify))
<BR><BR>[Stack]<UL><LI>Max Depth = 3152<LI>Call Chain = nrf_crypto_backend_micro_ecc_verify &rArr; uECC_verify &rArr; uECC_vli_modMult &rArr; uECC_vli_mult
</UL>
<BR>[Calls]<UL><LI><a href="#[79]">&gt;&gt;</a>&nbsp;&nbsp;&nbsp;uECC_verify
<LI><a href="#[102]">&gt;&gt;</a>&nbsp;&nbsp;&nbsp;nrf_crypto_backend_micro_ecc_curve_get
<LI><a href="#[c7]">&gt;&gt;</a>&nbsp;&nbsp;&nbsp;nrf_crypto_internal_swap_endian
<LI><a href="#[100]">&gt;&gt;</a>&nbsp;&nbsp;&nbsp;nrf_crypto_internal_double_swap_endian
</UL>
<BR>[Called By]<UL><LI><a href="#[106]">&gt;&gt;</a>&nbsp;&nbsp;&nbsp;nrf_crypto_ecdsa_verify
</UL>

<P><STRONG><a name="[103]"></a>nrf_crypto_ecc_public_key_from_raw</STRONG> (Thumb, 48 bytes, Stack size 16 bytes, nrf_crypto_ecc.o(i.nrf_crypto_ecc_public_key_from_raw))
<BR><BR>[Stack]<UL><LI>Max Depth = 40<LI>Call Chain = nrf_crypto_ecc_public_key_from_raw &rArr; nrf_crypto_backend_micro_ecc_public_key_from_raw &rArr; nrf_crypto_internal_double_swap_endian
</UL>
<BR>[Calls]<UL><LI><a href="#[ff]">&gt;&gt;</a>&nbsp;&nbsp;&nbsp;nrf_crypto_backend_micro_ecc_public_key_from_raw
<LI><a href="#[105]">&gt;&gt;</a>&nbsp;&nbsp;&nbsp;nrf_crypto_internal_ecc_raw_input_check
<LI><a href="#[104]">&gt;&gt;</a>&nbsp;&nbsp;&nbsp;nrf_crypto_internal_ecc_key_output_prepare
</UL>
<BR>[Called By]<UL><LI><a href="#[120]">&gt;&gt;</a>&nbsp;&nbsp;&nbsp;nrf_dfu_validation_init
</UL>

<P><STRONG><a name="[106]"></a>nrf_crypto_ecdsa_verify</STRONG> (Thumb, 84 bytes, Stack size 40 bytes, nrf_crypto_ecdsa.o(i.nrf_crypto_ecdsa_verify))
<BR><BR>[Stack]<UL><LI>Max Depth = 3192<LI>Call Chain = nrf_crypto_ecdsa_verify &rArr; nrf_crypto_backend_micro_ecc_verify &rArr; uECC_verify &rArr; uECC_vli_modMult &rArr; uECC_vli_mult
</UL>
<BR>[Calls]<UL><LI><a href="#[101]">&gt;&gt;</a>&nbsp;&nbsp;&nbsp;nrf_crypto_backend_micro_ecc_verify
<LI><a href="#[105]">&gt;&gt;</a>&nbsp;&nbsp;&nbsp;nrf_crypto_internal_ecc_raw_input_check
<LI><a href="#[107]">&gt;&gt;</a>&nbsp;&nbsp;&nbsp;nrf_crypto_internal_ecc_key_input_check
</UL>
<BR>[Called By]<UL><LI><a href="#[12c]">&gt;&gt;</a>&nbsp;&nbsp;&nbsp;signature_check
</UL>

<P><STRONG><a name="[c8]"></a>nrf_crypto_hash_calculate</STRONG> (Thumb, 54 bytes, Stack size 24 bytes, nrf_crypto_hash.o(i.nrf_crypto_hash_calculate))
<BR><BR>[Stack]<UL><LI>Max Depth = 40<LI>Call Chain = nrf_crypto_hash_calculate &rArr; nrf_crypto_hash_update
</UL>
<BR>[Calls]<UL><LI><a href="#[109]">&gt;&gt;</a>&nbsp;&nbsp;&nbsp;nrf_crypto_hash_update
<LI><a href="#[108]">&gt;&gt;</a>&nbsp;&nbsp;&nbsp;nrf_crypto_hash_init
<LI><a href="#[10a]">&gt;&gt;</a>&nbsp;&nbsp;&nbsp;nrf_crypto_hash_finalize
</UL>
<BR>[Called By]<UL><LI><a href="#[12c]">&gt;&gt;</a>&nbsp;&nbsp;&nbsp;signature_check
<LI><a href="#[c6]">&gt;&gt;</a>&nbsp;&nbsp;&nbsp;fw_hash_ok
</UL>

<P><STRONG><a name="[10a]"></a>nrf_crypto_hash_finalize</STRONG> (Thumb, 54 bytes, Stack size 16 bytes, nrf_crypto_hash.o(i.nrf_crypto_hash_finalize))
<BR><BR>[Stack]<UL><LI>Max Depth = 16<LI>Call Chain = nrf_crypto_hash_finalize
</UL>
<BR>[Calls]<UL><LI><a href="#[10b]">&gt;&gt;</a>&nbsp;&nbsp;&nbsp;verify_context
</UL>
<BR>[Called By]<UL><LI><a href="#[c8]">&gt;&gt;</a>&nbsp;&nbsp;&nbsp;nrf_crypto_hash_calculate
</UL>

<P><STRONG><a name="[108]"></a>nrf_crypto_hash_init</STRONG> (Thumb, 38 bytes, Stack size 8 bytes, nrf_crypto_hash.o(i.nrf_crypto_hash_init))
<BR><BR>[Stack]<UL><LI>Max Depth = 8<LI>Call Chain = nrf_crypto_hash_init
</UL>
<BR>[Called By]<UL><LI><a href="#[c8]">&gt;&gt;</a>&nbsp;&nbsp;&nbsp;nrf_crypto_hash_calculate
</UL>

<P><STRONG><a name="[109]"></a>nrf_crypto_hash_update</STRONG> (Thumb, 46 bytes, Stack size 16 bytes, nrf_crypto_hash.o(i.nrf_crypto_hash_update))
<BR><BR>[Stack]<UL><LI>Max Depth = 16<LI>Call Chain = nrf_crypto_hash_update
</UL>
<BR>[Calls]<UL><LI><a href="#[10b]">&gt;&gt;</a>&nbsp;&nbsp;&nbsp;verify_context
</UL>
<BR>[Called By]<UL><LI><a href="#[c8]">&gt;&gt;</a>&nbsp;&nbsp;&nbsp;nrf_crypto_hash_calculate
</UL>

<P><STRONG><a name="[12b]"></a>nrf_crypto_init</STRONG> (Thumb, 50 bytes, Stack size 24 bytes, nrf_crypto_init.o(i.nrf_crypto_init))
<BR><BR>[Stack]<UL><LI>Max Depth = 24<LI>Call Chain = nrf_crypto_init
</UL>
<BR>[Called By]<UL><LI><a href="#[120]">&gt;&gt;</a>&nbsp;&nbsp;&nbsp;nrf_dfu_validation_init
</UL>

<P><STRONG><a name="[100]"></a>nrf_crypto_internal_double_swap_endian</STRONG> (Thumb, 26 bytes, Stack size 16 bytes, nrf_crypto_shared.o(i.nrf_crypto_internal_double_swap_endian))
<BR><BR>[Stack]<UL><LI>Max Depth = 16<LI>Call Chain = nrf_crypto_internal_double_swap_endian
</UL>
<BR>[Calls]<UL><LI><a href="#[c7]">&gt;&gt;</a>&nbsp;&nbsp;&nbsp;nrf_crypto_internal_swap_endian
</UL>
<BR>[Called By]<UL><LI><a href="#[101]">&gt;&gt;</a>&nbsp;&nbsp;&nbsp;nrf_crypto_backend_micro_ecc_verify
<LI><a href="#[ff]">&gt;&gt;</a>&nbsp;&nbsp;&nbsp;nrf_crypto_backend_micro_ecc_public_key_from_raw
<LI><a href="#[120]">&gt;&gt;</a>&nbsp;&nbsp;&nbsp;nrf_dfu_validation_init
</UL>

<P><STRONG><a name="[10c]"></a>nrf_crypto_internal_double_swap_endian_in_place</STRONG> (Thumb, 22 bytes, Stack size 12 bytes, nrf_crypto_shared.o(i.nrf_crypto_internal_double_swap_endian_in_place))
<BR><BR>[Stack]<UL><LI>Max Depth = 12<LI>Call Chain = nrf_crypto_internal_double_swap_endian_in_place
</UL>
<BR>[Calls]<UL><LI><a href="#[10d]">&gt;&gt;</a>&nbsp;&nbsp;&nbsp;nrf_crypto_internal_swap_endian_in_place
</UL>
<BR>[Called By]<UL><LI><a href="#[12c]">&gt;&gt;</a>&nbsp;&nbsp;&nbsp;signature_check
</UL>

<P><STRONG><a name="[107]"></a>nrf_crypto_internal_ecc_key_input_check</STRONG> (Thumb, 24 bytes, Stack size 0 bytes, nrf_crypto_ecc.o(i.nrf_crypto_internal_ecc_key_input_check))
<BR><BR>[Called By]<UL><LI><a href="#[106]">&gt;&gt;</a>&nbsp;&nbsp;&nbsp;nrf_crypto_ecdsa_verify
</UL>

<P><STRONG><a name="[104]"></a>nrf_crypto_internal_ecc_key_output_prepare</STRONG> (Thumb, 26 bytes, Stack size 0 bytes, nrf_crypto_ecc.o(i.nrf_crypto_internal_ecc_key_output_prepare))
<BR><BR>[Called By]<UL><LI><a href="#[103]">&gt;&gt;</a>&nbsp;&nbsp;&nbsp;nrf_crypto_ecc_public_key_from_raw
</UL>

<P><STRONG><a name="[105]"></a>nrf_crypto_internal_ecc_raw_input_check</STRONG> (Thumb, 22 bytes, Stack size 0 bytes, nrf_crypto_ecc.o(i.nrf_crypto_internal_ecc_raw_input_check))
<BR><BR>[Called By]<UL><LI><a href="#[106]">&gt;&gt;</a>&nbsp;&nbsp;&nbsp;nrf_crypto_ecdsa_verify
<LI><a href="#[103]">&gt;&gt;</a>&nbsp;&nbsp;&nbsp;nrf_crypto_ecc_public_key_from_raw
</UL>

<P><STRONG><a name="[c7]"></a>nrf_crypto_internal_swap_endian</STRONG> (Thumb, 22 bytes, Stack size 0 bytes, nrf_crypto_shared.o(i.nrf_crypto_internal_swap_endian))
<BR><BR>[Called By]<UL><LI><a href="#[100]">&gt;&gt;</a>&nbsp;&nbsp;&nbsp;nrf_crypto_internal_double_swap_endian
<LI><a href="#[101]">&gt;&gt;</a>&nbsp;&nbsp;&nbsp;nrf_crypto_backend_micro_ecc_verify
<LI><a href="#[c6]">&gt;&gt;</a>&nbsp;&nbsp;&nbsp;fw_hash_ok
</UL>

<P><STRONG><a name="[10d]"></a>nrf_crypto_internal_swap_endian_in_place</STRONG> (Thumb, 24 bytes, Stack size 0 bytes, nrf_crypto_shared.o(i.nrf_crypto_internal_swap_endian_in_place))
<BR><BR>[Called By]<UL><LI><a href="#[10c]">&gt;&gt;</a>&nbsp;&nbsp;&nbsp;nrf_crypto_internal_double_swap_endian_in_place
</UL>

<P><STRONG><a name="[f5]"></a>nrf_dfu_app_is_valid</STRONG> (Thumb, 42 bytes, Stack size 8 bytes, nrf_dfu_utils.o(i.nrf_dfu_app_is_valid))
<BR><BR>[Stack]<UL><LI>Max Depth = 28<LI>Call Chain = nrf_dfu_app_is_valid &rArr; crc32_compute
</UL>
<BR>[Calls]<UL><LI><a href="#[8e]">&gt;&gt;</a>&nbsp;&nbsp;&nbsp;nrf_dfu_bank0_start_addr
<LI><a href="#[91]">&gt;&gt;</a>&nbsp;&nbsp;&nbsp;crc32_compute
</UL>
<BR>[Called By]<UL><LI><a href="#[f1]">&gt;&gt;</a>&nbsp;&nbsp;&nbsp;nrf_bootloader_fw_activate
<LI><a href="#[db]">&gt;&gt;</a>&nbsp;&nbsp;&nbsp;nrf_bootloader_init
</UL>

<P><STRONG><a name="[160]"></a>nrf_dfu_app_start_address</STRONG> (Thumb, 4 bytes, Stack size 0 bytes, nrf_dfu_utils.o(i.nrf_dfu_app_start_address), UNUSED)
<BR><BR>[Called By]<UL><LI><a href="#[124]">&gt;&gt;</a>&nbsp;&nbsp;&nbsp;on_fw_version_request
</UL>

<P><STRONG><a name="[8e]"></a>nrf_dfu_bank0_start_addr</STRONG> (Thumb, 34 bytes, Stack size 0 bytes, nrf_dfu_utils.o(i.nrf_dfu_bank0_start_addr))
<BR><BR>[Called By]<UL><LI><a href="#[9f]">&gt;&gt;</a>&nbsp;&nbsp;&nbsp;nrf_dfu_bank1_start_addr
<LI><a href="#[8d]">&gt;&gt;</a>&nbsp;&nbsp;&nbsp;app_activate
<LI><a href="#[f5]">&gt;&gt;</a>&nbsp;&nbsp;&nbsp;nrf_dfu_app_is_valid
<LI><a href="#[10e]">&gt;&gt;</a>&nbsp;&nbsp;&nbsp;nrf_dfu_cache_prepare
</UL>

<P><STRONG><a name="[9f]"></a>nrf_dfu_bank1_start_addr</STRONG> (Thumb, 28 bytes, Stack size 4 bytes, nrf_dfu_utils.o(i.nrf_dfu_bank1_start_addr))
<BR><BR>[Stack]<UL><LI>Max Depth = 4<LI>Call Chain = nrf_dfu_bank1_start_addr
</UL>
<BR>[Calls]<UL><LI><a href="#[8e]">&gt;&gt;</a>&nbsp;&nbsp;&nbsp;nrf_dfu_bank0_start_addr
</UL>
<BR>[Called By]<UL><LI><a href="#[9e]">&gt;&gt;</a>&nbsp;&nbsp;&nbsp;bl_activate
<LI><a href="#[10e]">&gt;&gt;</a>&nbsp;&nbsp;&nbsp;nrf_dfu_cache_prepare
<LI><a href="#[114]">&gt;&gt;</a>&nbsp;&nbsp;&nbsp;nrf_dfu_validation_init_cmd_execute
</UL>

<P><STRONG><a name="[f4]"></a>nrf_dfu_bank_invalidate</STRONG> (Thumb, 14 bytes, Stack size 0 bytes, nrf_dfu_utils.o(i.nrf_dfu_bank_invalidate))
<BR><BR>[Called By]<UL><LI><a href="#[f1]">&gt;&gt;</a>&nbsp;&nbsp;&nbsp;nrf_bootloader_fw_activate
<LI><a href="#[131]">&gt;&gt;</a>&nbsp;&nbsp;&nbsp;postvalidate_sd_bl
<LI><a href="#[10e]">&gt;&gt;</a>&nbsp;&nbsp;&nbsp;nrf_dfu_cache_prepare
<LI><a href="#[130]">&gt;&gt;</a>&nbsp;&nbsp;&nbsp;nrf_dfu_validation_post_data_execute
</UL>

<P><STRONG><a name="[10e]"></a>nrf_dfu_cache_prepare</STRONG> (Thumb, 192 bytes, Stack size 32 bytes, nrf_dfu_utils.o(i.nrf_dfu_cache_prepare))
<BR><BR>[Stack]<UL><LI>Max Depth = 184<LI>Call Chain = nrf_dfu_cache_prepare &rArr; nrf_dfu_softdevice_invalidate &rArr; nrf_dfu_flash_store &rArr; nrf_log_frontend_std_1 &rArr; std_n &rArr;  nrf_log_frontend_dequeue (Cycle)
</UL>
<BR>[Calls]<UL><LI><a href="#[f4]">&gt;&gt;</a>&nbsp;&nbsp;&nbsp;nrf_dfu_bank_invalidate
<LI><a href="#[9f]">&gt;&gt;</a>&nbsp;&nbsp;&nbsp;nrf_dfu_bank1_start_addr
<LI><a href="#[8e]">&gt;&gt;</a>&nbsp;&nbsp;&nbsp;nrf_dfu_bank0_start_addr
<LI><a href="#[90]">&gt;&gt;</a>&nbsp;&nbsp;&nbsp;nrf_log_frontend_std_0
<LI><a href="#[10f]">&gt;&gt;</a>&nbsp;&nbsp;&nbsp;nrf_dfu_softdevice_invalidate
</UL>
<BR>[Called By]<UL><LI><a href="#[114]">&gt;&gt;</a>&nbsp;&nbsp;&nbsp;nrf_dfu_validation_init_cmd_execute
</UL>

<P><STRONG><a name="[ca]"></a>nrf_dfu_flash_erase</STRONG> (Thumb, 54 bytes, Stack size 8 bytes, nrf_dfu_flash.o(i.nrf_dfu_flash_erase))
<BR><BR>[Stack]<UL><LI>Max Depth = 136<LI>Call Chain = nrf_dfu_flash_erase &rArr; nrf_log_frontend_std_1 &rArr; std_n &rArr;  nrf_log_frontend_dequeue (Cycle)
</UL>
<BR>[Calls]<UL><LI><a href="#[94]">&gt;&gt;</a>&nbsp;&nbsp;&nbsp;nrf_log_frontend_std_1
<LI><a href="#[119]">&gt;&gt;</a>&nbsp;&nbsp;&nbsp;nrf_fstorage_erase
</UL>
<BR>[Called By]<UL><LI><a href="#[8f]">&gt;&gt;</a>&nbsp;&nbsp;&nbsp;image_copy
<LI><a href="#[129]">&gt;&gt;</a>&nbsp;&nbsp;&nbsp;settings_write
<LI><a href="#[116]">&gt;&gt;</a>&nbsp;&nbsp;&nbsp;on_data_obj_create_request
</UL>

<P><STRONG><a name="[11a]"></a>nrf_dfu_flash_init</STRONG> (Thumb, 10 bytes, Stack size 0 bytes, nrf_dfu_flash.o(i.nrf_dfu_flash_init))
<BR><BR>[Calls]<UL><LI><a href="#[11b]">&gt;&gt;</a>&nbsp;&nbsp;&nbsp;nrf_fstorage_init
</UL>
<BR>[Called By]<UL><LI><a href="#[f6]">&gt;&gt;</a>&nbsp;&nbsp;&nbsp;nrf_dfu_settings_init
<LI><a href="#[11e]">&gt;&gt;</a>&nbsp;&nbsp;&nbsp;nrf_dfu_req_handler_init
</UL>

<P><STRONG><a name="[cb]"></a>nrf_dfu_flash_store</STRONG> (Thumb, 56 bytes, Stack size 16 bytes, nrf_dfu_flash.o(i.nrf_dfu_flash_store))
<BR><BR>[Stack]<UL><LI>Max Depth = 144<LI>Call Chain = nrf_dfu_flash_store &rArr; nrf_log_frontend_std_1 &rArr; std_n &rArr;  nrf_log_frontend_dequeue (Cycle)
</UL>
<BR>[Calls]<UL><LI><a href="#[94]">&gt;&gt;</a>&nbsp;&nbsp;&nbsp;nrf_log_frontend_std_1
<LI><a href="#[11c]">&gt;&gt;</a>&nbsp;&nbsp;&nbsp;nrf_fstorage_write
</UL>
<BR>[Called By]<UL><LI><a href="#[8f]">&gt;&gt;</a>&nbsp;&nbsp;&nbsp;image_copy
<LI><a href="#[10f]">&gt;&gt;</a>&nbsp;&nbsp;&nbsp;nrf_dfu_softdevice_invalidate
<LI><a href="#[129]">&gt;&gt;</a>&nbsp;&nbsp;&nbsp;settings_write
<LI><a href="#[117]">&gt;&gt;</a>&nbsp;&nbsp;&nbsp;on_data_obj_write_request
</UL>

<P><STRONG><a name="[fa]"></a>nrf_dfu_init</STRONG> (Thumb, 70 bytes, Stack size 16 bytes, nrf_dfu.o(i.nrf_dfu_init))
<BR><BR>[Stack]<UL><LI>Max Depth = 3280<LI>Call Chain = nrf_dfu_init &rArr; nrf_dfu_req_handler_init &rArr; nrf_dfu_validation_init_cmd_execute &rArr; signature_check &rArr; nrf_crypto_ecdsa_verify &rArr; nrf_crypto_backend_micro_ecc_verify &rArr; uECC_verify &rArr; uECC_vli_modMult &rArr; uECC_vli_mult
</UL>
<BR>[Calls]<UL><LI><a href="#[94]">&gt;&gt;</a>&nbsp;&nbsp;&nbsp;nrf_log_frontend_std_1
<LI><a href="#[90]">&gt;&gt;</a>&nbsp;&nbsp;&nbsp;nrf_log_frontend_std_0
<LI><a href="#[11d]">&gt;&gt;</a>&nbsp;&nbsp;&nbsp;nrf_dfu_transports_init
<LI><a href="#[11e]">&gt;&gt;</a>&nbsp;&nbsp;&nbsp;nrf_dfu_req_handler_init
<LI><a href="#[3a]">&gt;&gt;</a>&nbsp;&nbsp;&nbsp;dfu_observer
</UL>
<BR>[Called By]<UL><LI><a href="#[db]">&gt;&gt;</a>&nbsp;&nbsp;&nbsp;nrf_bootloader_init
</UL>

<P><STRONG><a name="[f9]"></a>nrf_dfu_init_user</STRONG> (Thumb, 4 bytes, Stack size 0 bytes, nrf_bootloader.o(i.nrf_dfu_init_user))
<BR><BR>[Called By]<UL><LI><a href="#[db]">&gt;&gt;</a>&nbsp;&nbsp;&nbsp;nrf_bootloader_init
</UL>

<P><STRONG><a name="[a2]"></a>nrf_dfu_mbr_copy_bl</STRONG> (Thumb, 22 bytes, Stack size 24 bytes, nrf_dfu_mbr.o(i.nrf_dfu_mbr_copy_bl))
<BR><BR>[Stack]<UL><LI>Max Depth = 24<LI>Call Chain = nrf_dfu_mbr_copy_bl
</UL>
<BR>[Called By]<UL><LI><a href="#[9e]">&gt;&gt;</a>&nbsp;&nbsp;&nbsp;bl_activate
</UL>

<P><STRONG><a name="[ec]"></a>nrf_dfu_mbr_irq_forward_address_set</STRONG> (Thumb, 40 bytes, Stack size 24 bytes, nrf_dfu_mbr.o(i.nrf_dfu_mbr_irq_forward_address_set))
<BR><BR>[Stack]<UL><LI>Max Depth = 24<LI>Call Chain = nrf_dfu_mbr_irq_forward_address_set
</UL>
<BR>[Called By]<UL><LI><a href="#[dc]">&gt;&gt;</a>&nbsp;&nbsp;&nbsp;nrf_bootloader_app_start
</UL>

<P><STRONG><a name="[11e]"></a>nrf_dfu_req_handler_init</STRONG> (Thumb, 62 bytes, Stack size 8 bytes, nrf_dfu_req_handler.o(i.nrf_dfu_req_handler_init))
<BR><BR>[Stack]<UL><LI>Max Depth = 3264<LI>Call Chain = nrf_dfu_req_handler_init &rArr; nrf_dfu_validation_init_cmd_execute &rArr; signature_check &rArr; nrf_crypto_ecdsa_verify &rArr; nrf_crypto_backend_micro_ecc_verify &rArr; uECC_verify &rArr; uECC_vli_modMult &rArr; uECC_vli_mult
</UL>
<BR>[Calls]<UL><LI><a href="#[121]">&gt;&gt;</a>&nbsp;&nbsp;&nbsp;nrf_dfu_validation_init_cmd_present
<LI><a href="#[114]">&gt;&gt;</a>&nbsp;&nbsp;&nbsp;nrf_dfu_validation_init_cmd_execute
<LI><a href="#[120]">&gt;&gt;</a>&nbsp;&nbsp;&nbsp;nrf_dfu_validation_init
<LI><a href="#[c5]">&gt;&gt;</a>&nbsp;&nbsp;&nbsp;ext_error_set
<LI><a href="#[11a]">&gt;&gt;</a>&nbsp;&nbsp;&nbsp;nrf_dfu_flash_init
</UL>
<BR>[Called By]<UL><LI><a href="#[fa]">&gt;&gt;</a>&nbsp;&nbsp;&nbsp;nrf_dfu_init
</UL>

<P><STRONG><a name="[122]"></a>nrf_dfu_req_handler_on_req</STRONG> (Thumb, 46 bytes, Stack size 8 bytes, nrf_dfu_req_handler.o(i.nrf_dfu_req_handler_on_req))
<BR><BR>[Stack]<UL><LI>Max Depth = 128<LI>Call Chain = nrf_dfu_req_handler_on_req &rArr; nrf_log_frontend_std_0 &rArr; std_n &rArr;  nrf_log_frontend_dequeue (Cycle)
</UL>
<BR>[Calls]<UL><LI><a href="#[90]">&gt;&gt;</a>&nbsp;&nbsp;&nbsp;nrf_log_frontend_std_0
<LI><a href="#[96]">&gt;&gt;</a>&nbsp;&nbsp;&nbsp;app_sched_event_put
</UL>
<BR>[Called By]<UL><LI><a href="#[125]">&gt;&gt;</a>&nbsp;&nbsp;&nbsp;nrf_dfu_serial_on_packet_received
</UL>

<P><STRONG><a name="[125]"></a>nrf_dfu_serial_on_packet_received</STRONG> (Thumb, 130 bytes, Stack size 48 bytes, nrf_dfu_serial.o(i.nrf_dfu_serial_on_packet_received))
[...]
<BR><BR>[Stack]<UL><LI>Max Depth = 336<LI>Call Chain = pb_dec_submessage &rArr; pb_decode &rArr; pb_decode_noinit &rArr; decode_field &rArr; decode_static_field &rArr; pb_message_set_to_defaults &rArr; pb_field_set_to_default &rArr;  pb_message_set_to_defaults (Cycle)
</UL>
<BR>[Calls]<UL><LI><a href="#[168]">&gt;&gt;</a>&nbsp;&nbsp;&nbsp;pb_decode
<LI><a href="#[b6]">&gt;&gt;</a>&nbsp;&nbsp;&nbsp;pb_make_string_substream
<LI><a href="#[167]">&gt;&gt;</a>&nbsp;&nbsp;&nbsp;pb_decode_noinit
</UL>
<BR>[Address Reference Count : 1]<UL><LI> pb_decode.o(.constdata)
</UL>
<P><STRONG><a name="[58]"></a>pb_dec_svarint</STRONG> (Thumb, 88 bytes, Stack size 24 bytes, pb_decode.o(i.pb_dec_svarint))
<BR><BR>[Stack]<UL><LI>Max Depth = 80<LI>Call Chain = pb_dec_svarint &rArr; pb_decode_svarint &rArr; pb_decode_varint &rArr; pb_readbyte
</UL>
<BR>[Calls]<UL><LI><a href="#[169]">&gt;&gt;</a>&nbsp;&nbsp;&nbsp;pb_decode_svarint
</UL>
<BR>[Address Reference Count : 1]<UL><LI> pb_decode.o(.constdata)
</UL>
<P><STRONG><a name="[57]"></a>pb_dec_uvarint</STRONG> (Thumb, 88 bytes, Stack size 24 bytes, pb_decode.o(i.pb_dec_uvarint))
<BR><BR>[Stack]<UL><LI>Max Depth = 64<LI>Call Chain = pb_dec_uvarint &rArr; pb_decode_varint &rArr; pb_readbyte
</UL>
<BR>[Calls]<UL><LI><a href="#[16a]">&gt;&gt;</a>&nbsp;&nbsp;&nbsp;pb_decode_varint
</UL>
<BR>[Address Reference Count : 1]<UL><LI> pb_decode.o(.constdata)
</UL>
<P><STRONG><a name="[56]"></a>pb_dec_varint</STRONG> (Thumb, 90 bytes, Stack size 24 bytes, pb_decode.o(i.pb_dec_varint))
<BR><BR>[Stack]<UL><LI>Max Depth = 64<LI>Call Chain = pb_dec_varint &rArr; pb_decode_varint &rArr; pb_readbyte
</UL>
<BR>[Calls]<UL><LI><a href="#[16a]">&gt;&gt;</a>&nbsp;&nbsp;&nbsp;pb_decode_varint
</UL>
<BR>[Address Reference Count : 1]<UL><LI> pb_decode.o(.constdata)
</UL>
<P><STRONG><a name="[163]"></a>pb_decode_varint32</STRONG> (Thumb, 76 bytes, Stack size 24 bytes, pb_decode.o(i.pb_decode_varint32))
<BR><BR>[Stack]<UL><LI>Max Depth = 32<LI>Call Chain = pb_decode_varint32 &rArr; pb_readbyte
</UL>
<BR>[Calls]<UL><LI><a href="#[16e]">&gt;&gt;</a>&nbsp;&nbsp;&nbsp;pb_readbyte
</UL>
<BR>[Called By]<UL><LI><a href="#[b5]">&gt;&gt;</a>&nbsp;&nbsp;&nbsp;pb_skip_field
<LI><a href="#[b6]">&gt;&gt;</a>&nbsp;&nbsp;&nbsp;pb_make_string_substream
<LI><a href="#[16b]">&gt;&gt;</a>&nbsp;&nbsp;&nbsp;pb_decode_tag
<LI><a href="#[5c]">&gt;&gt;</a>&nbsp;&nbsp;&nbsp;pb_dec_string
<LI><a href="#[5b]">&gt;&gt;</a>&nbsp;&nbsp;&nbsp;pb_dec_bytes
</UL>

<P><STRONG><a name="[170]"></a>pb_field_set_to_default</STRONG> (Thumb, 164 bytes, Stack size 40 bytes, pb_decode.o(i.pb_field_set_to_default))
<BR><BR>[Stack]<UL><LI>Max Depth = 56 + In Cycle
<LI>Call Chain = pb_field_set_to_default &rArr;  pb_message_set_to_defaults (Cycle)
</UL>
<BR>[Calls]<UL><LI><a href="#[b9]">&gt;&gt;</a>&nbsp;&nbsp;&nbsp;pb_message_set_to_defaults
<LI><a href="#[170]">&gt;&gt;</a>&nbsp;&nbsp;&nbsp;pb_field_set_to_default
<LI><a href="#[d3]">&gt;&gt;</a>&nbsp;&nbsp;&nbsp;iter_from_extension
<LI><a href="#[66]">&gt;&gt;</a>&nbsp;&nbsp;&nbsp;__aeabi_memclr
<LI><a href="#[8c]">&gt;&gt;</a>&nbsp;&nbsp;&nbsp;__aeabi_memcpy
</UL>
<BR>[Called By]<UL><LI><a href="#[b9]">&gt;&gt;</a>&nbsp;&nbsp;&nbsp;pb_message_set_to_defaults
<LI><a href="#[170]">&gt;&gt;</a>&nbsp;&nbsp;&nbsp;pb_field_set_to_default
</UL>

<P><STRONG><a name="[b9]"></a>pb_message_set_to_defaults</STRONG> (Thumb, 38 bytes, Stack size 32 bytes, pb_decode.o(i.pb_message_set_to_defaults))
<BR><BR>[Stack]<UL><LI>Max Depth = 88<LI>Call Chain = pb_message_set_to_defaults &rArr; pb_field_set_to_default &rArr;  pb_message_set_to_defaults (Cycle)
</UL>
<BR>[Calls]<UL><LI><a href="#[170]">&gt;&gt;</a>&nbsp;&nbsp;&nbsp;pb_field_set_to_default
<LI><a href="#[16d]">&gt;&gt;</a>&nbsp;&nbsp;&nbsp;pb_field_iter_next
<LI><a href="#[d4]">&gt;&gt;</a>&nbsp;&nbsp;&nbsp;pb_field_iter_begin
</UL>
<BR>[Called By]<UL><LI><a href="#[168]">&gt;&gt;</a>&nbsp;&nbsp;&nbsp;pb_decode
<LI><a href="#[170]">&gt;&gt;</a>&nbsp;&nbsp;&nbsp;pb_field_set_to_default
<LI><a href="#[b8]">&gt;&gt;</a>&nbsp;&nbsp;&nbsp;decode_static_field
</UL>

<P><STRONG><a name="[16e]"></a>pb_readbyte</STRONG> (Thumb, 32 bytes, Stack size 8 bytes, pb_decode.o(i.pb_readbyte))
<BR><BR>[Stack]<UL><LI>Max Depth = 8<LI>Call Chain = pb_readbyte
</UL>
<BR>[Called By]<UL><LI><a href="#[16a]">&gt;&gt;</a>&nbsp;&nbsp;&nbsp;pb_decode_varint
<LI><a href="#[163]">&gt;&gt;</a>&nbsp;&nbsp;&nbsp;pb_decode_varint32
</UL>

<P><STRONG><a name="[b3]"></a>read_raw_value</STRONG> (Thumb, 98 bytes, Stack size 24 bytes, pb_decode.o(i.read_raw_value))
<BR><BR>[Stack]<UL><LI>Max Depth = 56<LI>Call Chain = read_raw_value &rArr; pb_read &rArr;  pb_read (Cycle)
</UL>
<BR>[Calls]<UL><LI><a href="#[164]">&gt;&gt;</a>&nbsp;&nbsp;&nbsp;pb_read
</UL>
<BR>[Called By]<UL><LI><a href="#[b2]">&gt;&gt;</a>&nbsp;&nbsp;&nbsp;decode_callback_field
</UL>

<P><STRONG><a name="[84]"></a>_DoInit</STRONG> (Thumb, 76 bytes, Stack size 8 bytes, segger_rtt.o(i._DoInit))
<BR><BR>[Stack]<UL><LI>Max Depth = 8<LI>Call Chain = _DoInit
</UL>
<BR>[Calls]<UL><LI><a href="#[8b]">&gt;&gt;</a>&nbsp;&nbsp;&nbsp;strcpy
</UL>
<BR>[Called By]<UL><LI><a href="#[83]">&gt;&gt;</a>&nbsp;&nbsp;&nbsp;SEGGER_RTT_Init
</UL>

<P><STRONG><a name="[86]"></a>_GetAvailWriteSpace</STRONG> (Thumb, 22 bytes, Stack size 0 bytes, segger_rtt.o(i._GetAvailWriteSpace))
<BR><BR>[Called By]<UL><LI><a href="#[85]">&gt;&gt;</a>&nbsp;&nbsp;&nbsp;SEGGER_RTT_WriteNoLock
</UL>

<P><STRONG><a name="[88]"></a>_WriteBlocking</STRONG> (Thumb, 90 bytes, Stack size 32 bytes, segger_rtt.o(i._WriteBlocking))
<BR><BR>[Stack]<UL><LI>Max Depth = 32<LI>Call Chain = _WriteBlocking
</UL>
<BR>[Calls]<UL><LI><a href="#[8c]">&gt;&gt;</a>&nbsp;&nbsp;&nbsp;__aeabi_memcpy
</UL>
<BR>[Called By]<UL><LI><a href="#[85]">&gt;&gt;</a>&nbsp;&nbsp;&nbsp;SEGGER_RTT_WriteNoLock
</UL>

<P><STRONG><a name="[87]"></a>_WriteNoCheck</STRONG> (Thumb, 66 bytes, Stack size 24 bytes, segger_rtt.o(i._WriteNoCheck))
<BR><BR>[Stack]<UL><LI>Max Depth = 24<LI>Call Chain = _WriteNoCheck
</UL>
<BR>[Calls]<UL><LI><a href="#[8c]">&gt;&gt;</a>&nbsp;&nbsp;&nbsp;__aeabi_memcpy
</UL>
<BR>[Called By]<UL><LI><a href="#[85]">&gt;&gt;</a>&nbsp;&nbsp;&nbsp;SEGGER_RTT_WriteNoLock
</UL>

<P><STRONG><a name="[72]"></a>bcopy</STRONG> (Thumb, 20 bytes, Stack size 0 bytes, uECC.c.o(.text.bcopy))
<BR><BR>[Called By]<UL><LI><a href="#[79]">&gt;&gt;</a>&nbsp;&nbsp;&nbsp;uECC_verify
<LI><a href="#[70]">&gt;&gt;</a>&nbsp;&nbsp;&nbsp;bits2int
</UL>

<P><STRONG><a name="[77]"></a>uECC_vli_add</STRONG> (Thumb, 90 bytes, Stack size 64 bytes, uECC.c.o(.text.uECC_vli_add))
<BR><BR>[Stack]<UL><LI>Max Depth = 64<LI>Call Chain = uECC_vli_add
</UL>
<BR>[Called By]<UL><LI><a href="#[7a]">&gt;&gt;</a>&nbsp;&nbsp;&nbsp;uECC_vli_modInv
<LI><a href="#[7e]">&gt;&gt;</a>&nbsp;&nbsp;&nbsp;vli_modInv_update
<LI><a href="#[60]">&gt;&gt;</a>&nbsp;&nbsp;&nbsp;vli_mmod_fast_secp256r1
<LI><a href="#[5e]">&gt;&gt;</a>&nbsp;&nbsp;&nbsp;double_jacobian_default
<LI><a href="#[6b]">&gt;&gt;</a>&nbsp;&nbsp;&nbsp;uECC_vli_modSub
<LI><a href="#[76]">&gt;&gt;</a>&nbsp;&nbsp;&nbsp;uECC_vli_modAdd
</UL>

<P><STRONG><a name="[74]"></a>uECC_vli_sub</STRONG> (Thumb, 94 bytes, Stack size 64 bytes, uECC.c.o(.text.uECC_vli_sub))
<BR><BR>[Stack]<UL><LI>Max Depth = 64<LI>Call Chain = uECC_vli_sub
</UL>
<BR>[Called By]<UL><LI><a href="#[79]">&gt;&gt;</a>&nbsp;&nbsp;&nbsp;uECC_verify
<LI><a href="#[7a]">&gt;&gt;</a>&nbsp;&nbsp;&nbsp;uECC_vli_modInv
<LI><a href="#[70]">&gt;&gt;</a>&nbsp;&nbsp;&nbsp;bits2int
<LI><a href="#[60]">&gt;&gt;</a>&nbsp;&nbsp;&nbsp;vli_mmod_fast_secp256r1
<LI><a href="#[6b]">&gt;&gt;</a>&nbsp;&nbsp;&nbsp;uECC_vli_modSub
<LI><a href="#[76]">&gt;&gt;</a>&nbsp;&nbsp;&nbsp;uECC_vli_modAdd
</UL>

<P><STRONG><a name="[7f]"></a>uECC_vli_mult</STRONG> (Thumb, 786 bytes, Stack size 144 bytes, uECC.c.o(.text.uECC_vli_mult))
<BR><BR>[Stack]<UL><LI>Max Depth = 144<LI>Call Chain = uECC_vli_mult
</UL>
<BR>[Called By]<UL><LI><a href="#[6d]">&gt;&gt;</a>&nbsp;&nbsp;&nbsp;uECC_vli_modMult_fast
<LI><a href="#[7b]">&gt;&gt;</a>&nbsp;&nbsp;&nbsp;uECC_vli_modMult
</UL>

<P><STRONG><a name="[71]"></a>uECC_vli_clear</STRONG> (Thumb, 22 bytes, Stack size 32 bytes, uECC.c.o(.text.uECC_vli_clear))
<BR><BR>[Stack]<UL><LI>Max Depth = 32<LI>Call Chain = uECC_vli_clear
</UL>
<BR>[Called By]<UL><LI><a href="#[79]">&gt;&gt;</a>&nbsp;&nbsp;&nbsp;uECC_verify
<LI><a href="#[7a]">&gt;&gt;</a>&nbsp;&nbsp;&nbsp;uECC_vli_modInv
<LI><a href="#[70]">&gt;&gt;</a>&nbsp;&nbsp;&nbsp;bits2int
<LI><a href="#[7b]">&gt;&gt;</a>&nbsp;&nbsp;&nbsp;uECC_vli_modMult
</UL>

<P><STRONG><a name="[75]"></a>uECC_vli_isZero</STRONG> (Thumb, 30 bytes, Stack size 32 bytes, uECC.c.o(.text.uECC_vli_isZero))
<BR><BR>[Stack]<UL><LI>Max Depth = 32<LI>Call Chain = uECC_vli_isZero
</UL>
<BR>[Called By]<UL><LI><a href="#[79]">&gt;&gt;</a>&nbsp;&nbsp;&nbsp;uECC_verify
<LI><a href="#[7a]">&gt;&gt;</a>&nbsp;&nbsp;&nbsp;uECC_vli_modInv
<LI><a href="#[5e]">&gt;&gt;</a>&nbsp;&nbsp;&nbsp;double_jacobian_default
</UL>

<P><STRONG><a name="[7d]"></a>uECC_vli_testBit</STRONG> (Thumb, 20 bytes, Stack size 0 bytes, uECC.c.o(.text.uECC_vli_testBit))
<BR><BR>[Called By]<UL><LI><a href="#[79]">&gt;&gt;</a>&nbsp;&nbsp;&nbsp;uECC_verify
</UL>

<P><STRONG><a name="[7c]"></a>uECC_vli_numBits</STRONG> (Thumb, 62 bytes, Stack size 0 bytes, uECC.c.o(.text.uECC_vli_numBits))
<BR><BR>[Called By]<UL><LI><a href="#[79]">&gt;&gt;</a>&nbsp;&nbsp;&nbsp;uECC_verify
<LI><a href="#[7b]">&gt;&gt;</a>&nbsp;&nbsp;&nbsp;uECC_vli_modMult
</UL>

<P><STRONG><a name="[6e]"></a>uECC_vli_set</STRONG> (Thumb, 24 bytes, Stack size 32 bytes, uECC.c.o(.text.uECC_vli_set))
<BR><BR>[Stack]<UL><LI>Max Depth = 32<LI>Call Chain = uECC_vli_set
</UL>
<BR>[Called By]<UL><LI><a href="#[79]">&gt;&gt;</a>&nbsp;&nbsp;&nbsp;uECC_verify
<LI><a href="#[7a]">&gt;&gt;</a>&nbsp;&nbsp;&nbsp;uECC_vli_modInv
<LI><a href="#[6a]">&gt;&gt;</a>&nbsp;&nbsp;&nbsp;XYcZ_add
<LI><a href="#[60]">&gt;&gt;</a>&nbsp;&nbsp;&nbsp;vli_mmod_fast_secp256r1
<LI><a href="#[5e]">&gt;&gt;</a>&nbsp;&nbsp;&nbsp;double_jacobian_default
<LI><a href="#[7b]">&gt;&gt;</a>&nbsp;&nbsp;&nbsp;uECC_vli_modMult
</UL>

<P><STRONG><a name="[73]"></a>uECC_vli_cmp_unsafe</STRONG> (Thumb, 42 bytes, Stack size 32 bytes, uECC.c.o(.text.uECC_vli_cmp_unsafe))
<BR><BR>[Stack]<UL><LI>Max Depth = 32<LI>Call Chain = uECC_vli_cmp_unsafe
</UL>
<BR>[Called By]<UL><LI><a href="#[79]">&gt;&gt;</a>&nbsp;&nbsp;&nbsp;uECC_verify
<LI><a href="#[7a]">&gt;&gt;</a>&nbsp;&nbsp;&nbsp;uECC_vli_modInv
<LI><a href="#[70]">&gt;&gt;</a>&nbsp;&nbsp;&nbsp;bits2int
<LI><a href="#[60]">&gt;&gt;</a>&nbsp;&nbsp;&nbsp;vli_mmod_fast_secp256r1
<LI><a href="#[76]">&gt;&gt;</a>&nbsp;&nbsp;&nbsp;uECC_vli_modAdd
</UL>

<P><STRONG><a name="[78]"></a>uECC_vli_rshift1</STRONG> (Thumb, 26 bytes, Stack size 0 bytes, uECC.c.o(.text.uECC_vli_rshift1))
<BR><BR>[Called By]<UL><LI><a href="#[7a]">&gt;&gt;</a>&nbsp;&nbsp;&nbsp;uECC_vli_modInv
<LI><a href="#[7e]">&gt;&gt;</a>&nbsp;&nbsp;&nbsp;vli_modInv_update
<LI><a href="#[5e]">&gt;&gt;</a>&nbsp;&nbsp;&nbsp;double_jacobian_default
<LI><a href="#[7b]">&gt;&gt;</a>&nbsp;&nbsp;&nbsp;uECC_vli_modMult
</UL>

<P><STRONG><a name="[76]"></a>uECC_vli_modAdd</STRONG> (Thumb, 50 bytes, Stack size 64 bytes, uECC.c.o(.text.uECC_vli_modAdd))
<BR><BR>[Stack]<UL><LI>Max Depth = 128<LI>Call Chain = uECC_vli_modAdd &rArr; uECC_vli_sub
</UL>
<BR>[Calls]<UL><LI><a href="#[73]">&gt;&gt;</a>&nbsp;&nbsp;&nbsp;uECC_vli_cmp_unsafe
<LI><a href="#[74]">&gt;&gt;</a>&nbsp;&nbsp;&nbsp;uECC_vli_sub
<LI><a href="#[77]">&gt;&gt;</a>&nbsp;&nbsp;&nbsp;uECC_vli_add
</UL>
<BR>[Called By]<UL><LI><a href="#[5f]">&gt;&gt;</a>&nbsp;&nbsp;&nbsp;x_side_default
<LI><a href="#[5e]">&gt;&gt;</a>&nbsp;&nbsp;&nbsp;double_jacobian_default
</UL>

<P><STRONG><a name="[6b]"></a>uECC_vli_modSub</STRONG> (Thumb, 36 bytes, Stack size 64 bytes, uECC.c.o(.text.uECC_vli_modSub))
<BR><BR>[Stack]<UL><LI>Max Depth = 128<LI>Call Chain = uECC_vli_modSub &rArr; uECC_vli_sub
</UL>
<BR>[Calls]<UL><LI><a href="#[74]">&gt;&gt;</a>&nbsp;&nbsp;&nbsp;uECC_vli_sub
<LI><a href="#[77]">&gt;&gt;</a>&nbsp;&nbsp;&nbsp;uECC_vli_add
</UL>
<BR>[Called By]<UL><LI><a href="#[79]">&gt;&gt;</a>&nbsp;&nbsp;&nbsp;uECC_verify
<LI><a href="#[6a]">&gt;&gt;</a>&nbsp;&nbsp;&nbsp;XYcZ_add
<LI><a href="#[5f]">&gt;&gt;</a>&nbsp;&nbsp;&nbsp;x_side_default
<LI><a href="#[5e]">&gt;&gt;</a>&nbsp;&nbsp;&nbsp;double_jacobian_default
</UL>

<P><STRONG><a name="[7b]"></a>uECC_vli_modMult</STRONG> (Thumb, 320 bytes, Stack size 992 bytes, uECC.c.o(.text.uECC_vli_modMult))
<BR><BR>[Stack]<UL><LI>Max Depth = 1136<LI>Call Chain = uECC_vli_modMult &rArr; uECC_vli_mult
</UL>
<BR>[Calls]<UL><LI><a href="#[78]">&gt;&gt;</a>&nbsp;&nbsp;&nbsp;uECC_vli_rshift1
<LI><a href="#[6e]">&gt;&gt;</a>&nbsp;&nbsp;&nbsp;uECC_vli_set
<LI><a href="#[7c]">&gt;&gt;</a>&nbsp;&nbsp;&nbsp;uECC_vli_numBits
<LI><a href="#[71]">&gt;&gt;</a>&nbsp;&nbsp;&nbsp;uECC_vli_clear
<LI><a href="#[7f]">&gt;&gt;</a>&nbsp;&nbsp;&nbsp;uECC_vli_mult
</UL>
<BR>[Called By]<UL><LI><a href="#[79]">&gt;&gt;</a>&nbsp;&nbsp;&nbsp;uECC_verify
</UL>

<P><STRONG><a name="[6d]"></a>uECC_vli_modMult_fast</STRONG> (Thumb, 32 bytes, Stack size 320 bytes, uECC.c.o(.text.uECC_vli_modMult_fast))
<BR><BR>[Stack]<UL><LI>Max Depth = 464<LI>Call Chain = uECC_vli_modMult_fast &rArr; uECC_vli_mult
</UL>
<BR>[Calls]<UL><LI><a href="#[7f]">&gt;&gt;</a>&nbsp;&nbsp;&nbsp;uECC_vli_mult
</UL>
<BR>[Called By]<UL><LI><a href="#[79]">&gt;&gt;</a>&nbsp;&nbsp;&nbsp;uECC_verify
<LI><a href="#[6a]">&gt;&gt;</a>&nbsp;&nbsp;&nbsp;XYcZ_add
<LI><a href="#[6f]">&gt;&gt;</a>&nbsp;&nbsp;&nbsp;apply_z
<LI><a href="#[5f]">&gt;&gt;</a>&nbsp;&nbsp;&nbsp;x_side_default
<LI><a href="#[5e]">&gt;&gt;</a>&nbsp;&nbsp;&nbsp;double_jacobian_default
<LI><a href="#[6c]">&gt;&gt;</a>&nbsp;&nbsp;&nbsp;uECC_vli_modSquare_fast
</UL>

<P><STRONG><a name="[6c]"></a>uECC_vli_modSquare_fast</STRONG> (Thumb, 8 bytes, Stack size 0 bytes, uECC.c.o(.text.uECC_vli_modSquare_fast))
<BR><BR>[Stack]<UL><LI>Max Depth = 464<LI>Call Chain = uECC_vli_modSquare_fast &rArr; uECC_vli_modMult_fast &rArr; uECC_vli_mult
</UL>
<BR>[Calls]<UL><LI><a href="#[6d]">&gt;&gt;</a>&nbsp;&nbsp;&nbsp;uECC_vli_modMult_fast
</UL>
<BR>[Called By]<UL><LI><a href="#[6a]">&gt;&gt;</a>&nbsp;&nbsp;&nbsp;XYcZ_add
<LI><a href="#[6f]">&gt;&gt;</a>&nbsp;&nbsp;&nbsp;apply_z
<LI><a href="#[5f]">&gt;&gt;</a>&nbsp;&nbsp;&nbsp;x_side_default
<LI><a href="#[5e]">&gt;&gt;</a>&nbsp;&nbsp;&nbsp;double_jacobian_default
</UL>

<P><STRONG><a name="[5e]"></a>double_jacobian_default</STRONG> (Thumb, 338 bytes, Stack size 416 bytes, uECC.c.o(.text.double_jacobian_default))
<BR><BR>[Stack]<UL><LI>Max Depth = 880<LI>Call Chain = double_jacobian_default &rArr; uECC_vli_modSquare_fast &rArr; uECC_vli_modMult_fast &rArr; uECC_vli_mult
</UL>
<BR>[Calls]<UL><LI><a href="#[6c]">&gt;&gt;</a>&nbsp;&nbsp;&nbsp;uECC_vli_modSquare_fast
<LI><a href="#[6d]">&gt;&gt;</a>&nbsp;&nbsp;&nbsp;uECC_vli_modMult_fast
<LI><a href="#[6b]">&gt;&gt;</a>&nbsp;&nbsp;&nbsp;uECC_vli_modSub
<LI><a href="#[76]">&gt;&gt;</a>&nbsp;&nbsp;&nbsp;uECC_vli_modAdd
<LI><a href="#[78]">&gt;&gt;</a>&nbsp;&nbsp;&nbsp;uECC_vli_rshift1
<LI><a href="#[6e]">&gt;&gt;</a>&nbsp;&nbsp;&nbsp;uECC_vli_set
<LI><a href="#[75]">&gt;&gt;</a>&nbsp;&nbsp;&nbsp;uECC_vli_isZero
<LI><a href="#[77]">&gt;&gt;</a>&nbsp;&nbsp;&nbsp;uECC_vli_add
</UL>
<BR>[Address Reference Count : 1]<UL><LI> uECC.c.o(.rodata.curve_secp256r1)
</UL>
<P><STRONG><a name="[5f]"></a>x_side_default</STRONG> (Thumb, 98 bytes, Stack size 288 bytes, uECC.c.o(.text.x_side_default))
<BR><BR>[Stack]<UL><LI>Max Depth = 752<LI>Call Chain = x_side_default &rArr; uECC_vli_modSquare_fast &rArr; uECC_vli_modMult_fast &rArr; uECC_vli_mult
</UL>
<BR>[Calls]<UL><LI><a href="#[68]">&gt;&gt;</a>&nbsp;&nbsp;&nbsp;memset
<LI><a href="#[6c]">&gt;&gt;</a>&nbsp;&nbsp;&nbsp;uECC_vli_modSquare_fast
<LI><a href="#[6d]">&gt;&gt;</a>&nbsp;&nbsp;&nbsp;uECC_vli_modMult_fast
<LI><a href="#[6b]">&gt;&gt;</a>&nbsp;&nbsp;&nbsp;uECC_vli_modSub
<LI><a href="#[76]">&gt;&gt;</a>&nbsp;&nbsp;&nbsp;uECC_vli_modAdd
</UL>
<BR>[Address Reference Count : 1]<UL><LI> uECC.c.o(.rodata.curve_secp256r1)
</UL>
<P><STRONG><a name="[60]"></a>vli_mmod_fast_secp256r1</STRONG> (Thumb, 428 bytes, Stack size 224 bytes, uECC.c.o(.text.vli_mmod_fast_secp256r1))
<BR><BR>[Stack]<UL><LI>Max Depth = 288<LI>Call Chain = vli_mmod_fast_secp256r1 &rArr; uECC_vli_sub
</UL>
<BR>[Calls]<UL><LI><a href="#[73]">&gt;&gt;</a>&nbsp;&nbsp;&nbsp;uECC_vli_cmp_unsafe
<LI><a href="#[6e]">&gt;&gt;</a>&nbsp;&nbsp;&nbsp;uECC_vli_set
<LI><a href="#[74]">&gt;&gt;</a>&nbsp;&nbsp;&nbsp;uECC_vli_sub
<LI><a href="#[77]">&gt;&gt;</a>&nbsp;&nbsp;&nbsp;uECC_vli_add
</UL>
<BR>[Address Reference Count : 1]<UL><LI> uECC.c.o(.rodata.curve_secp256r1)
</UL>
<P><STRONG><a name="[6f]"></a>apply_z</STRONG> (Thumb, 62 bytes, Stack size 224 bytes, uECC.c.o(.text.apply_z))
<BR><BR>[Stack]<UL><LI>Max Depth = 688<LI>Call Chain = apply_z &rArr; uECC_vli_modSquare_fast &rArr; uECC_vli_modMult_fast &rArr; uECC_vli_mult
</UL>
<BR>[Calls]<UL><LI><a href="#[6c]">&gt;&gt;</a>&nbsp;&nbsp;&nbsp;uECC_vli_modSquare_fast
<LI><a href="#[6d]">&gt;&gt;</a>&nbsp;&nbsp;&nbsp;uECC_vli_modMult_fast
</UL>
<BR>[Called By]<UL><LI><a href="#[79]">&gt;&gt;</a>&nbsp;&nbsp;&nbsp;uECC_verify
</UL>

<P><STRONG><a name="[6a]"></a>XYcZ_add</STRONG> (Thumb, 202 bytes, Stack size 288 bytes, uECC.c.o(.text.XYcZ_add))
<BR><BR>[Stack]<UL><LI>Max Depth = 752<LI>Call Chain = XYcZ_add &rArr; uECC_vli_modSquare_fast &rArr; uECC_vli_modMult_fast &rArr; uECC_vli_mult
</UL>
<BR>[Calls]<UL><LI><a href="#[6c]">&gt;&gt;</a>&nbsp;&nbsp;&nbsp;uECC_vli_modSquare_fast
<LI><a href="#[6d]">&gt;&gt;</a>&nbsp;&nbsp;&nbsp;uECC_vli_modMult_fast
<LI><a href="#[6b]">&gt;&gt;</a>&nbsp;&nbsp;&nbsp;uECC_vli_modSub
<LI><a href="#[6e]">&gt;&gt;</a>&nbsp;&nbsp;&nbsp;uECC_vli_set
</UL>
<BR>[Called By]<UL><LI><a href="#[79]">&gt;&gt;</a>&nbsp;&nbsp;&nbsp;uECC_verify
</UL>

<P><STRONG><a name="[70]"></a>bits2int</STRONG> (Thumb, 134 bytes, Stack size 128 bytes, uECC.c.o(.text.bits2int))
<BR><BR>[Stack]<UL><LI>Max Depth = 192<LI>Call Chain = bits2int &rArr; uECC_vli_sub
</UL>
<BR>[Calls]<UL><LI><a href="#[73]">&gt;&gt;</a>&nbsp;&nbsp;&nbsp;uECC_vli_cmp_unsafe
<LI><a href="#[71]">&gt;&gt;</a>&nbsp;&nbsp;&nbsp;uECC_vli_clear
<LI><a href="#[74]">&gt;&gt;</a>&nbsp;&nbsp;&nbsp;uECC_vli_sub
<LI><a href="#[72]">&gt;&gt;</a>&nbsp;&nbsp;&nbsp;bcopy
</UL>
<BR>[Called By]<UL><LI><a href="#[79]">&gt;&gt;</a>&nbsp;&nbsp;&nbsp;uECC_verify
</UL>

<P><STRONG><a name="[7e]"></a>vli_modInv_update</STRONG> (Thumb, 56 bytes, Stack size 64 bytes, uECC.c.o(.text.vli_modInv_update))
<BR><BR>[Stack]<UL><LI>Max Depth = 128<LI>Call Chain = vli_modInv_update &rArr; uECC_vli_add
</UL>
<BR>[Calls]<UL><LI><a href="#[78]">&gt;&gt;</a>&nbsp;&nbsp;&nbsp;uECC_vli_rshift1
<LI><a href="#[77]">&gt;&gt;</a>&nbsp;&nbsp;&nbsp;uECC_vli_add
</UL>
<BR>[Called By]<UL><LI><a href="#[7a]">&gt;&gt;</a>&nbsp;&nbsp;&nbsp;uECC_vli_modInv
</UL>

<P><STRONG><a name="[7a]"></a>uECC_vli_modInv</STRONG> (Thumb, 262 bytes, Stack size 608 bytes, uECC.c.o(.text.uECC_vli_modInv))
<BR><BR>[Stack]<UL><LI>Max Depth = 736<LI>Call Chain = uECC_vli_modInv &rArr; vli_modInv_update &rArr; uECC_vli_add
</UL>
<BR>[Calls]<UL><LI><a href="#[7e]">&gt;&gt;</a>&nbsp;&nbsp;&nbsp;vli_modInv_update
<LI><a href="#[78]">&gt;&gt;</a>&nbsp;&nbsp;&nbsp;uECC_vli_rshift1
<LI><a href="#[73]">&gt;&gt;</a>&nbsp;&nbsp;&nbsp;uECC_vli_cmp_unsafe
<LI><a href="#[6e]">&gt;&gt;</a>&nbsp;&nbsp;&nbsp;uECC_vli_set
<LI><a href="#[75]">&gt;&gt;</a>&nbsp;&nbsp;&nbsp;uECC_vli_isZero
<LI><a href="#[71]">&gt;&gt;</a>&nbsp;&nbsp;&nbsp;uECC_vli_clear
<LI><a href="#[74]">&gt;&gt;</a>&nbsp;&nbsp;&nbsp;uECC_vli_sub
<LI><a href="#[77]">&gt;&gt;</a>&nbsp;&nbsp;&nbsp;uECC_vli_add
</UL>
<BR>[Called By]<UL><LI><a href="#[79]">&gt;&gt;</a>&nbsp;&nbsp;&nbsp;uECC_verify
</UL>
<P>
<H3>
Undefined Global Symbols
</H3><HR></body></html>
